Component: ARM Compiler 5.06 update 4 (build 422) Tool: armlink [4d35d2]

==============================================================================

Section Cross References

    main.o(.text) refers to delay.o(.text) for delay_ms
    main.o(.text) refers to usart1.o(.text) for USART1_Configuration
    bsp.o(.text) refers to misc.o(.text) for NVIC_PriorityGroupConfig
    bsp.o(.text) refers to gun.o(.text) for PWM_Configuration
    bsp.o(.text) refers to laser.o(.text) for Laser_Configuration
    bsp.o(.text) refers to timer.o(.text) for TIM2_Configuration
    bsp.o(.text) refers to can1.o(.text) for CAN1_Configuration
    bsp.o(.text) refers to can2.o(.text) for CAN2_Configuration
    bsp.o(.text) refers to usart1.o(.text) for USART1_Configuration
    bsp.o(.text) refers to usart3.o(.text) for USART3_Configuration
    bsp.o(.text) refers to supertruck.o(.text) for super_Configuration
    led.o(.text) refers to stm32f4xx_rcc.o(.text) for RCC_AHB1PeriphClockCmd
    led.o(.text) refers to stm32f4xx_gpio.o(.text) for GPIO_Init
    can1.o(.text) refers to stm32f4xx_can.o(.text) for CAN_Transmit
    can1.o(.text) refers to canbustask.o(.text) for CanReceiveMsgProcess
    can2.o(.text) refers to stm32f4xx_can.o(.text) for CAN_GetITStatus
    can2.o(.text) refers to canbustask.o(.text) for CanReceiveMsgProcess
    exti.o(.text) refers to stm32f4xx_rcc.o(.text) for RCC_APB2PeriphClockCmd
    exti.o(.text) refers to stm32f4xx_gpio.o(.text) for GPIO_Init
    exti.o(.text) refers to stm32f4xx_syscfg.o(.text) for SYSCFG_EXTILineConfig
    exti.o(.text) refers to stm32f4xx_exti.o(.text) for EXTI_Init
    exti.o(.text) refers to misc.o(.text) for NVIC_Init
    laser.o(.text) refers to stm32f4xx_rcc.o(.text) for RCC_AHB1PeriphClockCmd
    laser.o(.text) refers to stm32f4xx_gpio.o(.text) for GPIO_Init
    timer.o(.text) refers to stm32f4xx_rcc.o(.text) for RCC_APB2PeriphClockCmd
    timer.o(.text) refers to stm32f4xx_tim.o(.text) for TIM_ARRPreloadConfig
    timer.o(.text) refers to misc.o(.text) for NVIC_Init
    timer.o(.text) refers to stm32f4xx_gpio.o(.text) for GPIO_ToggleBits
    timer.o(.text) refers to controltask.o(.text) for Control_Task
    usart1.o(.text) refers to fifo.o(.text) for FIFO_Init
    usart1.o(.text) refers to stm32f4xx_rcc.o(.text) for RCC_AHB1PeriphClockCmd
    usart1.o(.text) refers to stm32f4xx_gpio.o(.text) for GPIO_PinAFConfig
    usart1.o(.text) refers to stm32f4xx_usart.o(.text) for USART_DeInit
    usart1.o(.text) refers to stm32f4xx_dma.o(.text) for DMA_DeInit
    usart1.o(.text) refers to misc.o(.text) for NVIC_Init
    usart1.o(.text) refers to remotetask.o(.text) for RemoteDataPrcess
    usart1.o(.text) refers to usart1.o(.bss) for _USART1_RX_BUF
    usart1.o(.text) refers to usart1.o(.data) for this_time_rx_len
    usart3.o(.text) refers to fifo.o(.text) for FIFO_S_Put
    usart3.o(.text) refers to stm32f4xx_usart.o(.text) for USART_ITConfig
    usart3.o(.text) refers to usart3.o(.data) for UART_TranFifo
    encoder.o(.text) refers to stm32f4xx_rcc.o(.text) for RCC_AHB1PeriphClockCmd
    encoder.o(.text) refers to stm32f4xx_gpio.o(.text) for GPIO_Init
    encoder.o(.text) refers to stm32f4xx_tim.o(.text) for TIM_EncoderInterfaceConfig
    encoder.o(.text) refers to encoder.o(.data) for Encoder_Dir
    bsp_flash.o(.text) refers to stm32f4xx_flash.o(.text) for FLASH_Unlock
    supertruck.o(.text) refers to stm32f4xx_rcc.o(.text) for RCC_AHB1PeriphClockCmd
    supertruck.o(.text) refers to stm32f4xx_gpio.o(.text) for GPIO_Init
    startup_stm32f4xx.o(RESET) refers to startup_stm32f4xx.o(STACK) for __initial_sp
    startup_stm32f4xx.o(RESET) refers to startup_stm32f4xx.o(.text) for Reset_Handler
    startup_stm32f4xx.o(RESET) refers to stm32f4xx_it.o(.text) for NMI_Handler
    startup_stm32f4xx.o(RESET) refers to exti.o(.text) for EXTI0_IRQHandler
    startup_stm32f4xx.o(RESET) refers to can1.o(.text) for CAN1_TX_IRQHandler
    startup_stm32f4xx.o(RESET) refers to timer.o(.text) for TIM2_IRQHandler
    startup_stm32f4xx.o(RESET) refers to usart1.o(.text) for USART1_IRQHandler
    startup_stm32f4xx.o(RESET) refers to usart3.o(.text) for USART3_IRQHandler
    startup_stm32f4xx.o(RESET) refers to can2.o(.text) for CAN2_TX_IRQHandler
    startup_stm32f4xx.o(.text) refers to system_stm32f4xx.o(.text) for SystemInit
    startup_stm32f4xx.o(.text) refers to entry.o(.ARM.Collect$$$$00000000) for __main
    stm32f4xx_adc.o(.text) refers to stm32f4xx_rcc.o(.text) for RCC_APB2PeriphResetCmd
    stm32f4xx_can.o(.text) refers to stm32f4xx_rcc.o(.text) for RCC_APB1PeriphResetCmd
    stm32f4xx_dac.o(.text) refers to stm32f4xx_rcc.o(.text) for RCC_APB1PeriphResetCmd
    stm32f4xx_gpio.o(.text) refers to stm32f4xx_rcc.o(.text) for RCC_AHB1PeriphResetCmd
    stm32f4xx_pwr.o(.text) refers to stm32f4xx_rcc.o(.text) for RCC_APB1PeriphResetCmd
    stm32f4xx_rcc.o(.text) refers to stm32f4xx_rcc.o(.data) for APBAHBPrescTable
[...]
    dadd.o(.text) refers (Special) to iusefp.o(.text) for __I$use$fp
    dadd.o(.text) refers to llshl.o(.text) for __aeabi_llsl
    dadd.o(.text) refers to llsshr.o(.text) for __aeabi_lasr
    dadd.o(.text) refers to depilogue.o(.text) for _double_epilogue
    dmul.o(.text) refers (Special) to iusefp.o(.text) for __I$use$fp
    dmul.o(.text) refers to depilogue.o(.text) for _double_epilogue
    dflti.o(.text) refers (Special) to iusefp.o(.text) for __I$use$fp
    dflti.o(.text) refers to depilogue.o(.text) for _double_epilogue
    dfltui.o(.text) refers (Special) to iusefp.o(.text) for __I$use$fp
    dfltui.o(.text) refers to depilogue.o(.text) for _double_epilogue
    dfixi.o(.text) refers (Special) to iusefp.o(.text) for __I$use$fp
    dfixi.o(.text) refers to llushr.o(.text) for __aeabi_llsr
    dfixui.o(.text) refers (Special) to iusefp.o(.text) for __I$use$fp
    dfixui.o(.text) refers to llushr.o(.text) for __aeabi_llsr
    f2d.o(.text) refers (Special) to iusefp.o(.text) for __I$use$fp
    cdcmple.o(.text) refers (Special) to iusefp.o(.text) for __I$use$fp
    cdrcmple.o(.text) refers (Special) to iusefp.o(.text) for __I$use$fp
    d2f.o(.text) refers (Special) to iusefp.o(.text) for __I$use$fp
    d2f.o(.text) refers to fepilogue.o(.text) for _float_round
    entry2.o(.ARM.Collect$$$$00000001) refers to entry2.o(.ARM.Collect$$$$00002712) for __lit__00000000
    entry2.o(.ARM.Collect$$$$00002712) refers to startup_stm32f4xx.o(STACK) for __initial_sp
    entry2.o(__vectab_stack_and_reset_area) refers to startup_stm32f4xx.o(STACK) for __initial_sp
    entry2.o(__vectab_stack_and_reset_area) refers to entry.o(.ARM.Collect$$$$00000000) for __main
    entry5.o(.ARM.Collect$$$$00000004) refers to init.o(.text) for __scatterload
    entry9a.o(.ARM.Collect$$$$0000000B) refers to main.o(.text) for main
    entry9b.o(.ARM.Collect$$$$0000000C) refers to main.o(.text) for main
    depilogue.o(.text) refers to llshl.o(.text) for __aeabi_llsl
    depilogue.o(.text) refers to llushr.o(.text) for __aeabi_llsr
    init.o(.text) refers to entry5.o(.ARM.Collect$$$$00000004) for __main_after_scatterload


==============================================================================

Removing Unused input sections from the image.

    Removing main.o(.rev16_text), (4 bytes).
    Removing main.o(.revsh_text), (4 bytes).
    Removing main.o(.rrx_text), (6 bytes).
    Removing main.o(.data), (12 bytes).
    Removing bsp.o(.rev16_text), (4 bytes).
    Removing bsp.o(.revsh_text), (4 bytes).
    Removing bsp.o(.rrx_text), (6 bytes).
    Removing bsp.o(.text), (60 bytes).
    Removing led.o(.rev16_text), (4 bytes).
    Removing led.o(.revsh_text), (4 bytes).
    Removing led.o(.rrx_text), (6 bytes).
    Removing led.o(.text), (64 bytes).
    Removing gun.o(.rev16_text), (4 bytes).
    Removing gun.o(.revsh_text), (4 bytes).
    Removing gun.o(.rrx_text), (6 bytes).
    Removing gun.o(.text), (2 bytes).
    Removing can1.o(.rev16_text), (4 bytes).
    Removing can1.o(.revsh_text), (4 bytes).
    Removing can1.o(.rrx_text), (6 bytes).
    Removing can2.o(.rev16_text), (4 bytes).
    Removing can2.o(.revsh_text), (4 bytes).
    Removing can2.o(.rrx_text), (6 bytes).
    Removing can2.o(.data), (4 bytes).
    Removing delay.o(.rev16_text), (4 bytes).
    Removing delay.o(.revsh_text), (4 bytes).
    Removing delay.o(.rrx_text), (6 bytes).
    Removing exti.o(.rev16_text), (4 bytes).
    Removing exti.o(.revsh_text), (4 bytes).
    Removing exti.o(.rrx_text), (6 bytes).
    Removing laser.o(.rev16_text), (4 bytes).
    Removing laser.o(.revsh_text), (4 bytes).
    Removing laser.o(.rrx_text), (6 bytes).
    Removing laser.o(.text), (52 bytes).
    Removing timer.o(.rev16_text), (4 bytes).
    Removing timer.o(.revsh_text), (4 bytes).
    Removing timer.o(.rrx_text), (6 bytes).
    Removing timer.o(.data), (4 bytes).
    Removing usart1.o(.rev16_text), (4 bytes).
    Removing usart1.o(.revsh_text), (4 bytes).
    Removing usart1.o(.rrx_text), (6 bytes).
    Removing usart3.o(.rev16_text), (4 bytes).
    Removing usart3.o(.revsh_text), (4 bytes).
    Removing usart3.o(.rrx_text), (6 bytes).
    Removing usart3.o(.bss), (256 bytes).
    Removing encoder.o(.rev16_text), (4 bytes).
    Removing encoder.o(.revsh_text), (4 bytes).
    Removing encoder.o(.rrx_text), (6 bytes).
    Removing encoder.o(.text), (156 bytes).
    Removing encoder.o(.data), (1 bytes).
    Removing bsp_flash.o(.rev16_text), (4 bytes).
    Removing bsp_flash.o(.revsh_text), (4 bytes).
    Removing bsp_flash.o(.rrx_text), (6 bytes).
    Removing bsp_flash.o(.text), (372 bytes).
    Removing supertruck.o(.rev16_text), (4 bytes).
    Removing supertruck.o(.revsh_text), (4 bytes).
    Removing supertruck.o(.rrx_text), (6 bytes).
    Removing supertruck.o(.text), (128 bytes).
    Removing misc.o(.rev16_text), (4 bytes).
    Removing misc.o(.revsh_text), (4 bytes).
    Removing misc.o(.rrx_text), (6 bytes).
    Removing stm32f4xx_adc.o(.rev16_text), (4 bytes).
    Removing stm32f4xx_adc.o(.revsh_text), (4 bytes).
    Removing stm32f4xx_adc.o(.rrx_text), (6 bytes).
    Removing stm32f4xx_adc.o(.text), (1124 bytes).
    Removing stm32f4xx_can.o(.rev16_text), (4 bytes).
    Removing stm32f4xx_can.o(.revsh_text), (4 bytes).
    Removing stm32f4xx_can.o(.rrx_text), (6 bytes).
    Removing stm32f4xx_crc.o(.rev16_text), (4 bytes).
    Removing stm32f4xx_crc.o(.revsh_text), (4 bytes).
    Removing stm32f4xx_crc.o(.rrx_text), (6 bytes).
    Removing stm32f4xx_crc.o(.text), (72 bytes).
    Removing stm32f4xx_dac.o(.rev16_text), (4 bytes).
    Removing stm32f4xx_dac.o(.revsh_text), (4 bytes).
    Removing stm32f4xx_dac.o(.rrx_text), (6 bytes).
    Removing stm32f4xx_dac.o(.text), (528 bytes).
    Removing stm32f4xx_dma.o(.rev16_text), (4 bytes).
    Removing stm32f4xx_dma.o(.revsh_text), (4 bytes).
    Removing stm32f4xx_dma.o(.rrx_text), (6 bytes).
    Removing stm32f4xx_exti.o(.rev16_text), (4 bytes).
    Removing stm32f4xx_exti.o(.revsh_text), (4 bytes).
    Removing stm32f4xx_exti.o(.rrx_text), (6 bytes).
    Removing stm32f4xx_flash.o(.rev16_text), (4 bytes).
    Removing stm32f4xx_flash.o(.revsh_text), (4 bytes).
    Removing stm32f4xx_flash.o(.rrx_text), (6 bytes).
    Removing stm32f4xx_flash.o(.text), (1212 bytes).
    Removing stm32f4xx_gpio.o(.rev16_text), (4 bytes).
    Removing stm32f4xx_gpio.o(.revsh_text), (4 bytes).
    Removing stm32f4xx_gpio.o(.rrx_text), (6 bytes).
    Removing stm32f4xx_pwr.o(.rev16_text), (4 bytes).
    Removing stm32f4xx_pwr.o(.revsh_text), (4 bytes).
    Removing stm32f4xx_pwr.o(.rrx_text), (6 bytes).
    Removing stm32f4xx_pwr.o(.text), (248 bytes).
    Removing stm32f4xx_rcc.o(.rev16_text), (4 bytes).
    Removing stm32f4xx_rcc.o(.revsh_text), (4 bytes).
    Removing stm32f4xx_rcc.o(.rrx_text), (6 bytes).
    Removing stm32f4xx_spi.o(.rev16_text), (4 bytes).
    Removing stm32f4xx_spi.o(.revsh_text), (4 bytes).
    Removing stm32f4xx_spi.o(.rrx_text), (6 bytes).
    Removing stm32f4xx_spi.o(.text), (1016 bytes).
    Removing stm32f4xx_syscfg.o(.rev16_text), (4 bytes).
    Removing stm32f4xx_syscfg.o(.revsh_text), (4 bytes).
    Removing stm32f4xx_syscfg.o(.rrx_text), (6 bytes).
    Removing stm32f4xx_tim.o(.rev16_text), (4 bytes).
    Removing stm32f4xx_tim.o(.revsh_text), (4 bytes).
    Removing stm32f4xx_tim.o(.rrx_text), (6 bytes).
    Removing stm32f4xx_usart.o(.rev16_text), (4 bytes).
    Removing stm32f4xx_usart.o(.revsh_text), (4 bytes).
    Removing stm32f4xx_usart.o(.rrx_text), (6 bytes).
    Removing system_stm32f4xx.o(.rev16_text), (4 bytes).
    Removing system_stm32f4xx.o(.revsh_text), (4 bytes).
    Removing system_stm32f4xx.o(.rrx_text), (6 bytes).
    Removing stm32f4xx_i2c.o(.rev16_text), (4 bytes).
    Removing stm32f4xx_i2c.o(.revsh_text), (4 bytes).
    Removing stm32f4xx_i2c.o(.rrx_text), (6 bytes).
    Removing stm32f4xx_i2c.o(.text), (1064 bytes).
    Removing controltask.o(.rev16_text), (4 bytes).
    Removing controltask.o(.revsh_text), (4 bytes).
    Removing controltask.o(.rrx_text), (6 bytes).
    Removing remotetask.o(.rev16_text), (4 bytes).
    Removing remotetask.o(.revsh_text), (4 bytes).
    Removing remotetask.o(.rrx_text), (6 bytes).
    Removing canbustask.o(.rev16_text), (4 bytes).
    Removing canbustask.o(.revsh_text), (4 bytes).
    Removing canbustask.o(.rrx_text), (6 bytes).
    Removing fifo.o(.rev16_text), (4 bytes).
    Removing fifo.o(.revsh_text), (4 bytes).
    Removing fifo.o(.data), (4 bytes).
    Removing ramp.o(.rev16_text), (4 bytes).
    Removing ramp.o(.revsh_text), (4 bytes).
    Removing lostcounter.o(.rev16_text), (4 bytes).
    Removing lostcounter.o(.revsh_text), (4 bytes).
    Removing pid_regulator.o(.rev16_text), (4 bytes).
    Removing pid_regulator.o(.revsh_text), (4 bytes).

133 unused section(s) (total 6901 bytes) removed from the image.

==============================================================================

Image Symbol Table

    Local Symbols

    Symbol Name                              Value     Ov Type        Size  Object(Section)

    ../clib/../cmprslib/zerorunl2.c          0x00000000   Number         0  __dczerorl2.o ABSOLUTE
    ../clib/microlib/init/entry.s            0x00000000   Number         0  entry2.o ABSOLUTE
    ../clib/microlib/init/entry.s            0x00000000   Number         0  entry9a.o ABSOLUTE
    ../clib/microlib/init/entry.s            0x00000000   Number         0  entry5.o ABSOLUTE
    ../clib/microlib/init/entry.s            0x00000000   Number         0  entry7a.o ABSOLUTE
    ../clib/microlib/init/entry.s            0x00000000   Number         0  entry.o ABSOLUTE
    ../clib/microlib/init/entry.s            0x00000000   Number         0  entry7b.o ABSOLUTE
    ../clib/microlib/init/entry.s            0x00000000   Number         0  entry8a.o ABSOLUTE
    ../clib/microlib/init/entry.s            0x00000000   Number         0  entry8b.o ABSOLUTE
    ../clib/microlib/init/entry.s            0x00000000   Number         0  entry9b.o ABSOLUTE
    ../clib/microlib/init/entry.s            0x00000000   Number         0  entry10a.o ABSOLUTE
    ../clib/microlib/init/entry.s            0x00000000   Number         0  entry10b.o ABSOLUTE
    ../clib/microlib/init/entry.s            0x00000000   Number         0  entry11b.o ABSOLUTE
    ../clib/microlib/init/entry.s            0x00000000   Number         0  entry11a.o ABSOLUTE
    ../clib/microlib/longlong.c              0x00000000   Number         0  llushr.o ABSOLUTE
    ../clib/microlib/longlong.c              0x00000000   Number         0  llshl.o ABSOLUTE
    ../clib/microlib/longlong.c              0x00000000   Number         0  llsshr.o ABSOLUTE
    ../clib/microlib/malloc/malloc.c         0x00000000   Number         0  mallocra.o ABSOLUTE
    ../clib/microlib/malloc/malloc.c         0x00000000   Number         0  malloca.o ABSOLUTE
    ../clib/microlib/malloc/malloc.c         0x00000000   Number         0  mallocr.o ABSOLUTE
    ../clib/microlib/malloc/malloc.c         0x00000000   Number         0  malloc.o ABSOLUTE
    ../clib/microlib/malloc/mvars.c          0x00000000   Number         0  mvars.o ABSOLUTE
    ../clib/microlib/string/memcpy.c         0x00000000   Number         0  memcpya.o ABSOLUTE
    ../clib/microlib/string/memcpy.c         0x00000000   Number         0  memcpyb.o ABSOLUTE
    ../clib/microlib/stubs.s                 0x00000000   Number         0  iusefp.o ABSOLUTE
    ../fplib/microlib/d2f.c                  0x00000000   Number         0  d2f.o ABSOLUTE
    ../fplib/microlib/f2d.c                  0x00000000   Number         0  f2d.o ABSOLUTE
    ../fplib/microlib/fpadd.c                0x00000000   Number         0  dadd.o ABSOLUTE
    ../fplib/microlib/fpepilogue.c           0x00000000   Number         0  fepilogue.o ABSOLUTE
    ../fplib/microlib/fpepilogue.c           0x00000000   Number         0  depilogue.o ABSOLUTE
    ../fplib/microlib/fpfix.c                0x00000000   Number         0  dfixui.o ABSOLUTE
    ../fplib/microlib/fpfix.c                0x00000000   Number         0  dfixi.o ABSOLUTE
    ../fplib/microlib/fpflt.c                0x00000000   Number         0  dfltui.o ABSOLUTE
    ../fplib/microlib/fpflt.c                0x00000000   Number         0  dflti.o ABSOLUTE
    ../fplib/microlib/fpmul.c                0x00000000   Number         0  dmul.o ABSOLUTE
    ../mathlib/fabs.c                        0x00000000   Number         0  fabs.o ABSOLUTE
    APP\CanBusTask.c                         0x00000000   Number         0  canbustask.o ABSOLUTE
    APP\ControlTask.c                        0x00000000   Number         0  controltask.o ABSOLUTE
    APP\RemoteTask.c                         0x00000000   Number         0  remotetask.o ABSOLUTE
    APP\\CanBusTask.c                        0x00000000   Number         0  canbustask.o ABSOLUTE
    APP\\ControlTask.c                       0x00000000   Number         0  controltask.o ABSOLUTE
    APP\\RemoteTask.c                        0x00000000   Number         0  remotetask.o ABSOLUTE
    BSP\\bsp.c                               0x00000000   Number         0  bsp.o ABSOLUTE
    BSP\\bsp_flash.c                         0x00000000   Number         0  bsp_flash.o ABSOLUTE
    BSP\\can1.c                              0x00000000   Number         0  can1.o ABSOLUTE
    BSP\\can2.c                              0x00000000   Number         0  can2.o ABSOLUTE
    BSP\\delay.c                             0x00000000   Number         0  delay.o ABSOLUTE
    BSP\\encoder.c                           0x00000000   Number         0  encoder.o ABSOLUTE
    BSP\\exti.c                              0x00000000   Number         0  exti.o ABSOLUTE
    BSP\\gun.c                               0x00000000   Number         0  gun.o ABSOLUTE
    BSP\\laser.c                             0x00000000   Number         0  laser.o ABSOLUTE
    BSP\\led.c                               0x00000000   Number         0  led.o ABSOLUTE
    BSP\\superTruck.c                        0x00000000   Number         0  supertruck.o ABSOLUTE
    BSP\\timer.c                             0x00000000   Number         0  timer.o ABSOLUTE
    BSP\\usart1.c                            0x00000000   Number         0  usart1.o ABSOLUTE
    BSP\\usart3.c                            0x00000000   Number         0  usart3.o ABSOLUTE
    BSP\bsp.c                                0x00000000   Number         0  bsp.o ABSOLUTE
    BSP\bsp_flash.c                          0x00000000   Number         0  bsp_flash.o ABSOLUTE
    BSP\can1.c                               0x00000000   Number         0  can1.o ABSOLUTE
    BSP\can2.c                               0x00000000   Number         0  can2.o ABSOLUTE
    BSP\delay.c                              0x00000000   Number         0  delay.o ABSOLUTE
    BSP\encoder.c                            0x00000000   Number         0  encoder.o ABSOLUTE
    BSP\exti.c                               0x00000000   Number         0  exti.o ABSOLUTE
    BSP\gun.c                                0x00000000   Number         0  gun.o ABSOLUTE
    BSP\laser.c                              0x00000000   Number         0  laser.o ABSOLUTE
    BSP\led.c                                0x00000000   Number         0  led.o ABSOLUTE
    BSP\superTruck.c                         0x00000000   Number         0  supertruck.o ABSOLUTE
    BSP\timer.c                              0x00000000   Number         0  timer.o ABSOLUTE
    BSP\usart1.c                             0x00000000   Number         0  usart1.o ABSOLUTE
    BSP\usart3.c                             0x00000000   Number         0  usart3.o ABSOLUTE
    RmLib\LostCounter.c                      0x00000000   Number         0  lostcounter.o ABSOLUTE
    RmLib\\LostCounter.c                     0x00000000   Number         0  lostcounter.o ABSOLUTE
    RmLib\\fifo.c                            0x00000000   Number         0  fifo.o ABSOLUTE
    RmLib\\pid_regulator.c                   0x00000000   Number         0  pid_regulator.o ABSOLUTE
    RmLib\\ramp.c                            0x00000000   Number         0  ramp.o ABSOLUTE
    RmLib\fifo.c                             0x00000000   Number         0  fifo.o ABSOLUTE
    RmLib\pid_regulator.c                    0x00000000   Number         0  pid_regulator.o ABSOLUTE
    RmLib\ramp.c                             0x00000000   Number         0  ramp.o ABSOLUTE
    STLibraries\\misc.c                      0x00000000   Number         0  misc.o ABSOLUTE
    STLibraries\\stm32f4xx_adc.c             0x00000000   Number         0  stm32f4xx_adc.o ABSOLUTE
    STLibraries\\stm32f4xx_can.c             0x00000000   Number         0  stm32f4xx_can.o ABSOLUTE
    STLibraries\\stm32f4xx_crc.c             0x00000000   Number         0  stm32f4xx_crc.o ABSOLUTE
    STLibraries\\stm32f4xx_dac.c             0x00000000   Number         0  stm32f4xx_dac.o ABSOLUTE
    STLibraries\\stm32f4xx_dma.c             0x00000000   Number         0  stm32f4xx_dma.o ABSOLUTE
    STLibraries\\stm32f4xx_exti.c            0x00000000   Number         0  stm32f4xx_exti.o ABSOLUTE
    STLibraries\\stm32f4xx_flash.c           0x00000000   Number         0  stm32f4xx_flash.o ABSOLUTE
    STLibraries\\stm32f4xx_gpio.c            0x00000000   Number         0  stm32f4xx_gpio.o ABSOLUTE
    STLibraries\\stm32f4xx_i2c.c             0x00000000   Number         0  stm32f4xx_i2c.o ABSOLUTE
    STLibraries\\stm32f4xx_pwr.c             0x00000000   Number         0  stm32f4xx_pwr.o ABSOLUTE
    STLibraries\\stm32f4xx_rcc.c             0x00000000   Number         0  stm32f4xx_rcc.o ABSOLUTE
    STLibraries\\stm32f4xx_spi.c             0x00000000   Number         0  stm32f4xx_spi.o ABSOLUTE
    STLibraries\\stm32f4xx_syscfg.c          0x00000000   Number         0  stm32f4xx_syscfg.o ABSOLUTE
    STLibraries\\stm32f4xx_tim.c             0x00000000   Number         0  stm32f4xx_tim.o ABSOLUTE
    STLibraries\\stm32f4xx_usart.c           0x00000000   Number         0  stm32f4xx_usart.o ABSOLUTE
    STLibraries\\system_stm32f4xx.c          0x00000000   Number         0  system_stm32f4xx.o ABSOLUTE
    STLibraries\misc.c                       0x00000000   Number         0  misc.o ABSOLUTE
    STLibraries\startup_stm32f4xx.s          0x00000000   Number         0  startup_stm32f4xx.o ABSOLUTE
    STLibraries\stm32f4xx_adc.c              0x00000000   Number         0  stm32f4xx_adc.o ABSOLUTE
    STLibraries\stm32f4xx_can.c              0x00000000   Number         0  stm32f4xx_can.o ABSOLUTE
    STLibraries\stm32f4xx_crc.c              0x00000000   Number         0  stm32f4xx_crc.o ABSOLUTE
    STLibraries\stm32f4xx_dac.c              0x00000000   Number         0  stm32f4xx_dac.o ABSOLUTE
    STLibraries\stm32f4xx_dma.c              0x00000000   Number         0  stm32f4xx_dma.o ABSOLUTE
    STLibraries\stm32f4xx_exti.c             0x00000000   Number         0  stm32f4xx_exti.o ABSOLUTE
    STLibraries\stm32f4xx_flash.c            0x00000000   Number         0  stm32f4xx_flash.o ABSOLUTE
    STLibraries\stm32f4xx_gpio.c             0x00000000   Number         0  stm32f4xx_gpio.o ABSOLUTE
    STLibraries\stm32f4xx_i2c.c              0x00000000   Number         0  stm32f4xx_i2c.o ABSOLUTE
    STLibraries\stm32f4xx_pwr.c              0x00000000   Number         0  stm32f4xx_pwr.o ABSOLUTE
    STLibraries\stm32f4xx_rcc.c              0x00000000   Number         0  stm32f4xx_rcc.o ABSOLUTE
    STLibraries\stm32f4xx_spi.c              0x00000000   Number         0  stm32f4xx_spi.o ABSOLUTE
    STLibraries\stm32f4xx_syscfg.c           0x00000000   Number         0  stm32f4xx_syscfg.o ABSOLUTE
    STLibraries\stm32f4xx_tim.c              0x00000000   Number         0  stm32f4xx_tim.o ABSOLUTE
    STLibraries\stm32f4xx_usart.c            0x00000000   Number         0  stm32f4xx_usart.o ABSOLUTE
    STLibraries\system_stm32f4xx.c           0x00000000   Number         0  system_stm32f4xx.o ABSOLUTE
    User\\main.c                             0x00000000   Number         0  main.o ABSOLUTE
    User\main.c                              0x00000000   Number         0  main.o ABSOLUTE
    User\stm32f4xx_it.c                      0x00000000   Number         0  stm32f4xx_it.o ABSOLUTE
    cdcmple.s                                0x00000000   Number         0  cdcmple.o ABSOLUTE
    cdrcmple.s                               0x00000000   Number         0  cdrcmple.o ABSOLUTE
    dc.s                                     0x00000000   Number         0  dc.o ABSOLUTE
    handlers.s                               0x00000000   Number         0  handlers.o ABSOLUTE
    init.s                                   0x00000000   Number         0  init.o ABSOLUTE
    RESET                                    0x08000000   Section      392  startup_stm32f4xx.o(RESET)
    .ARM.Collect$$$$00000000                 0x08000188   Section        0  entry.o(.ARM.Collect$$$$00000000)
    .ARM.Collect$$$$00000001                 0x08000188   Section        4  entry2.o(.ARM.Collect$$$$00000001)
    .ARM.Collect$$$$00000004                 0x0800018c   Section        4  entry5.o(.ARM.Collect$$$$00000004)
    .ARM.Collect$$$$00000008                 0x08000190   Section        0  entry7b.o(.ARM.Collect$$$$00000008)
    .ARM.Collect$$$$0000000A                 0x08000190   Section        0  entry8b.o(.ARM.Collect$$$$0000000A)
    .ARM.Collect$$$$0000000B                 0x08000190   Section        8  entry9a.o(.ARM.Collect$$$$0000000B)
    .ARM.Collect$$$$0000000D                 0x08000198   Section        0  entry10a.o(.ARM.Collect$$$$0000000D)
    .ARM.Collect$$$$0000000F                 0x08000198   Section        0  entry11a.o(.ARM.Collect$$$$0000000F)
    .ARM.Collect$$$$00002712                 0x08000198   Section        4  entry2.o(.ARM.Collect$$$$00002712)
    __lit__00000000                          0x08000198   Data           4  entry2.o(.ARM.Collect$$$$00002712)
    .text                                    0x0800019c   Section        0  main.o(.text)
    .text                                    0x080001b4   Section        0  can1.o(.text)
    .text                                    0x0800025c   Section        0  can2.o(.text)
    .text                                    0x080002a4   Section        0  delay.o(.text)
    .text                                    0x08000310   Section        0  exti.o(.text)
    .text                                    0x08000414   Section        0  timer.o(.text)
    .text                                    0x080005c8   Section        0  usart1.o(.text)
    USART1_FIFO_Init                         0x080005c9   Thumb Code    16  usart1.o(.text)
    .text                                    0x080007d0   Section        0  usart3.o(.text)
    .text                                    0x080008b0   Section       36  startup_stm32f4xx.o(.text)
    $v0                                      0x080008b0   Number         0  startup_stm32f4xx.o(.text)
    .text                                    0x080008d4   Section        0  stm32f4xx_it.o(.text)
    .text                                    0x080008ec   Section        0  misc.o(.text)
    .text                                    0x080009cc   Section        0  stm32f4xx_can.o(.text)
    CheckITStatus                            0x080011cf   Thumb Code    18  stm32f4xx_can.o(.text)
    .text                                    0x080013bc   Section        0  stm32f4xx_dma.o(.text)
    .text                                    0x08001764   Section        0  stm32f4xx_exti.o(.text)
    .text                                    0x08001880   Section        0  stm32f4xx_gpio.o(.text)
    .text                                    0x08001adc   Section        0  stm32f4xx_rcc.o(.text)
    .text                                    0x08002064   Section        0  stm32f4xx_syscfg.o(.text)
    .text                                    0x080020f0   Section        0  stm32f4xx_tim.o(.text)
    TI4_Config                               0x0800288f   Thumb Code    80  stm32f4xx_tim.o(.text)
    TI3_Config                               0x080028f1   Thumb Code    72  stm32f4xx_tim.o(.text)
    TI2_Config                               0x08002953   Thumb Code    90  stm32f4xx_tim.o(.text)
    TI1_Config                               0x080029bf   Thumb Code    58  stm32f4xx_tim.o(.text)
    .text                                    0x08002d94   Section        0  stm32f4xx_usart.o(.text)
    .text                                    0x080031b0   Section        0  system_stm32f4xx.o(.text)
    SetSysClock                              0x080031b1   Thumb Code   220  system_stm32f4xx.o(.text)
    .text                                    0x080033c0   Section        0  controltask.o(.text)
    SetWorkState                             0x080033c1   Thumb Code     6  controltask.o(.text)
    WorkStateSwitchProcess                   0x08003781   Thumb Code   124  controltask.o(.text)
    .text                                    0x080038d0   Section        0  remotetask.o(.text)
    .text                                    0x0800420c   Section        0  canbustask.o(.text)
    .text                                    0x080044e8   Section        0  fifo.o(.text)
    .text                                    0x08004a8c   Section        0  ramp.o(.text)
    .text                                    0x08004afc   Section        0  lostcounter.o(.text)
    .text                                    0x08004b1c   Section        0  pid_regulator.o(.text)
    .text                                    0x08004c3c   Section        0  dadd.o(.text)
    .text                                    0x08004d8a   Section        0  dmul.o(.text)
    .text                                    0x08004e6e   Section        0  dflti.o(.text)
    .text                                    0x08004e90   Section        0  dfltui.o(.text)
    .text                                    0x08004eaa   Section        0  dfixi.o(.text)
    .text                                    0x08004ee8   Section        0  dfixui.o(.text)
    .text                                    0x08004f1a   Section        0  f2d.o(.text)
    .text                                    0x08004f40   Section       48  cdcmple.o(.text)
    .text                                    0x08004f70   Section       48  cdrcmple.o(.text)
    .text                                    0x08004fa0   Section        0  d2f.o(.text)
    .text                                    0x08004fd8   Section        0  llshl.o(.text)
    .text                                    0x08004ff6   Section        0  llushr.o(.text)
    .text                                    0x08005016   Section        0  llsshr.o(.text)
    .text                                    0x0800503a   Section        0  fepilogue.o(.text)
    .text                                    0x0800503a   Section        0  iusefp.o(.text)
    .text                                    0x080050a8   Section        0  depilogue.o(.text)
    .text                                    0x08005164   Section       36  init.o(.text)
    .text                                    0x08005188   Section        0  __dczerorl2.o(.text)
    i.__hardfp_fabs                          0x080051de   Section        0  fabs.o(i.__hardfp_fabs)
    i.__scatterload_copy                     0x080051f2   Section       14  handlers.o(i.__scatterload_copy)
    i.__scatterload_null                     0x08005200   Section        2  handlers.o(i.__scatterload_null)
    i.__scatterload_zeroinit                 0x08005202   Section       14  handlers.o(i.__scatterload_zeroinit)
    i.free                                   0x08005210   Section        0  malloc.o(i.free)
    i.malloc                                 0x08005260   Section        0  malloc.o(i.malloc)
    .data                                    0x20000000   Section        4  usart1.o(.data)
    this_time_rx_len                         0x20000000   Data           4  usart1.o(.data)
    .data                                    0x20000004   Section        5  usart3.o(.data)
    .data                                    0x20000009   Section       16  stm32f4xx_rcc.o(.data)
    APBAHBPrescTable                         0x20000009   Data          16  stm32f4xx_rcc.o(.data)
    .data                                    0x2000001c   Section       20  system_stm32f4xx.o(.data)
    .data                                    0x20000030   Section      500  controltask.o(.data)
    time_tick_1ms                            0x20000220   Data           4  controltask.o(.data)
    .data                                    0x20000224   Section      128  remotetask.o(.data)
    shootState                               0x2000022b   Data           1  remotetask.o(.data)
    inputmode                                0x2000022c   Data           1  remotetask.o(.data)
    switch_cnt                               0x2000029c   Data           4  remotetask.o(.data)
    forward_back_speed                       0x200002a0   Data           2  remotetask.o(.data)
    left_right_speed                         0x200002a2   Data           2  remotetask.o(.data)
    .data                                    0x200002a4   Section        8  canbustask.o(.data)
    can_count                                0x200002a4   Data           4  canbustask.o(.data)
    .data                                    0x200002ac   Section        4  mvars.o(.data)
    .data                                    0x200002b0   Section        4  mvars.o(.data)
    .bss                                     0x200002b4   Section      318  usart1.o(.bss)
    _USART1_DMA_RX_BUF                       0x200002b4   Data          60  usart1.o(.bss)
    _USART1_RX_BUF                           0x200002f0   Data         210  usart1.o(.bss)
    _USART1_RX_FIFO                          0x200003c4   Data          28  usart1.o(.bss)
    rc_raw_data                              0x200003e0   Data          18  usart1.o(.bss)
    .bss                                     0x200003f4   Section       71  remotetask.o(.bss)
    switch1                                  0x20000424   Data          23  remotetask.o(.bss)
    .bss                                     0x2000043c   Section      408  canbustask.o(.bss)
    HEAP                                     0x200005d8   Section      512  startup_stm32f4xx.o(HEAP)
    STACK                                    0x200007d8   Section     2560  startup_stm32f4xx.o(STACK)

    Global Symbols

    Symbol Name                              Value     Ov Type        Size  Object(Section)

    BuildAttributes$$THM_ISAv4$E$P$D$K$B$S$7EM$VFPi3$EXTD16$VFPS$VFMA$PE$A:L22UL41UL21$X:L11$S22US41US21$IEEE1$IW$USESV6$~STKCKD$USESV7$~SHL$OTIME$ROPI$IEEEJ$EBA8$MICROLIB$REQ8$PRES8$EABIv2 0x00000000   Number         0  anon$$obj.o ABSOLUTE
    __ARM_use_no_argv                        0x00000000   Number         0  main.o ABSOLUTE
    __cpp_initialize__aeabi_                  - Undefined Weak Reference
    __cxa_finalize                            - Undefined Weak Reference
    _clock_init                               - Undefined Weak Reference
    _microlib_exit                            - Undefined Weak Reference
    __Vectors_Size                           0x00000188   Number         0  startup_stm32f4xx.o ABSOLUTE
    __Vectors                                0x08000000   Data           4  startup_stm32f4xx.o(RESET)
    __Vectors_End                            0x08000188   Data           0  startup_stm32f4xx.o(RESET)
    __main                                   0x08000189   Thumb Code     0  entry.o(.ARM.Collect$$$$00000000)
    _main_stk                                0x08000189   Thumb Code     0  entry2.o(.ARM.Collect$$$$00000001)
    _main_scatterload                        0x0800018d   Thumb Code     0  entry5.o(.ARM.Collect$$$$00000004)
    __main_after_scatterload                 0x08000191   Thumb Code     0  entry5.o(.ARM.Collect$$$$00000004)
    _main_clock                              0x08000191   Thumb Code     0  entry7b.o(.ARM.Collect$$$$00000008)
    _main_cpp_init                           0x08000191   Thumb Code     0  entry8b.o(.ARM.Collect$$$$0000000A)
    _main_init                               0x08000191   Thumb Code     0  entry9a.o(.ARM.Collect$$$$0000000B)
    __rt_final_cpp                           0x08000199   Thumb Code     0  entry10a.o(.ARM.Collect$$$$0000000D)
    __rt_final_exit                          0x08000199   Thumb Code     0  entry11a.o(.ARM.Collect$$$$0000000F)
    main                                     0x0800019d   Thumb Code    18  main.o(.text)
    CAN1_Configuration                       0x080001b5   Thumb Code     2  can1.o(.text)
    GYRO_RST                                 0x080001b7   Thumb Code    86  can1.o(.text)
    CAN1_TX_IRQHandler                       0x0800020d   Thumb Code    22  can1.o(.text)
    CAN1_RX0_IRQHandler                      0x08000223   Thumb Code    50  can1.o(.text)
    CAN2_Configuration                       0x0800025d   Thumb Code     2  can2.o(.text)
    CAN2_TX_IRQHandler                       0x0800025f   Thumb Code    22  can2.o(.text)
    CAN2_RX0_IRQHandler                      0x08000275   Thumb Code    42  can2.o(.text)
    delay_ms                                 0x080002a5   Thumb Code    28  delay.o(.text)
    delay_us                                 0x080002c1   Thumb Code    26  delay.o(.text)
    Delay_ms                                 0x080002db   Thumb Code    28  delay.o(.text)
    Delay_us                                 0x080002f7   Thumb Code    26  delay.o(.text)
    Exti_Configuration                       0x08000311   Thumb Code   216  exti.o(.text)
    EXTI0_IRQHandler                         0x080003e9   Thumb Code    18  exti.o(.text)
    EXTI1_IRQHandler                         0x080003fb   Thumb Code    18  exti.o(.text)
    TIM8_Configuration                       0x08000415   Thumb Code    84  timer.o(.text)
    TIM6_Configuration                       0x08000469   Thumb Code    72  timer.o(.text)
    TIM6_Start                               0x080004b1   Thumb Code    30  timer.o(.text)
    TIM4_Configuration                       0x080004cf   Thumb Code    84  timer.o(.text)
    TIM2_Configuration                       0x08000523   Thumb Code    60  timer.o(.text)
    TIM2_IRQHandler                          0x0800055f   Thumb Code    46  timer.o(.text)
    TIM6_DAC_IRQHandler                      0x0800058d   Thumb Code    34  timer.o(.text)
    Get_Time_Micros                          0x080005af   Thumb Code     8  timer.o(.text)
    USART1_Configuration                     0x080005d9   Thumb Code   304  usart1.o(.text)
    USART1_IRQHandler                        0x08000709   Thumb Code   166  usart1.o(.text)
    USART1_GetRxBuf                          0x080007af   Thumb Code     4  usart1.o(.text)
    USART3_Configuration                     0x080007d1   Thumb Code     2  usart3.o(.text)
    UART3_PrintCh                            0x080007d3   Thumb Code    28  usart3.o(.text)
    UART3_PutStr                             0x080007ef   Thumb Code    38  usart3.o(.text)
    UART3_PrintBlock                         0x08000815   Thumb Code    44  usart3.o(.text)
    fputc                                    0x08000841   Thumb Code    32  usart3.o(.text)
    USART3_IRQHandler                        0x08000861   Thumb Code    70  usart3.o(.text)
    Reset_Handler                            0x080008b1   Thumb Code     8  startup_stm32f4xx.o(.text)
    SysTick_Handler                          0x080008c9   Thumb Code     2  startup_stm32f4xx.o(.text)
    ADC_IRQHandler                           0x080008cb   Thumb Code     0  startup_stm32f4xx.o(.text)
    CAN1_RX1_IRQHandler                      0x080008cb   Thumb Code     0  startup_stm32f4xx.o(.text)
    CAN1_SCE_IRQHandler                      0x080008cb   Thumb Code     0  startup_stm32f4xx.o(.text)
    CAN2_RX1_IRQHandler                      0x080008cb   Thumb Code     0  startup_stm32f4xx.o(.text)
    CAN2_SCE_IRQHandler                      0x080008cb   Thumb Code     0  startup_stm32f4xx.o(.text)
    CRYP_IRQHandler                          0x080008cb   Thumb Code     0  startup_stm32f4xx.o(.text)
    DCMI_IRQHandler                          0x080008cb   Thumb Code     0  startup_stm32f4xx.o(.text)
    DMA1_Stream0_IRQHandler                  0x080008cb   Thumb Code     0  startup_stm32f4xx.o(.text)
    DMA1_Stream1_IRQHandler                  0x080008cb   Thumb Code     0  startup_stm32f4xx.o(.text)
    DMA1_Stream2_IRQHandler                  0x080008cb   Thumb Code     0  startup_stm32f4xx.o(.text)
    DMA1_Stream3_IRQHandler                  0x080008cb   Thumb Code     0  startup_stm32f4xx.o(.text)
    DMA1_Stream4_IRQHandler                  0x080008cb   Thumb Code     0  startup_stm32f4xx.o(.text)
    DMA1_Stream5_IRQHandler                  0x080008cb   Thumb Code     0  startup_stm32f4xx.o(.text)
    DMA1_Stream6_IRQHandler                  0x080008cb   Thumb Code     0  startup_stm32f4xx.o(.text)
    DMA1_Stream7_IRQHandler                  0x080008cb   Thumb Code     0  startup_stm32f4xx.o(.text)
    DMA2_Stream0_IRQHandler                  0x080008cb   Thumb Code     0  startup_stm32f4xx.o(.text)
    DMA2_Stream1_IRQHandler                  0x080008cb   Thumb Code     0  startup_stm32f4xx.o(.text)
    DMA2_Stream2_IRQHandler                  0x080008cb   Thumb Code     0  startup_stm32f4xx.o(.text)
    DMA2_Stream3_IRQHandler                  0x080008cb   Thumb Code     0  startup_stm32f4xx.o(.text)
    DMA2_Stream4_IRQHandler                  0x080008cb   Thumb Code     0  startup_stm32f4xx.o(.text)
    DMA2_Stream5_IRQHandler                  0x080008cb   Thumb Code     0  startup_stm32f4xx.o(.text)
    DMA2_Stream6_IRQHandler                  0x080008cb   Thumb Code     0  startup_stm32f4xx.o(.text)
    DMA2_Stream7_IRQHandler                  0x080008cb   Thumb Code     0  startup_stm32f4xx.o(.text)
    ETH_IRQHandler                           0x080008cb   Thumb Code     0  startup_stm32f4xx.o(.text)
    ETH_WKUP_IRQHandler                      0x080008cb   Thumb Code     0  startup_stm32f4xx.o(.text)
    EXTI15_10_IRQHandler                     0x080008cb   Thumb Code     0  startup_stm32f4xx.o(.text)
    EXTI2_IRQHandler                         0x080008cb   Thumb Code     0  startup_stm32f4xx.o(.text)
    EXTI3_IRQHandler                         0x080008cb   Thumb Code     0  startup_stm32f4xx.o(.text)
    EXTI4_IRQHandler                         0x080008cb   Thumb Code     0  startup_stm32f4xx.o(.text)
    EXTI9_5_IRQHandler                       0x080008cb   Thumb Code     0  startup_stm32f4xx.o(.text)
    FLASH_IRQHandler                         0x080008cb   Thumb Code     0  startup_stm32f4xx.o(.text)
    FPU_IRQHandler                           0x080008cb   Thumb Code     0  startup_stm32f4xx.o(.text)
    FSMC_IRQHandler                          0x080008cb   Thumb Code     0  startup_stm32f4xx.o(.text)
    HASH_RNG_IRQHandler                      0x080008cb   Thumb Code     0  startup_stm32f4xx.o(.text)
    I2C1_ER_IRQHandler                       0x080008cb   Thumb Code     0  startup_stm32f4xx.o(.text)
    I2C1_EV_IRQHandler                       0x080008cb   Thumb Code     0  startup_stm32f4xx.o(.text)
    I2C2_ER_IRQHandler                       0x080008cb   Thumb Code     0  startup_stm32f4xx.o(.text)
    I2C2_EV_IRQHandler                       0x080008cb   Thumb Code     0  startup_stm32f4xx.o(.text)
    I2C3_ER_IRQHandler                       0x080008cb   Thumb Code     0  startup_stm32f4xx.o(.text)
    I2C3_EV_IRQHandler                       0x080008cb   Thumb Code     0  startup_stm32f4xx.o(.text)
    OTG_FS_IRQHandler                        0x080008cb   Thumb Code     0  startup_stm32f4xx.o(.text)
    OTG_FS_WKUP_IRQHandler                   0x080008cb   Thumb Code     0  startup_stm32f4xx.o(.text)
    OTG_HS_EP1_IN_IRQHandler                 0x080008cb   Thumb Code     0  startup_stm32f4xx.o(.text)
    OTG_HS_EP1_OUT_IRQHandler                0x080008cb   Thumb Code     0  startup_stm32f4xx.o(.text)
    OTG_HS_IRQHandler                        0x080008cb   Thumb Code     0  startup_stm32f4xx.o(.text)
    OTG_HS_WKUP_IRQHandler                   0x080008cb   Thumb Code     0  startup_stm32f4xx.o(.text)
    PVD_IRQHandler                           0x080008cb   Thumb Code     0  startup_stm32f4xx.o(.text)
    RCC_IRQHandler                           0x080008cb   Thumb Code     0  startup_stm32f4xx.o(.text)
    RTC_Alarm_IRQHandler                     0x080008cb   Thumb Code     0  startup_stm32f4xx.o(.text)
    RTC_WKUP_IRQHandler                      0x080008cb   Thumb Code     0  startup_stm32f4xx.o(.text)
    SDIO_IRQHandler                          0x080008cb   Thumb Code     0  startup_stm32f4xx.o(.text)
    SPI1_IRQHandler                          0x080008cb   Thumb Code     0  startup_stm32f4xx.o(.text)
    SPI2_IRQHandler                          0x080008cb   Thumb Code     0  startup_stm32f4xx.o(.text)
    SPI3_IRQHandler                          0x080008cb   Thumb Code     0  startup_stm32f4xx.o(.text)
    TAMP_STAMP_IRQHandler                    0x080008cb   Thumb Code     0  startup_stm32f4xx.o(.text)
    TIM1_BRK_TIM9_IRQHandler                 0x080008cb   Thumb Code     0  startup_stm32f4xx.o(.text)
    TIM1_CC_IRQHandler                       0x080008cb   Thumb Code     0  startup_stm32f4xx.o(.text)
    TIM1_TRG_COM_TIM11_IRQHandler            0x080008cb   Thumb Code     0  startup_stm32f4xx.o(.text)
    TIM1_UP_TIM10_IRQHandler                 0x080008cb   Thumb Code     0  startup_stm32f4xx.o(.text)
    TIM3_IRQHandler                          0x080008cb   Thumb Code     0  startup_stm32f4xx.o(.text)
    TIM4_IRQHandler                          0x080008cb   Thumb Code     0  startup_stm32f4xx.o(.text)
    TIM5_IRQHandler                          0x080008cb   Thumb Code     0  startup_stm32f4xx.o(.text)
    TIM7_IRQHandler                          0x080008cb   Thumb Code     0  startup_stm32f4xx.o(.text)
    TIM8_BRK_TIM12_IRQHandler                0x080008cb   Thumb Code     0  startup_stm32f4xx.o(.text)
    TIM8_CC_IRQHandler                       0x080008cb   Thumb Code     0  startup_stm32f4xx.o(.text)
    TIM8_TRG_COM_TIM14_IRQHandler            0x080008cb   Thumb Code     0  startup_stm32f4xx.o(.text)
    TIM8_UP_TIM13_IRQHandler                 0x080008cb   Thumb Code     0  startup_stm32f4xx.o(.text)
    UART4_IRQHandler                         0x080008cb   Thumb Code     0  startup_stm32f4xx.o(.text)
    UART5_IRQHandler                         0x080008cb   Thumb Code     0  startup_stm32f4xx.o(.text)
    USART2_IRQHandler                        0x080008cb   Thumb Code     0  startup_stm32f4xx.o(.text)
    USART6_IRQHandler                        0x080008cb   Thumb Code     0  startup_stm32f4xx.o(.text)
    WWDG_IRQHandler                          0x080008cb   Thumb Code     0  startup_stm32f4xx.o(.text)
    NMI_Handler                              0x080008d5   Thumb Code     2  stm32f4xx_it.o(.text)
    HardFault_Handler                        0x080008d7   Thumb Code     4  stm32f4xx_it.o(.text)
    MemManage_Handler                        0x080008db   Thumb Code     4  stm32f4xx_it.o(.text)
    BusFault_Handler                         0x080008df   Thumb Code     4  stm32f4xx_it.o(.text)
    UsageFault_Handler                       0x080008e3   Thumb Code     4  stm32f4xx_it.o(.text)
    SVC_Handler                              0x080008e7   Thumb Code     2  stm32f4xx_it.o(.text)
    DebugMon_Handler                         0x080008e9   Thumb Code     2  stm32f4xx_it.o(.text)
    PendSV_Handler                           0x080008eb   Thumb Code     2  stm32f4xx_it.o(.text)
    NVIC_PriorityGroupConfig                 0x080008ed   Thumb Code    10  misc.o(.text)
    NVIC_Init                                0x080008f7   Thumb Code   106  misc.o(.text)
    NVIC_SetVectorTable                      0x08000961   Thumb Code    14  misc.o(.text)
    NVIC_SystemLPConfig                      0x0800096f   Thumb Code    34  misc.o(.text)
    SysTick_CLKSourceConfig                  0x08000991   Thumb Code    40  misc.o(.text)
    CAN_DeInit                               0x080009cd   Thumb Code    50  stm32f4xx_can.o(.text)
    CAN_Init                                 0x080009ff   Thumb Code   276  stm32f4xx_can.o(.text)
    CAN_FilterInit                           0x08000b13   Thumb Code   258  stm32f4xx_can.o(.text)
    CAN_StructInit                           0x08000c15   Thumb Code    32  stm32f4xx_can.o(.text)
    CAN_SlaveStartBank                       0x08000c35   Thumb Code    48  stm32f4xx_can.o(.text)
    CAN_DBGFreeze                            0x08000c65   Thumb Code    22  stm32f4xx_can.o(.text)
    CAN_TTComModeCmd                         0x08000c7b   Thumb Code   118  stm32f4xx_can.o(.text)
    CAN_Transmit                             0x08000cf1   Thumb Code   304  stm32f4xx_can.o(.text)
    CAN_TransmitStatus                       0x08000e21   Thumb Code   138  stm32f4xx_can.o(.text)
    CAN_CancelTransmit                       0x08000eab   Thumb Code    48  stm32f4xx_can.o(.text)
    CAN_Receive                              0x08000edb   Thumb Code   240  stm32f4xx_can.o(.text)
    CAN_FIFORelease                          0x08000fcb   Thumb Code    22  stm32f4xx_can.o(.text)
    CAN_MessagePending                       0x08000fe1   Thumb Code    30  stm32f4xx_can.o(.text)
    CAN_OperatingModeRequest                 0x08000fff   Thumb Code   162  stm32f4xx_can.o(.text)
    CAN_Sleep                                0x080010a1   Thumb Code    30  stm32f4xx_can.o(.text)
    CAN_WakeUp                               0x080010bf   Thumb Code    48  stm32f4xx_can.o(.text)
    CAN_GetLastErrorCode                     0x080010ef   Thumb Code    12  stm32f4xx_can.o(.text)
    CAN_GetReceiveErrorCounter               0x080010fb   Thumb Code    10  stm32f4xx_can.o(.text)
    CAN_GetLSBTransmitErrorCounter           0x08001105   Thumb Code    12  stm32f4xx_can.o(.text)
    CAN_ITConfig                             0x08001111   Thumb Code    18  stm32f4xx_can.o(.text)
    CAN_GetFlagStatus                        0x08001123   Thumb Code   120  stm32f4xx_can.o(.text)
    CAN_ClearFlag                            0x0800119b   Thumb Code    52  stm32f4xx_can.o(.text)
    CAN_GetITStatus                          0x080011e1   Thumb Code   310  stm32f4xx_can.o(.text)
    CAN_ClearITPendingBit                    0x08001317   Thumb Code   162  stm32f4xx_can.o(.text)
    DMA_DeInit                               0x080013bd   Thumb Code   324  stm32f4xx_dma.o(.text)
    DMA_Init                                 0x08001501   Thumb Code    82  stm32f4xx_dma.o(.text)
    DMA_StructInit                           0x08001553   Thumb Code    34  stm32f4xx_dma.o(.text)
    DMA_Cmd                                  0x08001575   Thumb Code    22  stm32f4xx_dma.o(.text)
    DMA_PeriphIncOffsetSizeConfig            0x0800158b   Thumb Code    22  stm32f4xx_dma.o(.text)
    DMA_FlowControllerConfig                 0x080015a1   Thumb Code    22  stm32f4xx_dma.o(.text)
    DMA_SetCurrDataCounter                   0x080015b7   Thumb Code     4  stm32f4xx_dma.o(.text)
    DMA_GetCurrDataCounter                   0x080015bb   Thumb Code     8  stm32f4xx_dma.o(.text)
    DMA_DoubleBufferModeConfig               0x080015c3   Thumb Code    24  stm32f4xx_dma.o(.text)
    DMA_DoubleBufferModeCmd                  0x080015db   Thumb Code    22  stm32f4xx_dma.o(.text)
    DMA_MemoryTargetConfig                   0x080015f1   Thumb Code    10  stm32f4xx_dma.o(.text)
    DMA_GetCurrentMemoryTarget               0x080015fb   Thumb Code    20  stm32f4xx_dma.o(.text)
    DMA_GetCmdStatus                         0x0800160f   Thumb Code    20  stm32f4xx_dma.o(.text)
    DMA_GetFIFOStatus                        0x08001623   Thumb Code    12  stm32f4xx_dma.o(.text)
    DMA_GetFlagStatus                        0x0800162f   Thumb Code    56  stm32f4xx_dma.o(.text)
    DMA_ClearFlag                            0x08001667   Thumb Code    40  stm32f4xx_dma.o(.text)
    DMA_ITConfig                             0x0800168f   Thumb Code    58  stm32f4xx_dma.o(.text)
    DMA_GetITStatus                          0x080016c9   Thumb Code    84  stm32f4xx_dma.o(.text)
    DMA_ClearITPendingBit                    0x0800171d   Thumb Code    40  stm32f4xx_dma.o(.text)
    EXTI_DeInit                              0x08001765   Thumb Code    28  stm32f4xx_exti.o(.text)
    EXTI_Init                                0x08001781   Thumb Code   142  stm32f4xx_exti.o(.text)
    EXTI_StructInit                          0x0800180f   Thumb Code    16  stm32f4xx_exti.o(.text)
    EXTI_GenerateSWInterrupt                 0x0800181f   Thumb Code    16  stm32f4xx_exti.o(.text)
    EXTI_GetFlagStatus                       0x0800182f   Thumb Code    22  stm32f4xx_exti.o(.text)
    EXTI_ClearFlag                           0x08001845   Thumb Code     8  stm32f4xx_exti.o(.text)
    EXTI_GetITStatus                         0x0800184d   Thumb Code    34  stm32f4xx_exti.o(.text)
    EXTI_ClearITPendingBit                   0x0800186f   Thumb Code     8  stm32f4xx_exti.o(.text)
    GPIO_DeInit                              0x08001881   Thumb Code   220  stm32f4xx_gpio.o(.text)
    GPIO_Init                                0x0800195d   Thumb Code   144  stm32f4xx_gpio.o(.text)
    GPIO_StructInit                          0x080019ed   Thumb Code    18  stm32f4xx_gpio.o(.text)
    GPIO_PinLockConfig                       0x080019ff   Thumb Code    34  stm32f4xx_gpio.o(.text)
    GPIO_ReadInputDataBit                    0x08001a21   Thumb Code    18  stm32f4xx_gpio.o(.text)
    GPIO_ReadInputData                       0x08001a33   Thumb Code     8  stm32f4xx_gpio.o(.text)
    GPIO_ReadOutputDataBit                   0x08001a3b   Thumb Code    18  stm32f4xx_gpio.o(.text)
    GPIO_ReadOutputData                      0x08001a4d   Thumb Code     8  stm32f4xx_gpio.o(.text)
    GPIO_SetBits                             0x08001a55   Thumb Code     4  stm32f4xx_gpio.o(.text)
    GPIO_ResetBits                           0x08001a59   Thumb Code     4  stm32f4xx_gpio.o(.text)
    GPIO_WriteBit                            0x08001a5d   Thumb Code    10  stm32f4xx_gpio.o(.text)
    GPIO_Write                               0x08001a67   Thumb Code     4  stm32f4xx_gpio.o(.text)
    GPIO_ToggleBits                          0x08001a6b   Thumb Code     8  stm32f4xx_gpio.o(.text)
    GPIO_PinAFConfig                         0x08001a73   Thumb Code    70  stm32f4xx_gpio.o(.text)
    RCC_DeInit                               0x08001add   Thumb Code    60  stm32f4xx_rcc.o(.text)
    RCC_HSEConfig                            0x08001b19   Thumb Code    14  stm32f4xx_rcc.o(.text)
    RCC_GetFlagStatus                        0x08001b27   Thumb Code    60  stm32f4xx_rcc.o(.text)
    RCC_WaitForHSEStartUp                    0x08001b63   Thumb Code    56  stm32f4xx_rcc.o(.text)
    RCC_AdjustHSICalibrationValue            0x08001b9b   Thumb Code    20  stm32f4xx_rcc.o(.text)
    RCC_HSICmd                               0x08001baf   Thumb Code     6  stm32f4xx_rcc.o(.text)
    RCC_LSEConfig                            0x08001bb5   Thumb Code    46  stm32f4xx_rcc.o(.text)
    RCC_LSICmd                               0x08001be3   Thumb Code     6  stm32f4xx_rcc.o(.text)
    RCC_PLLConfig                            0x08001be9   Thumb Code    32  stm32f4xx_rcc.o(.text)
    RCC_PLLCmd                               0x08001c09   Thumb Code     6  stm32f4xx_rcc.o(.text)
    RCC_PLLI2SConfig                         0x08001c0f   Thumb Code    14  stm32f4xx_rcc.o(.text)
    RCC_PLLI2SCmd                            0x08001c1d   Thumb Code     6  stm32f4xx_rcc.o(.text)
    RCC_ClockSecuritySystemCmd               0x08001c23   Thumb Code     6  stm32f4xx_rcc.o(.text)
    RCC_MCO1Config                           0x08001c29   Thumb Code    28  stm32f4xx_rcc.o(.text)
    RCC_MCO2Config                           0x08001c45   Thumb Code    28  stm32f4xx_rcc.o(.text)
    RCC_SYSCLKConfig                         0x08001c61   Thumb Code    20  stm32f4xx_rcc.o(.text)
    RCC_GetSYSCLKSource                      0x08001c75   Thumb Code    12  stm32f4xx_rcc.o(.text)
    RCC_HCLKConfig                           0x08001c81   Thumb Code    20  stm32f4xx_rcc.o(.text)
    RCC_PCLK1Config                          0x08001c95   Thumb Code    20  stm32f4xx_rcc.o(.text)
    RCC_PCLK2Config                          0x08001ca9   Thumb Code    22  stm32f4xx_rcc.o(.text)
    RCC_GetClocksFreq                        0x08001cbf   Thumb Code   222  stm32f4xx_rcc.o(.text)
    RCC_RTCCLKConfig                         0x08001d9d   Thumb Code    54  stm32f4xx_rcc.o(.text)
    RCC_RTCCLKCmd                            0x08001dd3   Thumb Code     8  stm32f4xx_rcc.o(.text)
    RCC_BackupResetCmd                       0x08001ddb   Thumb Code     8  stm32f4xx_rcc.o(.text)
    RCC_I2SCLKConfig                         0x08001de3   Thumb Code     6  stm32f4xx_rcc.o(.text)
    RCC_AHB1PeriphClockCmd                   0x08001de9   Thumb Code    34  stm32f4xx_rcc.o(.text)
    RCC_AHB2PeriphClockCmd                   0x08001e0b   Thumb Code    34  stm32f4xx_rcc.o(.text)
    RCC_AHB3PeriphClockCmd                   0x08001e2d   Thumb Code    34  stm32f4xx_rcc.o(.text)
    RCC_APB1PeriphClockCmd                   0x08001e4f   Thumb Code    34  stm32f4xx_rcc.o(.text)
    RCC_APB2PeriphClockCmd                   0x08001e71   Thumb Code    34  stm32f4xx_rcc.o(.text)
    RCC_AHB1PeriphResetCmd                   0x08001e93   Thumb Code    34  stm32f4xx_rcc.o(.text)
    RCC_AHB2PeriphResetCmd                   0x08001eb5   Thumb Code    72  stm32f4xx_rcc.o(.text)
    RCC_AHB3PeriphResetCmd                   0x08001efd   Thumb Code    34  stm32f4xx_rcc.o(.text)
    RCC_APB1PeriphResetCmd                   0x08001f1f   Thumb Code    34  stm32f4xx_rcc.o(.text)
    RCC_APB2PeriphResetCmd                   0x08001f41   Thumb Code    34  stm32f4xx_rcc.o(.text)
    RCC_AHB1PeriphClockLPModeCmd             0x08001f63   Thumb Code    34  stm32f4xx_rcc.o(.text)
    RCC_AHB2PeriphClockLPModeCmd             0x08001f85   Thumb Code    34  stm32f4xx_rcc.o(.text)
    RCC_AHB3PeriphClockLPModeCmd             0x08001fa7   Thumb Code    34  stm32f4xx_rcc.o(.text)
    RCC_APB1PeriphClockLPModeCmd             0x08001fc9   Thumb Code    34  stm32f4xx_rcc.o(.text)
    RCC_APB2PeriphClockLPModeCmd             0x08001feb   Thumb Code    34  stm32f4xx_rcc.o(.text)
    RCC_ITConfig                             0x0800200d   Thumb Code    34  stm32f4xx_rcc.o(.text)
    RCC_ClearFlag                            0x0800202f   Thumb Code    18  stm32f4xx_rcc.o(.text)
    RCC_GetITStatus                          0x08002041   Thumb Code    22  stm32f4xx_rcc.o(.text)
    RCC_ClearITPendingBit                    0x08002057   Thumb Code     8  stm32f4xx_rcc.o(.text)
    SYSCFG_DeInit                            0x08002065   Thumb Code    22  stm32f4xx_syscfg.o(.text)
    SYSCFG_MemoryRemapConfig                 0x0800207b   Thumb Code     6  stm32f4xx_syscfg.o(.text)
    SYSCFG_EXTILineConfig                    0x08002081   Thumb Code    66  stm32f4xx_syscfg.o(.text)
    SYSCFG_ETH_MediaInterfaceConfig          0x080020c3   Thumb Code     6  stm32f4xx_syscfg.o(.text)
    SYSCFG_CompensationCellCmd               0x080020c9   Thumb Code     6  stm32f4xx_syscfg.o(.text)
    SYSCFG_GetCompensationCellStatus         0x080020cf   Thumb Code    22  stm32f4xx_syscfg.o(.text)
    TIM_DeInit                               0x080020f1   Thumb Code   346  stm32f4xx_tim.o(.text)
    TIM_TimeBaseInit                         0x0800224b   Thumb Code   104  stm32f4xx_tim.o(.text)
    TIM_TimeBaseStructInit                   0x080022b3   Thumb Code    18  stm32f4xx_tim.o(.text)
    TIM_PrescalerConfig                      0x080022c5   Thumb Code     6  stm32f4xx_tim.o(.text)
    TIM_CounterModeConfig                    0x080022cb   Thumb Code    18  stm32f4xx_tim.o(.text)
    TIM_SetCounter                           0x080022dd   Thumb Code     4  stm32f4xx_tim.o(.text)
    TIM_SetAutoreload                        0x080022e1   Thumb Code     4  stm32f4xx_tim.o(.text)
    TIM_GetCounter                           0x080022e5   Thumb Code     6  stm32f4xx_tim.o(.text)
    TIM_GetPrescaler                         0x080022eb   Thumb Code     6  stm32f4xx_tim.o(.text)
    TIM_UpdateDisableConfig                  0x080022f1   Thumb Code    24  stm32f4xx_tim.o(.text)
    TIM_UpdateRequestConfig                  0x08002309   Thumb Code    24  stm32f4xx_tim.o(.text)
    TIM_ARRPreloadConfig                     0x08002321   Thumb Code    24  stm32f4xx_tim.o(.text)
    TIM_SelectOnePulseMode                   0x08002339   Thumb Code    18  stm32f4xx_tim.o(.text)
    TIM_SetClockDivision                     0x0800234b   Thumb Code    18  stm32f4xx_tim.o(.text)
    TIM_Cmd                                  0x0800235d   Thumb Code    24  stm32f4xx_tim.o(.text)
    TIM_OC1Init                              0x08002375   Thumb Code   114  stm32f4xx_tim.o(.text)
    TIM_OC2Init                              0x080023e7   Thumb Code   154  stm32f4xx_tim.o(.text)
    TIM_OC3Init                              0x08002481   Thumb Code   204  stm32f4xx_tim.o(.text)
    TIM_OC4Init                              0x0800254d   Thumb Code   112  stm32f4xx_tim.o(.text)
    TIM_OCStructInit                         0x080025bd   Thumb Code    20  stm32f4xx_tim.o(.text)
    TIM_SelectOCxM                           0x080025d1   Thumb Code    86  stm32f4xx_tim.o(.text)
    TIM_SetCompare1                          0x08002627   Thumb Code     4  stm32f4xx_tim.o(.text)
    TIM_SetCompare2                          0x0800262b   Thumb Code     4  stm32f4xx_tim.o(.text)
    TIM_SetCompare3                          0x0800262f   Thumb Code     4  stm32f4xx_tim.o(.text)
    TIM_SetCompare4                          0x08002633   Thumb Code     4  stm32f4xx_tim.o(.text)
    TIM_ForcedOC1Config                      0x08002637   Thumb Code    18  stm32f4xx_tim.o(.text)
    TIM_ForcedOC2Config                      0x08002649   Thumb Code    26  stm32f4xx_tim.o(.text)
    TIM_ForcedOC3Config                      0x08002663   Thumb Code    18  stm32f4xx_tim.o(.text)
    TIM_ForcedOC4Config                      0x08002675   Thumb Code    26  stm32f4xx_tim.o(.text)
    TIM_OC1PreloadConfig                     0x0800268f   Thumb Code    18  stm32f4xx_tim.o(.text)
    TIM_OC2PreloadConfig                     0x080026a1   Thumb Code    26  stm32f4xx_tim.o(.text)
    TIM_OC3PreloadConfig                     0x080026bb   Thumb Code    18  stm32f4xx_tim.o(.text)
    TIM_OC4PreloadConfig                     0x080026cd   Thumb Code    26  stm32f4xx_tim.o(.text)
    TIM_OC1FastConfig                        0x080026e7   Thumb Code    18  stm32f4xx_tim.o(.text)
    TIM_OC2FastConfig                        0x080026f9   Thumb Code    26  stm32f4xx_tim.o(.text)
    TIM_OC3FastConfig                        0x08002713   Thumb Code    18  stm32f4xx_tim.o(.text)
    TIM_OC4FastConfig                        0x08002725   Thumb Code    26  stm32f4xx_tim.o(.text)
    TIM_ClearOC1Ref                          0x0800273f   Thumb Code    18  stm32f4xx_tim.o(.text)
    TIM_ClearOC2Ref                          0x08002751   Thumb Code    24  stm32f4xx_tim.o(.text)
    TIM_ClearOC3Ref                          0x08002769   Thumb Code    18  stm32f4xx_tim.o(.text)
    TIM_ClearOC4Ref                          0x0800277b   Thumb Code    24  stm32f4xx_tim.o(.text)
    TIM_OC1PolarityConfig                    0x08002793   Thumb Code    18  stm32f4xx_tim.o(.text)
    TIM_OC1NPolarityConfig                   0x080027a5   Thumb Code    18  stm32f4xx_tim.o(.text)
    TIM_OC2PolarityConfig                    0x080027b7   Thumb Code    26  stm32f4xx_tim.o(.text)
    TIM_OC2NPolarityConfig                   0x080027d1   Thumb Code    26  stm32f4xx_tim.o(.text)
    TIM_OC3PolarityConfig                    0x080027eb   Thumb Code    26  stm32f4xx_tim.o(.text)
    TIM_OC3NPolarityConfig                   0x08002805   Thumb Code    26  stm32f4xx_tim.o(.text)
    TIM_OC4PolarityConfig                    0x0800281f   Thumb Code    26  stm32f4xx_tim.o(.text)
    TIM_CCxCmd                               0x08002839   Thumb Code    30  stm32f4xx_tim.o(.text)
    TIM_CCxNCmd                              0x08002857   Thumb Code    30  stm32f4xx_tim.o(.text)
    TIM_SetIC4Prescaler                      0x08002875   Thumb Code    26  stm32f4xx_tim.o(.text)
    TIM_SetIC3Prescaler                      0x080028df   Thumb Code    18  stm32f4xx_tim.o(.text)
    TIM_SetIC2Prescaler                      0x08002939   Thumb Code    26  stm32f4xx_tim.o(.text)
    TIM_SetIC1Prescaler                      0x080029ad   Thumb Code    18  stm32f4xx_tim.o(.text)
    TIM_ICInit                               0x080029f9   Thumb Code   110  stm32f4xx_tim.o(.text)
    TIM_ICStructInit                         0x08002a67   Thumb Code    18  stm32f4xx_tim.o(.text)
    TIM_PWMIConfig                           0x08002a79   Thumb Code   124  stm32f4xx_tim.o(.text)
    TIM_GetCapture1                          0x08002af5   Thumb Code     6  stm32f4xx_tim.o(.text)
    TIM_GetCapture2                          0x08002afb   Thumb Code     6  stm32f4xx_tim.o(.text)
    TIM_GetCapture3                          0x08002b01   Thumb Code     6  stm32f4xx_tim.o(.text)
    TIM_GetCapture4                          0x08002b07   Thumb Code     6  stm32f4xx_tim.o(.text)
    TIM_BDTRConfig                           0x08002b0d   Thumb Code    32  stm32f4xx_tim.o(.text)
    TIM_BDTRStructInit                       0x08002b2d   Thumb Code    18  stm32f4xx_tim.o(.text)
    TIM_CtrlPWMOutputs                       0x08002b3f   Thumb Code    30  stm32f4xx_tim.o(.text)
    TIM_SelectCOM                            0x08002b5d   Thumb Code    24  stm32f4xx_tim.o(.text)
    TIM_CCPreloadControl                     0x08002b75   Thumb Code    24  stm32f4xx_tim.o(.text)
    TIM_ITConfig                             0x08002b8d   Thumb Code    18  stm32f4xx_tim.o(.text)
    TIM_GenerateEvent                        0x08002b9f   Thumb Code     4  stm32f4xx_tim.o(.text)
    TIM_GetFlagStatus                        0x08002ba3   Thumb Code    18  stm32f4xx_tim.o(.text)
    TIM_ClearFlag                            0x08002bb5   Thumb Code     6  stm32f4xx_tim.o(.text)
    TIM_GetITStatus                          0x08002bbb   Thumb Code    34  stm32f4xx_tim.o(.text)
    TIM_ClearITPendingBit                    0x08002bdd   Thumb Code     6  stm32f4xx_tim.o(.text)
    TIM_DMAConfig                            0x08002be3   Thumb Code    10  stm32f4xx_tim.o(.text)
    TIM_DMACmd                               0x08002bed   Thumb Code    18  stm32f4xx_tim.o(.text)
    TIM_SelectCCDMA                          0x08002bff   Thumb Code    24  stm32f4xx_tim.o(.text)
    TIM_InternalClockConfig                  0x08002c17   Thumb Code    12  stm32f4xx_tim.o(.text)
    TIM_SelectInputTrigger                   0x08002c23   Thumb Code    18  stm32f4xx_tim.o(.text)
    TIM_ITRxExternalClockConfig              0x08002c35   Thumb Code    24  stm32f4xx_tim.o(.text)
    TIM_TIxExternalClockConfig               0x08002c4d   Thumb Code    62  stm32f4xx_tim.o(.text)
    TIM_ETRConfig                            0x08002c8b   Thumb Code    28  stm32f4xx_tim.o(.text)
    TIM_ETRClockMode1Config                  0x08002ca7   Thumb Code    54  stm32f4xx_tim.o(.text)
    TIM_ETRClockMode2Config                  0x08002cdd   Thumb Code    32  stm32f4xx_tim.o(.text)
    TIM_SelectOutputTrigger                  0x08002cfd   Thumb Code    18  stm32f4xx_tim.o(.text)
    TIM_SelectSlaveMode                      0x08002d0f   Thumb Code    18  stm32f4xx_tim.o(.text)
    TIM_SelectMasterSlaveMode                0x08002d21   Thumb Code    18  stm32f4xx_tim.o(.text)
    TIM_EncoderInterfaceConfig               0x08002d33   Thumb Code    66  stm32f4xx_tim.o(.text)
    TIM_SelectHallSensor                     0x08002d75   Thumb Code    24  stm32f4xx_tim.o(.text)
    TIM_RemapConfig                          0x08002d8d   Thumb Code     6  stm32f4xx_tim.o(.text)
    USART_DeInit                             0x08002d95   Thumb Code   156  stm32f4xx_usart.o(.text)
    USART_Init                               0x08002e31   Thumb Code   204  stm32f4xx_usart.o(.text)
    USART_StructInit                         0x08002efd   Thumb Code    24  stm32f4xx_usart.o(.text)
    USART_ClockInit                          0x08002f15   Thumb Code    32  stm32f4xx_usart.o(.text)
    USART_ClockStructInit                    0x08002f35   Thumb Code    12  stm32f4xx_usart.o(.text)
    USART_Cmd                                0x08002f41   Thumb Code    24  stm32f4xx_usart.o(.text)
    USART_SetPrescaler                       0x08002f59   Thumb Code    16  stm32f4xx_usart.o(.text)
    USART_OverSampling8Cmd                   0x08002f69   Thumb Code    22  stm32f4xx_usart.o(.text)
    USART_OneBitMethodCmd                    0x08002f7f   Thumb Code    24  stm32f4xx_usart.o(.text)
    USART_SendData                           0x08002f97   Thumb Code     8  stm32f4xx_usart.o(.text)
    USART_ReceiveData                        0x08002f9f   Thumb Code    10  stm32f4xx_usart.o(.text)
    USART_SetAddress                         0x08002fa9   Thumb Code    18  stm32f4xx_usart.o(.text)
    USART_ReceiverWakeUpCmd                  0x08002fbb   Thumb Code    24  stm32f4xx_usart.o(.text)
    USART_WakeUpConfig                       0x08002fd3   Thumb Code    18  stm32f4xx_usart.o(.text)
    USART_LINBreakDetectLengthConfig         0x08002fe5   Thumb Code    18  stm32f4xx_usart.o(.text)
    USART_LINCmd                             0x08002ff7   Thumb Code    24  stm32f4xx_usart.o(.text)
    USART_SendBreak                          0x0800300f   Thumb Code    10  stm32f4xx_usart.o(.text)
    USART_HalfDuplexCmd                      0x08003019   Thumb Code    24  stm32f4xx_usart.o(.text)
    USART_SetGuardTime                       0x08003031   Thumb Code    16  stm32f4xx_usart.o(.text)
    USART_SmartCardCmd                       0x08003041   Thumb Code    24  stm32f4xx_usart.o(.text)
    USART_SmartCardNACKCmd                   0x08003059   Thumb Code    24  stm32f4xx_usart.o(.text)
    USART_IrDAConfig                         0x08003071   Thumb Code    18  stm32f4xx_usart.o(.text)
    USART_IrDACmd                            0x08003083   Thumb Code    24  stm32f4xx_usart.o(.text)
    USART_DMACmd                             0x0800309b   Thumb Code    18  stm32f4xx_usart.o(.text)
    USART_ITConfig                           0x080030ad   Thumb Code    74  stm32f4xx_usart.o(.text)
    USART_GetFlagStatus                      0x080030f7   Thumb Code    26  stm32f4xx_usart.o(.text)
    USART_ClearFlag                          0x08003111   Thumb Code    18  stm32f4xx_usart.o(.text)
    USART_GetITStatus                        0x08003123   Thumb Code   110  stm32f4xx_usart.o(.text)
    USART_ClearITPendingBit                  0x08003191   Thumb Code    30  stm32f4xx_usart.o(.text)
    SystemInit                               0x0800328d   Thumb Code    88  system_stm32f4xx.o(.text)
    SystemCoreClockUpdate                    0x080032e5   Thumb Code   174  system_stm32f4xx.o(.text)
    GetWorkState                             0x080033c7   Thumb Code     6  controltask.o(.text)
    CMControlLoop                            0x080033cd   Thumb Code   904  controltask.o(.text)
    ControtLoopTaskInit                      0x08003755   Thumb Code    44  controltask.o(.text)
    WorkStateFSM                             0x080037fd   Thumb Code   162  controltask.o(.text)
    Control_Task                             0x0800389f   Thumb Code    36  controltask.o(.text)
    GetRemoteSwitchAction                    0x080038d1   Thumb Code   120  remotetask.o(.text)
    IsRemoteBeingAction                      0x08003949   Thumb Code   238  remotetask.o(.text)
    SetInputMode                             0x08003a37   Thumb Code    36  remotetask.o(.text)
    GetInputMode                             0x08003a5b   Thumb Code     6  remotetask.o(.text)
    RemoteShootControl                       0x08003a61   Thumb Code    48  remotetask.o(.text)
    MouseShootControl                        0x08003a91   Thumb Code    78  remotetask.o(.text)
    GimbalAngleLimit                         0x08003adf   Thumb Code    60  remotetask.o(.text)
    MouseKeyControlProcess                   0x08003b1b   Thumb Code   852  remotetask.o(.text)
    RemoteControlProcess                     0x08003e6f   Thumb Code   494  remotetask.o(.text)
    RemoteDataPrcess                         0x0800405d   Thumb Code   216  remotetask.o(.text)
    GetShootState                            0x08004135   Thumb Code     6  remotetask.o(.text)
    SetShootState                            0x0800413b   Thumb Code    90  remotetask.o(.text)
    GetFrictionState                         0x08004195   Thumb Code     6  remotetask.o(.text)
    SetFrictionState                         0x0800419b   Thumb Code     6  remotetask.o(.text)
    RemoteTaskInit                           0x080041a1   Thumb Code    78  remotetask.o(.text)
    GetEncoderBias                           0x0800420d   Thumb Code    26  canbustask.o(.text)
    EncoderProcess                           0x08004227   Thumb Code   202  canbustask.o(.text)
    CanReceiveMsgProcess                     0x080042f1   Thumb Code   284  canbustask.o(.text)
    Set_CM_Speed                             0x0800440d   Thumb Code    92  canbustask.o(.text)
    Set_Gimbal_Current                       0x08004469   Thumb Code    82  canbustask.o(.text)
    FIFO_Init                                0x080044e9   Thumb Code    78  fifo.o(.text)
    FIFO_Create                              0x08004537   Thumb Code    80  fifo.o(.text)
    FIFO_Destory                             0x08004587   Thumb Code    40  fifo.o(.text)
    FIFO_S_Init                              0x080045af   Thumb Code    62  fifo.o(.text)
    FIFO_S_Create                            0x080045ed   Thumb Code    60  fifo.o(.text)
    FIFO_S_Destory                           0x08004629   Thumb Code    40  fifo.o(.text)
    FIFO_Put                                 0x08004651   Thumb Code   106  fifo.o(.text)
    FIFO_S_Put                               0x080046bb   Thumb Code    68  fifo.o(.text)
    FIFO_S_Puts                              0x080046ff   Thumb Code    98  fifo.o(.text)
    FIFO_Get                                 0x08004761   Thumb Code   106  fifo.o(.text)
    FIFO_S_Get                               0x080047cb   Thumb Code    58  fifo.o(.text)
    FIFO_GetHead                             0x08004805   Thumb Code   162  fifo.o(.text)
    FIFO_S_GetHead                           0x080048a7   Thumb Code    76  fifo.o(.text)
    FIFO_PreRead                             0x080048f3   Thumb Code   108  fifo.o(.text)
    FIFO_S_PreRead                           0x0800495f   Thumb Code    48  fifo.o(.text)
    FIFO_IsEmpty                             0x0800498f   Thumb Code    24  fifo.o(.text)
    FIFO_S_IsEmpty                           0x080049a7   Thumb Code    24  fifo.o(.text)
    FIFO_IsFull                              0x080049bf   Thumb Code    24  fifo.o(.text)
    FIFO_S_IsFull                            0x080049d7   Thumb Code    24  fifo.o(.text)
    FIFO_CountUsed                           0x080049ef   Thumb Code    16  fifo.o(.text)
    FIFO_S_CountUsed                         0x080049ff   Thumb Code    16  fifo.o(.text)
    FIFO_CountFree                           0x08004a0f   Thumb Code    16  fifo.o(.text)
    FIFO_S_CountFree                         0x08004a1f   Thumb Code    16  fifo.o(.text)
    FIFO_Flush                               0x08004a2f   Thumb Code    50  fifo.o(.text)
    FIFO_S_Flush                             0x08004a61   Thumb Code    44  fifo.o(.text)
    RampInit                                 0x08004a8d   Thumb Code     8  ramp.o(.text)
    RampCalc                                 0x08004a95   Thumb Code    66  ramp.o(.text)
    RampSetCounter                           0x08004ad7   Thumb Code     4  ramp.o(.text)
    RampResetCounter                         0x08004adb   Thumb Code     6  ramp.o(.text)
    RampSetScale                             0x08004ae1   Thumb Code     4  ramp.o(.text)
    RampIsOverflow                           0x08004ae5   Thumb Code    18  ramp.o(.text)
    LostCounterFeed                          0x08004afd   Thumb Code     8  lostcounter.o(.text)
    LostCounterCount                         0x08004b05   Thumb Code    10  lostcounter.o(.text)
    LostCounterOverflowCheck                 0x08004b0f   Thumb Code    14  lostcounter.o(.text)
    PID_Reset                                0x08004b1d   Thumb Code    50  pid_regulator.o(.text)
    PID_Calc                                 0x08004b4f   Thumb Code   234  pid_regulator.o(.text)
    __aeabi_dadd                             0x08004c3d   Thumb Code   322  dadd.o(.text)
    __aeabi_dsub                             0x08004d7f   Thumb Code     6  dadd.o(.text)
    __aeabi_drsub                            0x08004d85   Thumb Code     6  dadd.o(.text)
    __aeabi_dmul                             0x08004d8b   Thumb Code   228  dmul.o(.text)
    __aeabi_i2d                              0x08004e6f   Thumb Code    34  dflti.o(.text)
    __aeabi_ui2d                             0x08004e91   Thumb Code    26  dfltui.o(.text)
    __aeabi_d2iz                             0x08004eab   Thumb Code    62  dfixi.o(.text)
    __aeabi_d2uiz                            0x08004ee9   Thumb Code    50  dfixui.o(.text)
    __aeabi_f2d                              0x08004f1b   Thumb Code    38  f2d.o(.text)
    __aeabi_cdcmpeq                          0x08004f41   Thumb Code     0  cdcmple.o(.text)
    __aeabi_cdcmple                          0x08004f41   Thumb Code    48  cdcmple.o(.text)
    __aeabi_cdrcmple                         0x08004f71   Thumb Code    48  cdrcmple.o(.text)
    __aeabi_d2f                              0x08004fa1   Thumb Code    56  d2f.o(.text)
    __aeabi_llsl                             0x08004fd9   Thumb Code    30  llshl.o(.text)
    _ll_shift_l                              0x08004fd9   Thumb Code     0  llshl.o(.text)
    __aeabi_llsr                             0x08004ff7   Thumb Code    32  llushr.o(.text)
    _ll_ushift_r                             0x08004ff7   Thumb Code     0  llushr.o(.text)
    __aeabi_lasr                             0x08005017   Thumb Code    36  llsshr.o(.text)
    _ll_sshift_r                             0x08005017   Thumb Code     0  llsshr.o(.text)
    __I$use$fp                               0x0800503b   Thumb Code     0  iusefp.o(.text)
    _float_round                             0x0800503b   Thumb Code    18  fepilogue.o(.text)
    _float_epilogue                          0x0800504d   Thumb Code    92  fepilogue.o(.text)
    _double_round                            0x080050a9   Thumb Code    30  depilogue.o(.text)
    _double_epilogue                         0x080050c7   Thumb Code   156  depilogue.o(.text)
    __scatterload                            0x08005165   Thumb Code    28  init.o(.text)
    __scatterload_rt2                        0x08005165   Thumb Code     0  init.o(.text)
    __decompress                             0x08005189   Thumb Code     0  __dczerorl2.o(.text)
    __decompress1                            0x08005189   Thumb Code    86  __dczerorl2.o(.text)
    __hardfp_fabs                            0x080051df   Thumb Code    20  fabs.o(i.__hardfp_fabs)
    __scatterload_copy                       0x080051f3   Thumb Code    14  handlers.o(i.__scatterload_copy)
    __scatterload_null                       0x08005201   Thumb Code     2  handlers.o(i.__scatterload_null)
    __scatterload_zeroinit                   0x08005203   Thumb Code    14  handlers.o(i.__scatterload_zeroinit)
    free                                     0x08005211   Thumb Code    76  malloc.o(i.free)
    malloc                                   0x08005261   Thumb Code    92  malloc.o(i.malloc)
    Region$$Table$$Base                      0x080052cc   Number         0  anon$$obj.o(Region$$Table)
    Region$$Table$$Limit                     0x080052ec   Number         0  anon$$obj.o(Region$$Table)
    UART_TranFifo                            0x20000004   Data           4  usart3.o(.data)
    receive_from_pi                          0x20000008   Data           1  usart3.o(.data)
    SystemCoreClock                          0x2000001c   Data           4  system_stm32f4xx.o(.data)
    AHBPrescTable                            0x20000020   Data          16  system_stm32f4xx.o(.data)
    CMRotatePID                              0x20000030   Data          80  controltask.o(.data)
    CM1SpeedPID                              0x20000080   Data          80  controltask.o(.data)
    CM2SpeedPID                              0x200000d0   Data          80  controltask.o(.data)
    CM3SpeedPID                              0x20000120   Data          80  controltask.o(.data)
    CM4SpeedPID                              0x20000170   Data          80  controltask.o(.data)
    lastWorkState                            0x200001c0   Data           1  controltask.o(.data)
    workState                                0x200001c1   Data           1  controltask.o(.data)
    GMPitchRamp                              0x200001c4   Data          36  controltask.o(.data)
    GMYawRamp                                0x200001e8   Data          36  controltask.o(.data)
    error_now                                0x2000020c   Data           4  controltask.o(.data)
    error_last                               0x20000210   Data           4  controltask.o(.data)
    error_now_yaw                            0x20000214   Data           4  controltask.o(.data)
    error_last_yaw                           0x20000218   Data           4  controltask.o(.data)
    pwm_ccr                                  0x2000021c   Data           2  controltask.o(.data)
    ChassisSpeedRef                          0x20000224   Data           6  remotetask.o(.data)
    friction_wheel_state                     0x2000022a   Data           1  remotetask.o(.data)
    frictionRamp                             0x20000230   Data          36  remotetask.o(.data)
    LRSpeedRamp                              0x20000254   Data          36  remotetask.o(.data)
    FBSpeedRamp                              0x20000278   Data          36  remotetask.o(.data)
    ZGyroModuleAngle                         0x200002a8   Data           4  canbustask.o(.data)
    __microlib_freelist                      0x200002ac   Data           4  mvars.o(.data)
    __microlib_freelist_initialised          0x200002b0   Data           4  mvars.o(.data)
    RC_CtrlData                              0x200003f4   Data          22  remotetask.o(.bss)
    GimbalRef                                0x2000040c   Data          24  remotetask.o(.bss)
    CM1Encoder                               0x2000043c   Data          68  canbustask.o(.bss)
    CM2Encoder                               0x20000480   Data          68  canbustask.o(.bss)
    CM3Encoder                               0x200004c4   Data          68  canbustask.o(.bss)
    CM4Encoder                               0x20000508   Data          68  canbustask.o(.bss)
    GMYawEncoder                             0x2000054c   Data          68  canbustask.o(.bss)
    GMPitchEncoder                           0x20000590   Data          68  canbustask.o(.bss)
    __heap_base                              0x200005d8   Data           0  startup_stm32f4xx.o(HEAP)
    __heap_limit                             0x200007d8   Data           0  startup_stm32f4xx.o(HEAP)
    __initial_sp                             0x200011d8   Data           0  startup_stm32f4xx.o(STACK)



==============================================================================

Memory Map of the image

  Image Entry point : 0x08000189

  Load Region LR_IROM1 (Base: 0x08000000, Size: 0x000055a0, Max: 0x00100000, ABSOLUTE, COMPRESSED[0x00005350])

    Execution Region ER_IROM1 (Base: 0x08000000, Size: 0x000052ec, Max: 0x00100000, ABSOLUTE)

    Base Addr    Size         Type   Attr      Idx    E Section Name        Object

    0x08000000   0x00000188   Data   RO          562    RESET               startup_stm32f4xx.o
    0x08000188   0x00000000   Code   RO         1439  * .ARM.Collect$$$$00000000  mc_w.l(entry.o)
    0x08000188   0x00000004   Code   RO         1490    .ARM.Collect$$$$00000001  mc_w.l(entry2.o)
    0x0800018c   0x00000004   Code   RO         1493    .ARM.Collect$$$$00000004  mc_w.l(entry5.o)
    0x08000190   0x00000000   Code   RO         1495    .ARM.Collect$$$$00000008  mc_w.l(entry7b.o)
    0x08000190   0x00000000   Code   RO         1497    .ARM.Collect$$$$0000000A  mc_w.l(entry8b.o)
    0x08000190   0x00000008   Code   RO         1498    .ARM.Collect$$$$0000000B  mc_w.l(entry9a.o)
    0x08000198   0x00000000   Code   RO         1500    .ARM.Collect$$$$0000000D  mc_w.l(entry10a.o)
    0x08000198   0x00000000   Code   RO         1502    .ARM.Collect$$$$0000000F  mc_w.l(entry11a.o)
    0x08000198   0x00000004   Code   RO         1491    .ARM.Collect$$$$00002712  mc_w.l(entry2.o)
    0x0800019c   0x00000018   Code   RO            4    .text               main.o
    0x080001b4   0x000000a8   Code   RO          269    .text               can1.o
    0x0800025c   0x00000048   Code   RO          293    .text               can2.o
    0x080002a4   0x0000006c   Code   RO          320    .text               delay.o
    0x08000310   0x00000104   Code   RO          344    .text               exti.o
    0x08000414   0x000001b4   Code   RO          392    .text               timer.o
    0x080005c8   0x00000208   Code   RO          419    .text               usart1.o
    0x080007d0   0x000000e0   Code   RO          452    .text               usart3.o
    0x080008b0   0x00000024   Code   RO          563    .text               startup_stm32f4xx.o
    0x080008d4   0x00000018   Code   RO          567    .text               stm32f4xx_it.o
    0x080008ec   0x000000e0   Code   RO          582    .text               misc.o
    0x080009cc   0x000009f0   Code   RO          659    .text               stm32f4xx_can.o
    0x080013bc   0x000003a8   Code   RO          740    .text               stm32f4xx_dma.o
    0x08001764   0x0000011c   Code   RO          767    .text               stm32f4xx_exti.o
    0x08001880   0x0000025c   Code   RO          821    .text               stm32f4xx_gpio.o
    0x08001adc   0x00000588   Code   RO          875    .text               stm32f4xx_rcc.o
    0x08002064   0x0000008c   Code   RO          931    .text               stm32f4xx_syscfg.o
    0x080020f0   0x00000ca2   Code   RO          958    .text               stm32f4xx_tim.o
    0x08002d92   0x00000002   PAD
    0x08002d94   0x0000041a   Code   RO          985    .text               stm32f4xx_usart.o
    0x080031ae   0x00000002   PAD
    0x080031b0   0x00000210   Code   RO         1012    .text               system_stm32f4xx.o
    0x080033c0   0x00000510   Code   RO         1069    .text               controltask.o
    0x080038d0   0x0000093c   Code   RO         1099    .text               remotetask.o
    0x0800420c   0x000002dc   Code   RO         1131    .text               canbustask.o
    0x080044e8   0x000005a4   Code   RO         1161    .text               RMLib.lib(fifo.o)
    0x08004a8c   0x00000070   Code   RO         1253    .text               RMLib.lib(ramp.o)
    0x08004afc   0x00000020   Code   RO         1386    .text               RMLib.lib(lostcounter.o)
    0x08004b1c   0x00000120   Code   RO         1409    .text               RMLib.lib(pid_regulator.o)
    0x08004c3c   0x0000014e   Code   RO         1470    .text               mf_w.l(dadd.o)
    0x08004d8a   0x000000e4   Code   RO         1472    .text               mf_w.l(dmul.o)
    0x08004e6e   0x00000022   Code   RO         1474    .text               mf_w.l(dflti.o)
    0x08004e90   0x0000001a   Code   RO         1476    .text               mf_w.l(dfltui.o)
    0x08004eaa   0x0000003e   Code   RO         1478    .text               mf_w.l(dfixi.o)
    0x08004ee8   0x00000032   Code   RO         1480    .text               mf_w.l(dfixui.o)
    0x08004f1a   0x00000026   Code   RO         1482    .text               mf_w.l(f2d.o)
    0x08004f40   0x00000030   Code   RO         1484    .text               mf_w.l(cdcmple.o)
    0x08004f70   0x00000030   Code   RO         1486    .text               mf_w.l(cdrcmple.o)
    0x08004fa0   0x00000038   Code   RO         1488    .text               mf_w.l(d2f.o)
    0x08004fd8   0x0000001e   Code   RO         1504    .text               mc_w.l(llshl.o)
    0x08004ff6   0x00000020   Code   RO         1506    .text               mc_w.l(llushr.o)
    0x08005016   0x00000024   Code   RO         1508    .text               mc_w.l(llsshr.o)
    0x0800503a   0x00000000   Code   RO         1516    .text               mc_w.l(iusefp.o)
    0x0800503a   0x0000006e   Code   RO         1517    .text               mf_w.l(fepilogue.o)
    0x080050a8   0x000000ba   Code   RO         1519    .text               mf_w.l(depilogue.o)
    0x08005162   0x00000002   PAD
    0x08005164   0x00000024   Code   RO         1521    .text               mc_w.l(init.o)
    0x08005188   0x00000056   Code   RO         1531    .text               mc_w.l(__dczerorl2.o)
    0x080051de   0x00000014   Code   RO         1433    i.__hardfp_fabs     m_wm.l(fabs.o)
    0x080051f2   0x0000000e   Code   RO         1525    i.__scatterload_copy  mc_w.l(handlers.o)
    0x08005200   0x00000002   Code   RO         1526    i.__scatterload_null  mc_w.l(handlers.o)
    0x08005202   0x0000000e   Code   RO         1527    i.__scatterload_zeroinit  mc_w.l(handlers.o)
    0x08005210   0x00000050   Code   RO         1442    i.free              mc_w.l(malloc.o)
    0x08005260   0x0000006c   Code   RO         1443    i.malloc            mc_w.l(malloc.o)
    0x080052cc   0x00000020   Data   RO         1523    Region$$Table       anon$$obj.o


    Execution Region RW_IRAM1 (Base: 0x20000000, Size: 0x000011d8, Max: 0x00020000, ABSOLUTE, COMPRESSED[0x00000064])

    Base Addr    Size         Type   Attr      Idx    E Section Name        Object

    0x20000000   0x00000004   Data   RW          421    .data               usart1.o
    0x20000004   0x00000005   Data   RW          454    .data               usart3.o
    0x20000009   0x00000010   Data   RW          876    .data               stm32f4xx_rcc.o
    0x20000019   0x00000003   PAD
    0x2000001c   0x00000014   Data   RW         1013    .data               system_stm32f4xx.o
    0x20000030   0x000001f4   Data   RW         1070    .data               controltask.o
    0x20000224   0x00000080   Data   RW         1101    .data               remotetask.o
    0x200002a4   0x00000008   Data   RW         1133    .data               canbustask.o
    0x200002ac   0x00000004   Data   RW         1514    .data               mc_w.l(mvars.o)
    0x200002b0   0x00000004   Data   RW         1515    .data               mc_w.l(mvars.o)
    0x200002b4   0x0000013e   Zero   RW          420    .bss                usart1.o
    0x200003f2   0x00000002   PAD
    0x200003f4   0x00000047   Zero   RW         1100    .bss                remotetask.o
    0x2000043b   0x00000001   PAD
    0x2000043c   0x00000198   Zero   RW         1132    .bss                canbustask.o
    0x200005d4   0x00000004   PAD
    0x200005d8   0x00000200   Zero   RW          561    HEAP                startup_stm32f4xx.o
    0x200007d8   0x00000a00   Zero   RW          560    STACK               startup_stm32f4xx.o


==============================================================================

Image component sizes


      Code (inc. data)   RO Data    RW Data    ZI Data      Debug   Object Name

       168          8          0          0          0       1089   can1.o
        72          6          0          0          0        876   can2.o
       732         46          0          8        408       3088   canbustask.o
      1296        114          0        500          0       4777   controltask.o
       108          0          0          0          0       1214   delay.o
       260          8          0          0          0        935   exti.o
        24          6          0          0          0     288535   main.o
       224         20          0          0          0     210881   misc.o
      2364        192          0        128         71       7978   remotetask.o
        36          8        392          0       3072        828   startup_stm32f4xx.o
      2544         38          0          0          0      16376   stm32f4xx_can.o
       936         32          0          0          0      18945   stm32f4xx_dma.o
       284         10          0          0          0       4659   stm32f4xx_exti.o
       604         36          0          0          0      10425   stm32f4xx_gpio.o
        24          0          0          0          0       1146   stm32f4xx_it.o
      1416         48          0         16          0      23895   stm32f4xx_rcc.o
       140         12          0          0          0       1687   stm32f4xx_syscfg.o
      3234         60          0          0          0      42728   stm32f4xx_tim.o
      1050         26          0          0          0      13768   stm32f4xx_usart.o
       528         46          0         20          0       1863   system_stm32f4xx.o
       436         18          0          0          0       1717   timer.o
       520         30          0          4        318       2737   usart1.o
       224         10          0          5          0       3031   usart3.o

    ----------------------------------------------------------------------
     17228        774        424        684       3876     663178   Object Totals
         0          0         32          0          0          0   (incl. Generated)
         4          0          0          3          7          0   (incl. Padding)

    ----------------------------------------------------------------------

      Code (inc. data)   RO Data    RW Data    ZI Data      Debug   Library Member Name

      1444          0          0          0          0      11304   fifo.o
        32          0          0          0          0       1640   lostcounter.o
       288          4          0          0          0       1785   pid_regulator.o
       112          6          0          0          0       2612   ramp.o
        20          0          0          0          0        124   fabs.o
        86          0          0          0          0          0   __dczerorl2.o
         0          0          0          0          0          0   entry.o
         0          0          0          0          0          0   entry10a.o
         0          0          0          0          0          0   entry11a.o
         8          4          0          0          0          0   entry2.o
         4          0          0          0          0          0   entry5.o
         0          0          0          0          0          0   entry7b.o
         0          0          0          0          0          0   entry8b.o
         8          4          0          0          0          0   entry9a.o
        30          0          0          0          0          0   handlers.o
        36          8          0          0          0         68   init.o
         0          0          0          0          0          0   iusefp.o
        30          0          0          0          0         68   llshl.o
        36          0          0          0          0         68   llsshr.o
        32          0          0          0          0         68   llushr.o
       188         20          0          0          0        160   malloc.o
         0          0          0          8          0          0   mvars.o
        48          0          0          0          0         68   cdcmple.o
        48          0          0          0          0         68   cdrcmple.o
        56          0          0          0          0         88   d2f.o
       334          0          0          0          0        148   dadd.o
       186          0          0          0          0        176   depilogue.o
        62          0          0          0          0         80   dfixi.o
        50          0          0          0          0         76   dfixui.o
        34          0          0          0          0         76   dflti.o
        26          0          0          0          0         76   dfltui.o
       228          0          0          0          0         96   dmul.o
        38          0          0          0          0         68   f2d.o
       110          0          0          0          0        168   fepilogue.o

    ----------------------------------------------------------------------
      3576         46          0          8          0      19085   Library Totals
         2          0          0          0          0          0   (incl. Padding)

    ----------------------------------------------------------------------

      Code (inc. data)   RO Data    RW Data    ZI Data      Debug   Library Name

      1876         10          0          0          0      17341   RMLib.lib
        20          0          0          0          0        124   m_wm.l
       458         36          0          8          0        432   mc_w.l
      1220          0          0          0          0       1188   mf_w.l

    ----------------------------------------------------------------------
      3576         46          0          8          0      19085   Library Totals

    ----------------------------------------------------------------------

==============================================================================


      Code (inc. data)   RO Data    RW Data    ZI Data      Debug   

     20804        820        424        692       3876     675767   Grand Totals
     20804        820        424        100       3876     675767   ELF Image Totals (compressed)
     20804        820        424        100          0          0   ROM Totals

==============================================================================

    Total RO  Size (Code + RO Data)                21228 (  20.73kB)
    Total RW  Size (RW Data + ZI Data)              4568 (   4.46kB)
    Total ROM Size (Code + RO Data + RW Data)      21328 (  20.83kB)

==============================================================================

