Product: MDK-ARM Professional 5.10
Component: ARM Compiler 5.04 update 1 (build 49)
Tool: armlink [5040049]

==============================================================================

Section Cross References

    main.o(.text) refers to delay.o(.text) for delay_ms
    main.o(.text) refers to led.o(.text) for Led_Configuration
    main.o(.text) refers to usart1.o(.text) for USART1_Configuration
    main.o(.text) refers to usart3.o(.text) for USART3_Configuration
    main.o(.text) refers to gun.o(.text) for PWM_Configuration
    main.o(.text) refers to timer.o(.text) for TIM6_Configuration
    main.o(.text) refers to can1.o(.text) for CAN1_Configuration
    main.o(.text) refers to can2.o(.text) for CAN2_Configuration
    main.o(.text) refers to printfa.o(i.__0printf) for __2printf
    bsp.o(.text) refers to misc.o(.text) for NVIC_PriorityGroupConfig
    bsp.o(.text) refers to gun.o(.text) for PWM_Configuration
    bsp.o(.text) refers to laser.o(.text) for Laser_Configuration
    bsp.o(.text) refers to timer.o(.text) for TIM2_Configuration
    bsp.o(.text) refers to can1.o(.text) for CAN1_Configuration
    bsp.o(.text) refers to can2.o(.text) for CAN2_Configuration
    bsp.o(.text) refers to usart1.o(.text) for USART1_Configuration
    bsp.o(.text) refers to usart3.o(.text) for USART3_Configuration
    bsp.o(.text) refers to supertruck.o(.text) for super_Configuration
    led.o(.text) refers to stm32f4xx_rcc.o(.text) for RCC_AHB1PeriphClockCmd
    led.o(.text) refers to stm32f4xx_gpio.o(.text) for GPIO_Init
    can1.o(.text) refers to stm32f4xx_rcc.o(.text) for RCC_AHB1PeriphClockCmd
    can1.o(.text) refers to stm32f4xx_gpio.o(.text) for GPIO_PinAFConfig
    can1.o(.text) refers to misc.o(.text) for NVIC_Init
    can1.o(.text) refers to stm32f4xx_can.o(.text) for CAN_DeInit
    can1.o(.text) refers to canbustask.o(.text) for CanReceiveMsgProcess
    can2.o(.text) refers to stm32f4xx_rcc.o(.text) for RCC_AHB1PeriphClockCmd
    can2.o(.text) refers to stm32f4xx_gpio.o(.text) for GPIO_PinAFConfig
    can2.o(.text) refers to misc.o(.text) for NVIC_Init
    can2.o(.text) refers to stm32f4xx_can.o(.text) for CAN_DeInit
    can2.o(.text) refers to canbustask.o(.text) for CanReceiveMsgProcess
    exti.o(.text) refers to stm32f4xx_rcc.o(.text) for RCC_APB2PeriphClockCmd
    exti.o(.text) refers to stm32f4xx_gpio.o(.text) for GPIO_Init
    exti.o(.text) refers to stm32f4xx_syscfg.o(.text) for SYSCFG_EXTILineConfig
    exti.o(.text) refers to stm32f4xx_exti.o(.text) for EXTI_Init
    exti.o(.text) refers to misc.o(.text) for NVIC_Init
    laser.o(.text) refers to stm32f4xx_rcc.o(.text) for RCC_AHB1PeriphClockCmd
    laser.o(.text) refers to stm32f4xx_gpio.o(.text) for GPIO_Init
    timer.o(.text) refers to f2d.o(.text) for __aeabi_f2d
    timer.o(.text) refers to printfa.o(i.__0printf) for __2printf
    timer.o(.text) refers to canbustask.o(.text) for Set_Gimbal_Current
    timer.o(.text) refers to delay.o(.text) for delay_us
    timer.o(.text) refers to stm32f4xx_rcc.o(.text) for RCC_APB2PeriphClockCmd
    timer.o(.text) refers to stm32f4xx_tim.o(.text) for TIM_ARRPreloadConfig
    timer.o(.text) refers to timer.o(.data) for flag
    timer.o(.text) refers to canbustask.o(.bss) for GMYawEncoder
    timer.o(.text) refers to misc.o(.text) for NVIC_Init
    timer.o(.text) refers to stm32f4xx_gpio.o(.text) for GPIO_ToggleBits
    usart1.o(.text) refers to fifo.o(.text) for FIFO_Init
    usart1.o(.text) refers to stm32f4xx_rcc.o(.text) for RCC_AHB1PeriphClockCmd
    usart1.o(.text) refers to stm32f4xx_gpio.o(.text) for GPIO_PinAFConfig
    usart1.o(.text) refers to stm32f4xx_usart.o(.text) for USART_DeInit
    usart1.o(.text) refers to stm32f4xx_dma.o(.text) for DMA_DeInit
    usart1.o(.text) refers to misc.o(.text) for NVIC_Init
    usart1.o(.text) refers to remotetask.o(.text) for RemoteDataPrcess
    usart1.o(.text) refers to usart1.o(.bss) for _USART1_RX_BUF
    usart1.o(.text) refers to usart1.o(.data) for this_time_rx_len
    usart3.o(.text) refers to stm32f4xx_rcc.o(.text) for RCC_AHB1PeriphClockCmd
    usart3.o(.text) refers to stm32f4xx_gpio.o(.text) for GPIO_PinAFConfig
    usart3.o(.text) refers to stm32f4xx_usart.o(.text) for USART_Init
    usart3.o(.text) refers to misc.o(.text) for NVIC_Init
    usart3.o(.text) refers to fifo.o(.text) for FIFO_S_Create
    usart3.o(.text) refers to usart3.o(.data) for UART_TranFifo
    encoder.o(.text) refers to stm32f4xx_rcc.o(.text) for RCC_AHB1PeriphClockCmd
    encoder.o(.text) refers to stm32f4xx_gpio.o(.text) for GPIO_Init
    encoder.o(.text) refers to stm32f4xx_tim.o(.text) for TIM_EncoderInterfaceConfig
    encoder.o(.text) refers to encoder.o(.data) for Encoder_Dir
    bsp_flash.o(.text) refers to stm32f4xx_flash.o(.text) for FLASH_Unlock
    supertruck.o(.text) refers to stm32f4xx_rcc.o(.text) for RCC_AHB1PeriphClockCmd
    supertruck.o(.text) refers to stm32f4xx_gpio.o(.text) for GPIO_Init
[...]
    ../clib/microlib/printf/stubs.s          0x00000000   Number         0  stubs.o ABSOLUTE
    ../clib/microlib/stdio/streams.c         0x00000000   Number         0  stdout.o ABSOLUTE
    ../clib/microlib/string/memcpy.c         0x00000000   Number         0  memcpyb.o ABSOLUTE
    ../clib/microlib/string/memcpy.c         0x00000000   Number         0  memcpya.o ABSOLUTE
    ../clib/microlib/stubs.s                 0x00000000   Number         0  iusefp.o ABSOLUTE
    ../fplib/microlib/d2f.c                  0x00000000   Number         0  d2f.o ABSOLUTE
    ../fplib/microlib/f2d.c                  0x00000000   Number         0  f2d.o ABSOLUTE
    ../fplib/microlib/fpadd.c                0x00000000   Number         0  dadd.o ABSOLUTE
    ../fplib/microlib/fpdiv.c                0x00000000   Number         0  ddiv.o ABSOLUTE
    ../fplib/microlib/fpepilogue.c           0x00000000   Number         0  depilogue.o ABSOLUTE
    ../fplib/microlib/fpepilogue.c           0x00000000   Number         0  fepilogue.o ABSOLUTE
    ../fplib/microlib/fpfix.c                0x00000000   Number         0  dfixui.o ABSOLUTE
    ../fplib/microlib/fpfix.c                0x00000000   Number         0  dfixul.o ABSOLUTE
    ../fplib/microlib/fpfix.c                0x00000000   Number         0  dfixi.o ABSOLUTE
    ../fplib/microlib/fpflt.c                0x00000000   Number         0  dflti.o ABSOLUTE
    ../fplib/microlib/fpflt.c                0x00000000   Number         0  dfltui.o ABSOLUTE
    ../fplib/microlib/fpmul.c                0x00000000   Number         0  dmul.o ABSOLUTE
    ../mathlib/fabs.c                        0x00000000   Number         0  fabs.o ABSOLUTE
    APP\CanBusTask.c                         0x00000000   Number         0  canbustask.o ABSOLUTE
    APP\ControlTask.c                        0x00000000   Number         0  controltask.o ABSOLUTE
    APP\RemoteTask.c                         0x00000000   Number         0  remotetask.o ABSOLUTE
    APP\\CanBusTask.c                        0x00000000   Number         0  canbustask.o ABSOLUTE
    APP\\ControlTask.c                       0x00000000   Number         0  controltask.o ABSOLUTE
    APP\\RemoteTask.c                        0x00000000   Number         0  remotetask.o ABSOLUTE
    BSP\\bsp.c                               0x00000000   Number         0  bsp.o ABSOLUTE
    BSP\\bsp_flash.c                         0x00000000   Number         0  bsp_flash.o ABSOLUTE
    BSP\\can1.c                              0x00000000   Number         0  can1.o ABSOLUTE
    BSP\\can2.c                              0x00000000   Number         0  can2.o ABSOLUTE
    BSP\\delay.c                             0x00000000   Number         0  delay.o ABSOLUTE
    BSP\\encoder.c                           0x00000000   Number         0  encoder.o ABSOLUTE
    BSP\\exti.c                              0x00000000   Number         0  exti.o ABSOLUTE
    BSP\\gun.c                               0x00000000   Number         0  gun.o ABSOLUTE
    BSP\\laser.c                             0x00000000   Number         0  laser.o ABSOLUTE
    BSP\\led.c                               0x00000000   Number         0  led.o ABSOLUTE
    BSP\\superTruck.c                        0x00000000   Number         0  supertruck.o ABSOLUTE
    BSP\\timer.c                             0x00000000   Number         0  timer.o ABSOLUTE
    BSP\\usart1.c                            0x00000000   Number         0  usart1.o ABSOLUTE
    BSP\\usart3.c                            0x00000000   Number         0  usart3.o ABSOLUTE
    BSP\bsp.c                                0x00000000   Number         0  bsp.o ABSOLUTE
    BSP\bsp_flash.c                          0x00000000   Number         0  bsp_flash.o ABSOLUTE
    BSP\can1.c                               0x00000000   Number         0  can1.o ABSOLUTE
    BSP\can2.c                               0x00000000   Number         0  can2.o ABSOLUTE
    BSP\delay.c                              0x00000000   Number         0  delay.o ABSOLUTE
    BSP\encoder.c                            0x00000000   Number         0  encoder.o ABSOLUTE
    BSP\exti.c                               0x00000000   Number         0  exti.o ABSOLUTE
    BSP\gun.c                                0x00000000   Number         0  gun.o ABSOLUTE
    BSP\laser.c                              0x00000000   Number         0  laser.o ABSOLUTE
    BSP\led.c                                0x00000000   Number         0  led.o ABSOLUTE
    BSP\superTruck.c                         0x00000000   Number         0  supertruck.o ABSOLUTE
    BSP\timer.c                              0x00000000   Number         0  timer.o ABSOLUTE
    BSP\usart1.c                             0x00000000   Number         0  usart1.o ABSOLUTE
    BSP\usart3.c                             0x00000000   Number         0  usart3.o ABSOLUTE
    RmLib\LostCounter.c                      0x00000000   Number         0  lostcounter.o ABSOLUTE
    RmLib\\LostCounter.c                     0x00000000   Number         0  lostcounter.o ABSOLUTE
    RmLib\\fifo.c                            0x00000000   Number         0  fifo.o ABSOLUTE
    RmLib\\pid_regulator.c                   0x00000000   Number         0  pid_regulator.o ABSOLUTE
    RmLib\\ramp.c                            0x00000000   Number         0  ramp.o ABSOLUTE
    RmLib\fifo.c                             0x00000000   Number         0  fifo.o ABSOLUTE
    RmLib\pid_regulator.c                    0x00000000   Number         0  pid_regulator.o ABSOLUTE
    RmLib\ramp.c                             0x00000000   Number         0  ramp.o ABSOLUTE
    STLibraries\\misc.c                      0x00000000   Number         0  misc.o ABSOLUTE
    STLibraries\\stm32f4xx_adc.c             0x00000000   Number         0  stm32f4xx_adc.o ABSOLUTE
    STLibraries\\stm32f4xx_can.c             0x00000000   Number         0  stm32f4xx_can.o ABSOLUTE
    STLibraries\\stm32f4xx_crc.c             0x00000000   Number         0  stm32f4xx_crc.o ABSOLUTE
    STLibraries\\stm32f4xx_dac.c             0x00000000   Number         0  stm32f4xx_dac.o ABSOLUTE
    STLibraries\\stm32f4xx_dma.c             0x00000000   Number         0  stm32f4xx_dma.o ABSOLUTE
    STLibraries\\stm32f4xx_exti.c            0x00000000   Number         0  stm32f4xx_exti.o ABSOLUTE
    STLibraries\\stm32f4xx_flash.c           0x00000000   Number         0  stm32f4xx_flash.o ABSOLUTE
    STLibraries\\stm32f4xx_gpio.c            0x00000000   Number         0  stm32f4xx_gpio.o ABSOLUTE
    STLibraries\\stm32f4xx_i2c.c             0x00000000   Number         0  stm32f4xx_i2c.o ABSOLUTE
    STLibraries\\stm32f4xx_pwr.c             0x00000000   Number         0  stm32f4xx_pwr.o ABSOLUTE
    STLibraries\\stm32f4xx_rcc.c             0x00000000   Number         0  stm32f4xx_rcc.o ABSOLUTE
    STLibraries\\stm32f4xx_spi.c             0x00000000   Number         0  stm32f4xx_spi.o ABSOLUTE
    STLibraries\\stm32f4xx_syscfg.c          0x00000000   Number         0  stm32f4xx_syscfg.o ABSOLUTE
    STLibraries\\stm32f4xx_tim.c             0x00000000   Number         0  stm32f4xx_tim.o ABSOLUTE
    STLibraries\\stm32f4xx_usart.c           0x00000000   Number         0  stm32f4xx_usart.o ABSOLUTE
    STLibraries\\system_stm32f4xx.c          0x00000000   Number         0  system_stm32f4xx.o ABSOLUTE
    STLibraries\misc.c                       0x00000000   Number         0  misc.o ABSOLUTE
    STLibraries\startup_stm32f4xx.s          0x00000000   Number         0  startup_stm32f4xx.o ABSOLUTE
    STLibraries\stm32f4xx_adc.c              0x00000000   Number         0  stm32f4xx_adc.o ABSOLUTE
    STLibraries\stm32f4xx_can.c              0x00000000   Number         0  stm32f4xx_can.o ABSOLUTE
    STLibraries\stm32f4xx_crc.c              0x00000000   Number         0  stm32f4xx_crc.o ABSOLUTE
    STLibraries\stm32f4xx_dac.c              0x00000000   Number         0  stm32f4xx_dac.o ABSOLUTE
    STLibraries\stm32f4xx_dma.c              0x00000000   Number         0  stm32f4xx_dma.o ABSOLUTE
    STLibraries\stm32f4xx_exti.c             0x00000000   Number         0  stm32f4xx_exti.o ABSOLUTE
    STLibraries\stm32f4xx_flash.c            0x00000000   Number         0  stm32f4xx_flash.o ABSOLUTE
    STLibraries\stm32f4xx_gpio.c             0x00000000   Number         0  stm32f4xx_gpio.o ABSOLUTE
    STLibraries\stm32f4xx_i2c.c              0x00000000   Number         0  stm32f4xx_i2c.o ABSOLUTE
    STLibraries\stm32f4xx_pwr.c              0x00000000   Number         0  stm32f4xx_pwr.o ABSOLUTE
    STLibraries\stm32f4xx_rcc.c              0x00000000   Number         0  stm32f4xx_rcc.o ABSOLUTE
    STLibraries\stm32f4xx_spi.c              0x00000000   Number         0  stm32f4xx_spi.o ABSOLUTE
    STLibraries\stm32f4xx_syscfg.c           0x00000000   Number         0  stm32f4xx_syscfg.o ABSOLUTE
    STLibraries\stm32f4xx_tim.c              0x00000000   Number         0  stm32f4xx_tim.o ABSOLUTE
    STLibraries\stm32f4xx_usart.c            0x00000000   Number         0  stm32f4xx_usart.o ABSOLUTE
    STLibraries\system_stm32f4xx.c           0x00000000   Number         0  system_stm32f4xx.o ABSOLUTE
    User\\main.c                             0x00000000   Number         0  main.o ABSOLUTE
    User\main.c                              0x00000000   Number         0  main.o ABSOLUTE
    User\stm32f4xx_it.c                      0x00000000   Number         0  stm32f4xx_it.o ABSOLUTE
    cdcmple.s                                0x00000000   Number         0  cdcmple.o ABSOLUTE
    cdrcmple.s                               0x00000000   Number         0  cdrcmple.o ABSOLUTE
    dc.s                                     0x00000000   Number         0  dc.o ABSOLUTE
    handlers.s                               0x00000000   Number         0  handlers.o ABSOLUTE
    init.s                                   0x00000000   Number         0  init.o ABSOLUTE
    RESET                                    0x08000000   Section      392  startup_stm32f4xx.o(RESET)
    .ARM.Collect$$$$00000000                 0x08000188   Section        0  entry.o(.ARM.Collect$$$$00000000)
    .ARM.Collect$$$$00000001                 0x08000188   Section        4  entry2.o(.ARM.Collect$$$$00000001)
    .ARM.Collect$$$$00000004                 0x0800018c   Section        4  entry5.o(.ARM.Collect$$$$00000004)
    .ARM.Collect$$$$00000008                 0x08000190   Section        0  entry7b.o(.ARM.Collect$$$$00000008)
    .ARM.Collect$$$$0000000A                 0x08000190   Section        0  entry8b.o(.ARM.Collect$$$$0000000A)
    .ARM.Collect$$$$0000000B                 0x08000190   Section        8  entry9a.o(.ARM.Collect$$$$0000000B)
    .ARM.Collect$$$$0000000D                 0x08000198   Section        0  entry10a.o(.ARM.Collect$$$$0000000D)
    .ARM.Collect$$$$0000000F                 0x08000198   Section        0  entry11a.o(.ARM.Collect$$$$0000000F)
    .ARM.Collect$$$$00002712                 0x08000198   Section        4  entry2.o(.ARM.Collect$$$$00002712)
    __lit__00000000                          0x08000198   Data           4  entry2.o(.ARM.Collect$$$$00002712)
    .text                                    0x0800019c   Section        0  main.o(.text)
    .text                                    0x080001f0   Section        0  led.o(.text)
    .text                                    0x08000230   Section        0  gun.o(.text)
    .text                                    0x08000234   Section        0  can1.o(.text)
    .text                                    0x080003e0   Section        0  can2.o(.text)
    .text                                    0x08000530   Section        0  delay.o(.text)
    .text                                    0x0800059c   Section        0  exti.o(.text)
    .text                                    0x080006a0   Section        0  timer.o(.text)
    .text                                    0x08000c80   Section        0  usart1.o(.text)
    USART1_FIFO_Init                         0x08000c81   Thumb Code    16  usart1.o(.text)
    .text                                    0x08000e88   Section        0  usart3.o(.text)
    .text                                    0x080010bc   Section       36  startup_stm32f4xx.o(.text)
    $v0                                      0x080010bc   Number         0  startup_stm32f4xx.o(.text)
    .text                                    0x080010e0   Section        0  stm32f4xx_it.o(.text)
    .text                                    0x080010f8   Section        0  misc.o(.text)
    .text                                    0x080011d8   Section        0  stm32f4xx_can.o(.text)
    CheckITStatus                            0x080019db   Thumb Code    18  stm32f4xx_can.o(.text)
    .text                                    0x08001bc8   Section        0  stm32f4xx_dma.o(.text)
    .text                                    0x08001f70   Section        0  stm32f4xx_exti.o(.text)
    .text                                    0x0800208c   Section        0  stm32f4xx_gpio.o(.text)
    .text                                    0x080022e8   Section        0  stm32f4xx_rcc.o(.text)
    .text                                    0x08002870   Section        0  stm32f4xx_syscfg.o(.text)
    .text                                    0x080028fc   Section        0  stm32f4xx_tim.o(.text)
    TI4_Config                               0x0800309b   Thumb Code    80  stm32f4xx_tim.o(.text)
    TI3_Config                               0x080030fd   Thumb Code    72  stm32f4xx_tim.o(.text)
    TI2_Config                               0x0800315f   Thumb Code    90  stm32f4xx_tim.o(.text)
    TI1_Config                               0x080031cb   Thumb Code    58  stm32f4xx_tim.o(.text)
    .text                                    0x080035a0   Section        0  stm32f4xx_usart.o(.text)
    .text                                    0x080039bc   Section        0  system_stm32f4xx.o(.text)
    SetSysClock                              0x080039bd   Thumb Code   220  system_stm32f4xx.o(.text)
    .text                                    0x08003bcc   Section        0  controltask.o(.text)
    SetWorkState                             0x08003bcd   Thumb Code     6  controltask.o(.text)
    WorkStateSwitchProcess                   0x08003f8d   Thumb Code   124  controltask.o(.text)
    .text                                    0x080040dc   Section        0  remotetask.o(.text)
    .text                                    0x08004a18   Section        0  canbustask.o(.text)
    .text                                    0x08004d80   Section        0  fifo.o(.text)
    .text                                    0x08005324   Section        0  ramp.o(.text)
    .text                                    0x08005394   Section        0  lostcounter.o(.text)
    .text                                    0x080053b4   Section        0  pid_regulator.o(.text)
    .text                                    0x080054d4   Section        0  dadd.o(.text)
    .text                                    0x08005622   Section        0  dmul.o(.text)
    .text                                    0x08005706   Section        0  dflti.o(.text)
    .text                                    0x08005728   Section        0  dfltui.o(.text)
    .text                                    0x08005742   Section        0  dfixi.o(.text)
    .text                                    0x08005780   Section        0  dfixui.o(.text)
    .text                                    0x080057b2   Section        0  f2d.o(.text)
    .text                                    0x080057d8   Section       40  cdcmple.o(.text)
    .text                                    0x08005800   Section       40  cdrcmple.o(.text)
    .text                                    0x08005828   Section        0  d2f.o(.text)
    .text                                    0x08005860   Section        0  uidiv.o(.text)
    .text                                    0x0800588c   Section        0  uldiv.o(.text)
    .text                                    0x080058ee   Section        0  llshl.o(.text)
    .text                                    0x0800590c   Section        0  llushr.o(.text)
    .text                                    0x0800592c   Section        0  llsshr.o(.text)
    .text                                    0x08005950   Section        0  iusefp.o(.text)
    .text                                    0x08005950   Section        0  fepilogue.o(.text)
    .text                                    0x080059be   Section        0  depilogue.o(.text)
    .text                                    0x08005a74   Section        0  ddiv.o(.text)
    .text                                    0x08005b52   Section        0  dfixul.o(.text)
    .text                                    0x08005b84   Section       36  init.o(.text)
    .text                                    0x08005ba8   Section        0  __dczerorl2.o(.text)
    i.__0printf                              0x08005c00   Section        0  printfa.o(i.__0printf)
    i.__hardfp_fabs                          0x08005c20   Section        0  fabs.o(i.__hardfp_fabs)
    i.__scatterload_copy                     0x08005c34   Section       14  handlers.o(i.__scatterload_copy)
    i.__scatterload_null                     0x08005c42   Section        2  handlers.o(i.__scatterload_null)
    i.__scatterload_zeroinit                 0x08005c44   Section       14  handlers.o(i.__scatterload_zeroinit)
    i._fp_digits                             0x08005c54   Section        0  printfa.o(i._fp_digits)
    _fp_digits                               0x08005c55   Thumb Code   334  printfa.o(i._fp_digits)
    i._printf_core                           0x08005db8   Section        0  printfa.o(i._printf_core)
    _printf_core                             0x08005db9   Thumb Code  1744  printfa.o(i._printf_core)
    i._printf_post_padding                   0x08006494   Section        0  printfa.o(i._printf_post_padding)
    _printf_post_padding                     0x08006495   Thumb Code    36  printfa.o(i._printf_post_padding)
    i._printf_pre_padding                    0x080064b8   Section        0  printfa.o(i._printf_pre_padding)
    _printf_pre_padding                      0x080064b9   Thumb Code    46  printfa.o(i._printf_pre_padding)
    i.free                                   0x080064e8   Section        0  malloc.o(i.free)
    i.malloc                                 0x08006538   Section        0  malloc.o(i.malloc)
    .data                                    0x20000000   Section       48  timer.o(.data)
    .data                                    0x20000030   Section        4  usart1.o(.data)
    this_time_rx_len                         0x20000030   Data           4  usart1.o(.data)
    .data                                    0x20000034   Section        6  usart3.o(.data)
    .data                                    0x2000003a   Section       16  stm32f4xx_rcc.o(.data)
    APBAHBPrescTable                         0x2000003a   Data          16  stm32f4xx_rcc.o(.data)
    .data                                    0x2000004c   Section       20  system_stm32f4xx.o(.data)
    .data                                    0x20000060   Section      500  controltask.o(.data)
    time_tick_1ms                            0x20000250   Data           4  controltask.o(.data)
    .data                                    0x20000254   Section      128  remotetask.o(.data)
    shootState                               0x2000025b   Data           1  remotetask.o(.data)
    inputmode                                0x2000025c   Data           1  remotetask.o(.data)
    switch_cnt                               0x200002cc   Data           4  remotetask.o(.data)
    forward_back_speed                       0x200002d0   Data           2  remotetask.o(.data)
    left_right_speed                         0x200002d2   Data           2  remotetask.o(.data)
    .data                                    0x200002d4   Section       12  canbustask.o(.data)
    can_count                                0x200002d4   Data           4  canbustask.o(.data)
    .data                                    0x200002e0   Section        4  stdout.o(.data)
    .data                                    0x200002e4   Section        4  mvars.o(.data)
    .data                                    0x200002e8   Section        4  mvars.o(.data)
    .bss                                     0x200002ec   Section      318  usart1.o(.bss)
    _USART1_DMA_RX_BUF                       0x200002ec   Data          60  usart1.o(.bss)
    _USART1_RX_BUF                           0x20000328   Data         210  usart1.o(.bss)
    _USART1_RX_FIFO                          0x200003fc   Data          28  usart1.o(.bss)
    rc_raw_data                              0x20000418   Data          18  usart1.o(.bss)
    .bss                                     0x2000042c   Section       71  remotetask.o(.bss)
    switch1                                  0x2000045c   Data          23  remotetask.o(.bss)
    .bss                                     0x20000474   Section      408  canbustask.o(.bss)
    HEAP                                     0x20000610   Section      512  startup_stm32f4xx.o(HEAP)
    STACK                                    0x20000810   Section     2560  startup_stm32f4xx.o(STACK)

    Global Symbols

    Symbol Name                              Value     Ov Type        Size  Object(Section)

    BuildAttributes$$THM_ISAv4$E$P$D$K$B$S$7EM$VFPi3$EXTD16$VFPS$VFMA$PE$A:L22UL41UL21$X:L11$S22US41US21$IEEE1$IW$USESV6$~STKCKD$USESV7$~SHL$OTIME$ROPI$IEEEJ$EBA8$MICROLIB$REQ8$PRES8$EABIv2 0x00000000   Number         0  anon$$obj.o ABSOLUTE
    __ARM_use_no_argv                        0x00000000   Number         0  main.o ABSOLUTE
    _printf_a                                0x00000000   Number         0  stubs.o ABSOLUTE
    _printf_c                                0x00000000   Number         0  stubs.o ABSOLUTE
    _printf_charcount                        0x00000000   Number         0  stubs.o ABSOLUTE
    _printf_d                                0x00000000   Number         0  stubs.o ABSOLUTE
    _printf_e                                0x00000000   Number         0  stubs.o ABSOLUTE
    _printf_f                                0x00000000   Number         0  stubs.o ABSOLUTE
    _printf_flags                            0x00000000   Number         0  stubs.o ABSOLUTE
    _printf_fp_dec                           0x00000000   Number         0  stubs.o ABSOLUTE
    _printf_fp_hex                           0x00000000   Number         0  stubs.o ABSOLUTE
    _printf_g                                0x00000000   Number         0  stubs.o ABSOLUTE
    _printf_i                                0x00000000   Number         0  stubs.o ABSOLUTE
    _printf_int_dec                          0x00000000   Number         0  stubs.o ABSOLUTE
    _printf_l                                0x00000000   Number         0  stubs.o ABSOLUTE
    _printf_lc                               0x00000000   Number         0  stubs.o ABSOLUTE
    _printf_ll                               0x00000000   Number         0  stubs.o ABSOLUTE
    _printf_lld                              0x00000000   Number         0  stubs.o ABSOLUTE
    _printf_lli                              0x00000000   Number         0  stubs.o ABSOLUTE
    _printf_llo                              0x00000000   Number         0  stubs.o ABSOLUTE
    _printf_llu                              0x00000000   Number         0  stubs.o ABSOLUTE
    _printf_llx                              0x00000000   Number         0  stubs.o ABSOLUTE
    _printf_longlong_dec                     0x00000000   Number         0  stubs.o ABSOLUTE
    _printf_longlong_hex                     0x00000000   Number         0  stubs.o ABSOLUTE
    _printf_longlong_oct                     0x00000000   Number         0  stubs.o ABSOLUTE
    _printf_ls                               0x00000000   Number         0  stubs.o ABSOLUTE
    _printf_mbtowc                           0x00000000   Number         0  stubs.o ABSOLUTE
    _printf_n                                0x00000000   Number         0  stubs.o ABSOLUTE
    _printf_o                                0x00000000   Number         0  stubs.o ABSOLUTE
    _printf_p                                0x00000000   Number         0  stubs.o ABSOLUTE
    _printf_percent                          0x00000000   Number         0  stubs.o ABSOLUTE
    _printf_pre_padding                      0x00000000   Number         0  stubs.o ABSOLUTE
    _printf_return_value                     0x00000000   Number         0  stubs.o ABSOLUTE
    _printf_s                                0x00000000   Number         0  stubs.o ABSOLUTE
    _printf_sizespec                         0x00000000   Number         0  stubs.o ABSOLUTE
    _printf_str                              0x00000000   Number         0  stubs.o ABSOLUTE
    _printf_truncate_signed                  0x00000000   Number         0  stubs.o ABSOLUTE
    _printf_truncate_unsigned                0x00000000   Number         0  stubs.o ABSOLUTE
    _printf_u                                0x00000000   Number         0  stubs.o ABSOLUTE
    _printf_wc                               0x00000000   Number         0  stubs.o ABSOLUTE
    _printf_wctomb                           0x00000000   Number         0  stubs.o ABSOLUTE
    _printf_widthprec                        0x00000000   Number         0  stubs.o ABSOLUTE
    _printf_x                                0x00000000   Number         0  stubs.o ABSOLUTE
    __cpp_initialize__aeabi_                  - Undefined Weak Reference
    __cxa_finalize                            - Undefined Weak Reference
    _clock_init                               - Undefined Weak Reference
    _microlib_exit                            - Undefined Weak Reference
    __Vectors_Size                           0x00000188   Number         0  startup_stm32f4xx.o ABSOLUTE
    __Vectors                                0x08000000   Data           4  startup_stm32f4xx.o(RESET)
    __Vectors_End                            0x08000188   Data           0  startup_stm32f4xx.o(RESET)
    __main                                   0x08000189   Thumb Code     0  entry.o(.ARM.Collect$$$$00000000)
    _main_stk                                0x08000189   Thumb Code     0  entry2.o(.ARM.Collect$$$$00000001)
    _main_scatterload                        0x0800018d   Thumb Code     0  entry5.o(.ARM.Collect$$$$00000004)
    __main_after_scatterload                 0x08000191   Thumb Code     0  entry5.o(.ARM.Collect$$$$00000004)
    _main_clock                              0x08000191   Thumb Code     0  entry7b.o(.ARM.Collect$$$$00000008)
    _main_cpp_init                           0x08000191   Thumb Code     0  entry8b.o(.ARM.Collect$$$$0000000A)
    _main_init                               0x08000191   Thumb Code     0  entry9a.o(.ARM.Collect$$$$0000000B)
    __rt_final_cpp                           0x08000199   Thumb Code     0  entry10a.o(.ARM.Collect$$$$0000000D)
    __rt_final_exit                          0x08000199   Thumb Code     0  entry11a.o(.ARM.Collect$$$$0000000F)
    main                                     0x0800019d   Thumb Code    72  main.o(.text)
    Led_Configuration                        0x080001f1   Thumb Code    58  led.o(.text)
    PWM_Configuration                        0x08000231   Thumb Code     2  gun.o(.text)
    CAN1_Configuration                       0x08000235   Thumb Code   258  can1.o(.text)
    GYRO_RST                                 0x08000337   Thumb Code    86  can1.o(.text)
    CAN1_TX_IRQHandler                       0x0800038d   Thumb Code    22  can1.o(.text)
    CAN1_RX0_IRQHandler                      0x080003a3   Thumb Code    50  can1.o(.text)
    CAN2_Configuration                       0x080003e1   Thumb Code   264  can2.o(.text)
    CAN2_TX_IRQHandler                       0x080004e9   Thumb Code    22  can2.o(.text)
    CAN2_RX0_IRQHandler                      0x080004ff   Thumb Code    42  can2.o(.text)
    delay_ms                                 0x08000531   Thumb Code    28  delay.o(.text)
    delay_us                                 0x0800054d   Thumb Code    26  delay.o(.text)
    Delay_ms                                 0x08000567   Thumb Code    28  delay.o(.text)
    Delay_us                                 0x08000583   Thumb Code    26  delay.o(.text)
    Exti_Configuration                       0x0800059d   Thumb Code   216  exti.o(.text)
    EXTI0_IRQHandler                         0x08000675   Thumb Code    18  exti.o(.text)
    EXTI1_IRQHandler                         0x08000687   Thumb Code    18  exti.o(.text)
    control                                  0x080006a1   Thumb Code    84  timer.o(.text)
    constrain                                0x080006f5   Thumb Code    64  timer.o(.text)
    pid                                      0x08000735   Thumb Code   332  timer.o(.text)
    control1                                 0x08000881   Thumb Code    84  timer.o(.text)
    constrain1                               0x080008d5   Thumb Code    64  timer.o(.text)
    pid1                                     0x08000915   Thumb Code   332  timer.o(.text)
    TIM8_Configuration                       0x08000a61   Thumb Code   182  timer.o(.text)
    TIM6_Configuration                       0x08000b17   Thumb Code    72  timer.o(.text)
    TIM6_Start                               0x08000b5f   Thumb Code    36  timer.o(.text)
    TIM4_Configuration                       0x08000b83   Thumb Code    84  timer.o(.text)
    TIM2_Configuration                       0x08000bd7   Thumb Code    60  timer.o(.text)
    TIM2_IRQHandler                          0x08000c13   Thumb Code    46  timer.o(.text)
    TIM6_DAC_IRQHandler                      0x08000c41   Thumb Code    34  timer.o(.text)
    Get_Time_Micros                          0x08000c63   Thumb Code     8  timer.o(.text)
    USART1_Configuration                     0x08000c91   Thumb Code   304  usart1.o(.text)
    USART1_IRQHandler                        0x08000dc1   Thumb Code   166  usart1.o(.text)
    USART1_GetRxBuf                          0x08000e67   Thumb Code     4  usart1.o(.text)
    USART3_Configuration                     0x08000e89   Thumb Code   180  usart3.o(.text)
    res                                      0x08000f3d   Thumb Code    36  usart3.o(.text)
    UART3_Printint                           0x08000f61   Thumb Code    94  usart3.o(.text)
    UART3_PrintCh                            0x08000fbf   Thumb Code    28  usart3.o(.text)
    UART3_PutStr                             0x08000fdb   Thumb Code    38  usart3.o(.text)
    UART3_PrintBlock                         0x08001001   Thumb Code    44  usart3.o(.text)
    fputc                                    0x0800102d   Thumb Code    32  usart3.o(.text)
    USART3_IRQHandler                        0x0800104d   Thumb Code    90  usart3.o(.text)
    get_mode                                 0x080010a7   Thumb Code     6  usart3.o(.text)
    Reset_Handler                            0x080010bd   Thumb Code     8  startup_stm32f4xx.o(.text)
    SysTick_Handler                          0x080010d5   Thumb Code     2  startup_stm32f4xx.o(.text)
    ADC_IRQHandler                           0x080010d7   Thumb Code     0  startup_stm32f4xx.o(.text)
    CAN1_RX1_IRQHandler                      0x080010d7   Thumb Code     0  startup_stm32f4xx.o(.text)
    CAN1_SCE_IRQHandler                      0x080010d7   Thumb Code     0  startup_stm32f4xx.o(.text)
    CAN2_RX1_IRQHandler                      0x080010d7   Thumb Code     0  startup_stm32f4xx.o(.text)
    CAN2_SCE_IRQHandler                      0x080010d7   Thumb Code     0  startup_stm32f4xx.o(.text)
    CRYP_IRQHandler                          0x080010d7   Thumb Code     0  startup_stm32f4xx.o(.text)
    DCMI_IRQHandler                          0x080010d7   Thumb Code     0  startup_stm32f4xx.o(.text)
    DMA1_Stream0_IRQHandler                  0x080010d7   Thumb Code     0  startup_stm32f4xx.o(.text)
    DMA1_Stream1_IRQHandler                  0x080010d7   Thumb Code     0  startup_stm32f4xx.o(.text)
    DMA1_Stream2_IRQHandler                  0x080010d7   Thumb Code     0  startup_stm32f4xx.o(.text)
    DMA1_Stream3_IRQHandler                  0x080010d7   Thumb Code     0  startup_stm32f4xx.o(.text)
    DMA1_Stream4_IRQHandler                  0x080010d7   Thumb Code     0  startup_stm32f4xx.o(.text)
    DMA1_Stream5_IRQHandler                  0x080010d7   Thumb Code     0  startup_stm32f4xx.o(.text)
    DMA1_Stream6_IRQHandler                  0x080010d7   Thumb Code     0  startup_stm32f4xx.o(.text)
    DMA1_Stream7_IRQHandler                  0x080010d7   Thumb Code     0  startup_stm32f4xx.o(.text)
    DMA2_Stream0_IRQHandler                  0x080010d7   Thumb Code     0  startup_stm32f4xx.o(.text)
    DMA2_Stream1_IRQHandler                  0x080010d7   Thumb Code     0  startup_stm32f4xx.o(.text)
    DMA2_Stream2_IRQHandler                  0x080010d7   Thumb Code     0  startup_stm32f4xx.o(.text)
    DMA2_Stream3_IRQHandler                  0x080010d7   Thumb Code     0  startup_stm32f4xx.o(.text)
    DMA2_Stream4_IRQHandler                  0x080010d7   Thumb Code     0  startup_stm32f4xx.o(.text)
    DMA2_Stream5_IRQHandler                  0x080010d7   Thumb Code     0  startup_stm32f4xx.o(.text)
    DMA2_Stream6_IRQHandler                  0x080010d7   Thumb Code     0  startup_stm32f4xx.o(.text)
    DMA2_Stream7_IRQHandler                  0x080010d7   Thumb Code     0  startup_stm32f4xx.o(.text)
    ETH_IRQHandler                           0x080010d7   Thumb Code     0  startup_stm32f4xx.o(.text)
    ETH_WKUP_IRQHandler                      0x080010d7   Thumb Code     0  startup_stm32f4xx.o(.text)
    EXTI15_10_IRQHandler                     0x080010d7   Thumb Code     0  startup_stm32f4xx.o(.text)
    EXTI2_IRQHandler                         0x080010d7   Thumb Code     0  startup_stm32f4xx.o(.text)
    EXTI3_IRQHandler                         0x080010d7   Thumb Code     0  startup_stm32f4xx.o(.text)
    EXTI4_IRQHandler                         0x080010d7   Thumb Code     0  startup_stm32f4xx.o(.text)
    EXTI9_5_IRQHandler                       0x080010d7   Thumb Code     0  startup_stm32f4xx.o(.text)
    FLASH_IRQHandler                         0x080010d7   Thumb Code     0  startup_stm32f4xx.o(.text)
    FPU_IRQHandler                           0x080010d7   Thumb Code     0  startup_stm32f4xx.o(.text)
    FSMC_IRQHandler                          0x080010d7   Thumb Code     0  startup_stm32f4xx.o(.text)
    HASH_RNG_IRQHandler                      0x080010d7   Thumb Code     0  startup_stm32f4xx.o(.text)
    I2C1_ER_IRQHandler                       0x080010d7   Thumb Code     0  startup_stm32f4xx.o(.text)
    I2C1_EV_IRQHandler                       0x080010d7   Thumb Code     0  startup_stm32f4xx.o(.text)
    I2C2_ER_IRQHandler                       0x080010d7   Thumb Code     0  startup_stm32f4xx.o(.text)
    I2C2_EV_IRQHandler                       0x080010d7   Thumb Code     0  startup_stm32f4xx.o(.text)
    I2C3_ER_IRQHandler                       0x080010d7   Thumb Code     0  startup_stm32f4xx.o(.text)
    I2C3_EV_IRQHandler                       0x080010d7   Thumb Code     0  startup_stm32f4xx.o(.text)
    OTG_FS_IRQHandler                        0x080010d7   Thumb Code     0  startup_stm32f4xx.o(.text)
    OTG_FS_WKUP_IRQHandler                   0x080010d7   Thumb Code     0  startup_stm32f4xx.o(.text)
    OTG_HS_EP1_IN_IRQHandler                 0x080010d7   Thumb Code     0  startup_stm32f4xx.o(.text)
    OTG_HS_EP1_OUT_IRQHandler                0x080010d7   Thumb Code     0  startup_stm32f4xx.o(.text)
    OTG_HS_IRQHandler                        0x080010d7   Thumb Code     0  startup_stm32f4xx.o(.text)
    OTG_HS_WKUP_IRQHandler                   0x080010d7   Thumb Code     0  startup_stm32f4xx.o(.text)
    PVD_IRQHandler                           0x080010d7   Thumb Code     0  startup_stm32f4xx.o(.text)
    RCC_IRQHandler                           0x080010d7   Thumb Code     0  startup_stm32f4xx.o(.text)
    RTC_Alarm_IRQHandler                     0x080010d7   Thumb Code     0  startup_stm32f4xx.o(.text)
    RTC_WKUP_IRQHandler                      0x080010d7   Thumb Code     0  startup_stm32f4xx.o(.text)
    SDIO_IRQHandler                          0x080010d7   Thumb Code     0  startup_stm32f4xx.o(.text)
    SPI1_IRQHandler                          0x080010d7   Thumb Code     0  startup_stm32f4xx.o(.text)
    SPI2_IRQHandler                          0x080010d7   Thumb Code     0  startup_stm32f4xx.o(.text)
    SPI3_IRQHandler                          0x080010d7   Thumb Code     0  startup_stm32f4xx.o(.text)
    TAMP_STAMP_IRQHandler                    0x080010d7   Thumb Code     0  startup_stm32f4xx.o(.text)
    TIM1_BRK_TIM9_IRQHandler                 0x080010d7   Thumb Code     0  startup_stm32f4xx.o(.text)
    TIM1_CC_IRQHandler                       0x080010d7   Thumb Code     0  startup_stm32f4xx.o(.text)
    TIM1_TRG_COM_TIM11_IRQHandler            0x080010d7   Thumb Code     0  startup_stm32f4xx.o(.text)
    TIM1_UP_TIM10_IRQHandler                 0x080010d7   Thumb Code     0  startup_stm32f4xx.o(.text)
    TIM3_IRQHandler                          0x080010d7   Thumb Code     0  startup_stm32f4xx.o(.text)
    TIM4_IRQHandler                          0x080010d7   Thumb Code     0  startup_stm32f4xx.o(.text)
    TIM5_IRQHandler                          0x080010d7   Thumb Code     0  startup_stm32f4xx.o(.text)
    TIM7_IRQHandler                          0x080010d7   Thumb Code     0  startup_stm32f4xx.o(.text)
    TIM8_BRK_TIM12_IRQHandler                0x080010d7   Thumb Code     0  startup_stm32f4xx.o(.text)
    TIM8_CC_IRQHandler                       0x080010d7   Thumb Code     0  startup_stm32f4xx.o(.text)
    TIM8_TRG_COM_TIM14_IRQHandler            0x080010d7   Thumb Code     0  startup_stm32f4xx.o(.text)
    TIM8_UP_TIM13_IRQHandler                 0x080010d7   Thumb Code     0  startup_stm32f4xx.o(.text)
    UART4_IRQHandler                         0x080010d7   Thumb Code     0  startup_stm32f4xx.o(.text)
    UART5_IRQHandler                         0x080010d7   Thumb Code     0  startup_stm32f4xx.o(.text)
    USART2_IRQHandler                        0x080010d7   Thumb Code     0  startup_stm32f4xx.o(.text)
    USART6_IRQHandler                        0x080010d7   Thumb Code     0  startup_stm32f4xx.o(.text)
    WWDG_IRQHandler                          0x080010d7   Thumb Code     0  startup_stm32f4xx.o(.text)
    NMI_Handler                              0x080010e1   Thumb Code     2  stm32f4xx_it.o(.text)
    HardFault_Handler                        0x080010e3   Thumb Code     4  stm32f4xx_it.o(.text)
    MemManage_Handler                        0x080010e7   Thumb Code     4  stm32f4xx_it.o(.text)
    BusFault_Handler                         0x080010eb   Thumb Code     4  stm32f4xx_it.o(.text)
    UsageFault_Handler                       0x080010ef   Thumb Code     4  stm32f4xx_it.o(.text)
    SVC_Handler                              0x080010f3   Thumb Code     2  stm32f4xx_it.o(.text)
    DebugMon_Handler                         0x080010f5   Thumb Code     2  stm32f4xx_it.o(.text)
    PendSV_Handler                           0x080010f7   Thumb Code     2  stm32f4xx_it.o(.text)
    NVIC_PriorityGroupConfig                 0x080010f9   Thumb Code    10  misc.o(.text)
    NVIC_Init                                0x08001103   Thumb Code   106  misc.o(.text)
    NVIC_SetVectorTable                      0x0800116d   Thumb Code    14  misc.o(.text)
    NVIC_SystemLPConfig                      0x0800117b   Thumb Code    34  misc.o(.text)
    SysTick_CLKSourceConfig                  0x0800119d   Thumb Code    40  misc.o(.text)
    CAN_DeInit                               0x080011d9   Thumb Code    50  stm32f4xx_can.o(.text)
    CAN_Init                                 0x0800120b   Thumb Code   276  stm32f4xx_can.o(.text)
    CAN_FilterInit                           0x0800131f   Thumb Code   258  stm32f4xx_can.o(.text)
    CAN_StructInit                           0x08001421   Thumb Code    32  stm32f4xx_can.o(.text)
    CAN_SlaveStartBank                       0x08001441   Thumb Code    48  stm32f4xx_can.o(.text)
    CAN_DBGFreeze                            0x08001471   Thumb Code    22  stm32f4xx_can.o(.text)
    CAN_TTComModeCmd                         0x08001487   Thumb Code   118  stm32f4xx_can.o(.text)
    CAN_Transmit                             0x080014fd   Thumb Code   304  stm32f4xx_can.o(.text)
    CAN_TransmitStatus                       0x0800162d   Thumb Code   138  stm32f4xx_can.o(.text)
    CAN_CancelTransmit                       0x080016b7   Thumb Code    48  stm32f4xx_can.o(.text)
    CAN_Receive                              0x080016e7   Thumb Code   240  stm32f4xx_can.o(.text)
    CAN_FIFORelease                          0x080017d7   Thumb Code    22  stm32f4xx_can.o(.text)
    CAN_MessagePending                       0x080017ed   Thumb Code    30  stm32f4xx_can.o(.text)
    CAN_OperatingModeRequest                 0x0800180b   Thumb Code   162  stm32f4xx_can.o(.text)
    CAN_Sleep                                0x080018ad   Thumb Code    30  stm32f4xx_can.o(.text)
    CAN_WakeUp                               0x080018cb   Thumb Code    48  stm32f4xx_can.o(.text)
    CAN_GetLastErrorCode                     0x080018fb   Thumb Code    12  stm32f4xx_can.o(.text)
    CAN_GetReceiveErrorCounter               0x08001907   Thumb Code    10  stm32f4xx_can.o(.text)
    CAN_GetLSBTransmitErrorCounter           0x08001911   Thumb Code    12  stm32f4xx_can.o(.text)
    CAN_ITConfig                             0x0800191d   Thumb Code    18  stm32f4xx_can.o(.text)
    CAN_GetFlagStatus                        0x0800192f   Thumb Code   120  stm32f4xx_can.o(.text)
    CAN_ClearFlag                            0x080019a7   Thumb Code    52  stm32f4xx_can.o(.text)
    CAN_GetITStatus                          0x080019ed   Thumb Code   310  stm32f4xx_can.o(.text)
    CAN_ClearITPendingBit                    0x08001b23   Thumb Code   162  stm32f4xx_can.o(.text)
    DMA_DeInit                               0x08001bc9   Thumb Code   324  stm32f4xx_dma.o(.text)
    DMA_Init                                 0x08001d0d   Thumb Code    82  stm32f4xx_dma.o(.text)
    DMA_StructInit                           0x08001d5f   Thumb Code    34  stm32f4xx_dma.o(.text)
    DMA_Cmd                                  0x08001d81   Thumb Code    22  stm32f4xx_dma.o(.text)
    DMA_PeriphIncOffsetSizeConfig            0x08001d97   Thumb Code    22  stm32f4xx_dma.o(.text)
    DMA_FlowControllerConfig                 0x08001dad   Thumb Code    22  stm32f4xx_dma.o(.text)
    DMA_SetCurrDataCounter                   0x08001dc3   Thumb Code     4  stm32f4xx_dma.o(.text)
    DMA_GetCurrDataCounter                   0x08001dc7   Thumb Code     8  stm32f4xx_dma.o(.text)
    DMA_DoubleBufferModeConfig               0x08001dcf   Thumb Code    24  stm32f4xx_dma.o(.text)
    DMA_DoubleBufferModeCmd                  0x08001de7   Thumb Code    22  stm32f4xx_dma.o(.text)
    DMA_MemoryTargetConfig                   0x08001dfd   Thumb Code    10  stm32f4xx_dma.o(.text)
    DMA_GetCurrentMemoryTarget               0x08001e07   Thumb Code    20  stm32f4xx_dma.o(.text)
    DMA_GetCmdStatus                         0x08001e1b   Thumb Code    20  stm32f4xx_dma.o(.text)
    DMA_GetFIFOStatus                        0x08001e2f   Thumb Code    12  stm32f4xx_dma.o(.text)
    DMA_GetFlagStatus                        0x08001e3b   Thumb Code    56  stm32f4xx_dma.o(.text)
    DMA_ClearFlag                            0x08001e73   Thumb Code    40  stm32f4xx_dma.o(.text)
    DMA_ITConfig                             0x08001e9b   Thumb Code    58  stm32f4xx_dma.o(.text)
    DMA_GetITStatus                          0x08001ed5   Thumb Code    84  stm32f4xx_dma.o(.text)
    DMA_ClearITPendingBit                    0x08001f29   Thumb Code    40  stm32f4xx_dma.o(.text)
    EXTI_DeInit                              0x08001f71   Thumb Code    28  stm32f4xx_exti.o(.text)
    EXTI_Init                                0x08001f8d   Thumb Code   142  stm32f4xx_exti.o(.text)
    EXTI_StructInit                          0x0800201b   Thumb Code    16  stm32f4xx_exti.o(.text)
    EXTI_GenerateSWInterrupt                 0x0800202b   Thumb Code    16  stm32f4xx_exti.o(.text)
    EXTI_GetFlagStatus                       0x0800203b   Thumb Code    22  stm32f4xx_exti.o(.text)
    EXTI_ClearFlag                           0x08002051   Thumb Code     8  stm32f4xx_exti.o(.text)
    EXTI_GetITStatus                         0x08002059   Thumb Code    34  stm32f4xx_exti.o(.text)
    EXTI_ClearITPendingBit                   0x0800207b   Thumb Code     8  stm32f4xx_exti.o(.text)
    GPIO_DeInit                              0x0800208d   Thumb Code   220  stm32f4xx_gpio.o(.text)
    GPIO_Init                                0x08002169   Thumb Code   144  stm32f4xx_gpio.o(.text)
    GPIO_StructInit                          0x080021f9   Thumb Code    18  stm32f4xx_gpio.o(.text)
    GPIO_PinLockConfig                       0x0800220b   Thumb Code    34  stm32f4xx_gpio.o(.text)
    GPIO_ReadInputDataBit                    0x0800222d   Thumb Code    18  stm32f4xx_gpio.o(.text)
    GPIO_ReadInputData                       0x0800223f   Thumb Code     8  stm32f4xx_gpio.o(.text)
    GPIO_ReadOutputDataBit                   0x08002247   Thumb Code    18  stm32f4xx_gpio.o(.text)
    GPIO_ReadOutputData                      0x08002259   Thumb Code     8  stm32f4xx_gpio.o(.text)
    GPIO_SetBits                             0x08002261   Thumb Code     4  stm32f4xx_gpio.o(.text)
    GPIO_ResetBits                           0x08002265   Thumb Code     4  stm32f4xx_gpio.o(.text)
    GPIO_WriteBit                            0x08002269   Thumb Code    10  stm32f4xx_gpio.o(.text)
    GPIO_Write                               0x08002273   Thumb Code     4  stm32f4xx_gpio.o(.text)
    GPIO_ToggleBits                          0x08002277   Thumb Code     8  stm32f4xx_gpio.o(.text)
    GPIO_PinAFConfig                         0x0800227f   Thumb Code    70  stm32f4xx_gpio.o(.text)
    RCC_DeInit                               0x080022e9   Thumb Code    60  stm32f4xx_rcc.o(.text)
    RCC_HSEConfig                            0x08002325   Thumb Code    14  stm32f4xx_rcc.o(.text)
    RCC_GetFlagStatus                        0x08002333   Thumb Code    60  stm32f4xx_rcc.o(.text)
    RCC_WaitForHSEStartUp                    0x0800236f   Thumb Code    56  stm32f4xx_rcc.o(.text)
    RCC_AdjustHSICalibrationValue            0x080023a7   Thumb Code    20  stm32f4xx_rcc.o(.text)
    RCC_HSICmd                               0x080023bb   Thumb Code     6  stm32f4xx_rcc.o(.text)
    RCC_LSEConfig                            0x080023c1   Thumb Code    46  stm32f4xx_rcc.o(.text)
    RCC_LSICmd                               0x080023ef   Thumb Code     6  stm32f4xx_rcc.o(.text)
    RCC_PLLConfig                            0x080023f5   Thumb Code    32  stm32f4xx_rcc.o(.text)
    RCC_PLLCmd                               0x08002415   Thumb Code     6  stm32f4xx_rcc.o(.text)
    RCC_PLLI2SConfig                         0x0800241b   Thumb Code    14  stm32f4xx_rcc.o(.text)
    RCC_PLLI2SCmd                            0x08002429   Thumb Code     6  stm32f4xx_rcc.o(.text)
    RCC_ClockSecuritySystemCmd               0x0800242f   Thumb Code     6  stm32f4xx_rcc.o(.text)
    RCC_MCO1Config                           0x08002435   Thumb Code    28  stm32f4xx_rcc.o(.text)
    RCC_MCO2Config                           0x08002451   Thumb Code    28  stm32f4xx_rcc.o(.text)
    RCC_SYSCLKConfig                         0x0800246d   Thumb Code    20  stm32f4xx_rcc.o(.text)
    RCC_GetSYSCLKSource                      0x08002481   Thumb Code    12  stm32f4xx_rcc.o(.text)
    RCC_HCLKConfig                           0x0800248d   Thumb Code    20  stm32f4xx_rcc.o(.text)
    RCC_PCLK1Config                          0x080024a1   Thumb Code    20  stm32f4xx_rcc.o(.text)
    RCC_PCLK2Config                          0x080024b5   Thumb Code    22  stm32f4xx_rcc.o(.text)
    RCC_GetClocksFreq                        0x080024cb   Thumb Code   222  stm32f4xx_rcc.o(.text)
    RCC_RTCCLKConfig                         0x080025a9   Thumb Code    54  stm32f4xx_rcc.o(.text)
    RCC_RTCCLKCmd                            0x080025df   Thumb Code     8  stm32f4xx_rcc.o(.text)
    RCC_BackupResetCmd                       0x080025e7   Thumb Code     8  stm32f4xx_rcc.o(.text)
    RCC_I2SCLKConfig                         0x080025ef   Thumb Code     6  stm32f4xx_rcc.o(.text)
    RCC_AHB1PeriphClockCmd                   0x080025f5   Thumb Code    34  stm32f4xx_rcc.o(.text)
    RCC_AHB2PeriphClockCmd                   0x08002617   Thumb Code    34  stm32f4xx_rcc.o(.text)
    RCC_AHB3PeriphClockCmd                   0x08002639   Thumb Code    34  stm32f4xx_rcc.o(.text)
    RCC_APB1PeriphClockCmd                   0x0800265b   Thumb Code    34  stm32f4xx_rcc.o(.text)
    RCC_APB2PeriphClockCmd                   0x0800267d   Thumb Code    34  stm32f4xx_rcc.o(.text)
    RCC_AHB1PeriphResetCmd                   0x0800269f   Thumb Code    34  stm32f4xx_rcc.o(.text)
    RCC_AHB2PeriphResetCmd                   0x080026c1   Thumb Code    72  stm32f4xx_rcc.o(.text)
    RCC_AHB3PeriphResetCmd                   0x08002709   Thumb Code    34  stm32f4xx_rcc.o(.text)
    RCC_APB1PeriphResetCmd                   0x0800272b   Thumb Code    34  stm32f4xx_rcc.o(.text)
    RCC_APB2PeriphResetCmd                   0x0800274d   Thumb Code    34  stm32f4xx_rcc.o(.text)
    RCC_AHB1PeriphClockLPModeCmd             0x0800276f   Thumb Code    34  stm32f4xx_rcc.o(.text)
    RCC_AHB2PeriphClockLPModeCmd             0x08002791   Thumb Code    34  stm32f4xx_rcc.o(.text)
    RCC_AHB3PeriphClockLPModeCmd             0x080027b3   Thumb Code    34  stm32f4xx_rcc.o(.text)
    RCC_APB1PeriphClockLPModeCmd             0x080027d5   Thumb Code    34  stm32f4xx_rcc.o(.text)
    RCC_APB2PeriphClockLPModeCmd             0x080027f7   Thumb Code    34  stm32f4xx_rcc.o(.text)
    RCC_ITConfig                             0x08002819   Thumb Code    34  stm32f4xx_rcc.o(.text)
    RCC_ClearFlag                            0x0800283b   Thumb Code    18  stm32f4xx_rcc.o(.text)
    RCC_GetITStatus                          0x0800284d   Thumb Code    22  stm32f4xx_rcc.o(.text)
    RCC_ClearITPendingBit                    0x08002863   Thumb Code     8  stm32f4xx_rcc.o(.text)
    SYSCFG_DeInit                            0x08002871   Thumb Code    22  stm32f4xx_syscfg.o(.text)
    SYSCFG_MemoryRemapConfig                 0x08002887   Thumb Code     6  stm32f4xx_syscfg.o(.text)
    SYSCFG_EXTILineConfig                    0x0800288d   Thumb Code    66  stm32f4xx_syscfg.o(.text)
    SYSCFG_ETH_MediaInterfaceConfig          0x080028cf   Thumb Code     6  stm32f4xx_syscfg.o(.text)
    SYSCFG_CompensationCellCmd               0x080028d5   Thumb Code     6  stm32f4xx_syscfg.o(.text)
    SYSCFG_GetCompensationCellStatus         0x080028db   Thumb Code    22  stm32f4xx_syscfg.o(.text)
    TIM_DeInit                               0x080028fd   Thumb Code   346  stm32f4xx_tim.o(.text)
    TIM_TimeBaseInit                         0x08002a57   Thumb Code   104  stm32f4xx_tim.o(.text)
    TIM_TimeBaseStructInit                   0x08002abf   Thumb Code    18  stm32f4xx_tim.o(.text)
    TIM_PrescalerConfig                      0x08002ad1   Thumb Code     6  stm32f4xx_tim.o(.text)
    TIM_CounterModeConfig                    0x08002ad7   Thumb Code    18  stm32f4xx_tim.o(.text)
    TIM_SetCounter                           0x08002ae9   Thumb Code     4  stm32f4xx_tim.o(.text)
    TIM_SetAutoreload                        0x08002aed   Thumb Code     4  stm32f4xx_tim.o(.text)
    TIM_GetCounter                           0x08002af1   Thumb Code     6  stm32f4xx_tim.o(.text)
    TIM_GetPrescaler                         0x08002af7   Thumb Code     6  stm32f4xx_tim.o(.text)
    TIM_UpdateDisableConfig                  0x08002afd   Thumb Code    24  stm32f4xx_tim.o(.text)
    TIM_UpdateRequestConfig                  0x08002b15   Thumb Code    24  stm32f4xx_tim.o(.text)
    TIM_ARRPreloadConfig                     0x08002b2d   Thumb Code    24  stm32f4xx_tim.o(.text)
    TIM_SelectOnePulseMode                   0x08002b45   Thumb Code    18  stm32f4xx_tim.o(.text)
    TIM_SetClockDivision                     0x08002b57   Thumb Code    18  stm32f4xx_tim.o(.text)
    TIM_Cmd                                  0x08002b69   Thumb Code    24  stm32f4xx_tim.o(.text)
    TIM_OC1Init                              0x08002b81   Thumb Code   114  stm32f4xx_tim.o(.text)
    TIM_OC2Init                              0x08002bf3   Thumb Code   154  stm32f4xx_tim.o(.text)
    TIM_OC3Init                              0x08002c8d   Thumb Code   204  stm32f4xx_tim.o(.text)
    TIM_OC4Init                              0x08002d59   Thumb Code   112  stm32f4xx_tim.o(.text)
    TIM_OCStructInit                         0x08002dc9   Thumb Code    20  stm32f4xx_tim.o(.text)
    TIM_SelectOCxM                           0x08002ddd   Thumb Code    86  stm32f4xx_tim.o(.text)
    TIM_SetCompare1                          0x08002e33   Thumb Code     4  stm32f4xx_tim.o(.text)
    TIM_SetCompare2                          0x08002e37   Thumb Code     4  stm32f4xx_tim.o(.text)
    TIM_SetCompare3                          0x08002e3b   Thumb Code     4  stm32f4xx_tim.o(.text)
    TIM_SetCompare4                          0x08002e3f   Thumb Code     4  stm32f4xx_tim.o(.text)
    TIM_ForcedOC1Config                      0x08002e43   Thumb Code    18  stm32f4xx_tim.o(.text)
    TIM_ForcedOC2Config                      0x08002e55   Thumb Code    26  stm32f4xx_tim.o(.text)
    TIM_ForcedOC3Config                      0x08002e6f   Thumb Code    18  stm32f4xx_tim.o(.text)
    TIM_ForcedOC4Config                      0x08002e81   Thumb Code    26  stm32f4xx_tim.o(.text)
    TIM_OC1PreloadConfig                     0x08002e9b   Thumb Code    18  stm32f4xx_tim.o(.text)
    TIM_OC2PreloadConfig                     0x08002ead   Thumb Code    26  stm32f4xx_tim.o(.text)
    TIM_OC3PreloadConfig                     0x08002ec7   Thumb Code    18  stm32f4xx_tim.o(.text)
    TIM_OC4PreloadConfig                     0x08002ed9   Thumb Code    26  stm32f4xx_tim.o(.text)
    TIM_OC1FastConfig                        0x08002ef3   Thumb Code    18  stm32f4xx_tim.o(.text)
    TIM_OC2FastConfig                        0x08002f05   Thumb Code    26  stm32f4xx_tim.o(.text)
    TIM_OC3FastConfig                        0x08002f1f   Thumb Code    18  stm32f4xx_tim.o(.text)
    TIM_OC4FastConfig                        0x08002f31   Thumb Code    26  stm32f4xx_tim.o(.text)
    TIM_ClearOC1Ref                          0x08002f4b   Thumb Code    18  stm32f4xx_tim.o(.text)
    TIM_ClearOC2Ref                          0x08002f5d   Thumb Code    24  stm32f4xx_tim.o(.text)
    TIM_ClearOC3Ref                          0x08002f75   Thumb Code    18  stm32f4xx_tim.o(.text)
    TIM_ClearOC4Ref                          0x08002f87   Thumb Code    24  stm32f4xx_tim.o(.text)
    TIM_OC1PolarityConfig                    0x08002f9f   Thumb Code    18  stm32f4xx_tim.o(.text)
    TIM_OC1NPolarityConfig                   0x08002fb1   Thumb Code    18  stm32f4xx_tim.o(.text)
    TIM_OC2PolarityConfig                    0x08002fc3   Thumb Code    26  stm32f4xx_tim.o(.text)
    TIM_OC2NPolarityConfig                   0x08002fdd   Thumb Code    26  stm32f4xx_tim.o(.text)
    TIM_OC3PolarityConfig                    0x08002ff7   Thumb Code    26  stm32f4xx_tim.o(.text)
    TIM_OC3NPolarityConfig                   0x08003011   Thumb Code    26  stm32f4xx_tim.o(.text)
    TIM_OC4PolarityConfig                    0x0800302b   Thumb Code    26  stm32f4xx_tim.o(.text)
    TIM_CCxCmd                               0x08003045   Thumb Code    30  stm32f4xx_tim.o(.text)
    TIM_CCxNCmd                              0x08003063   Thumb Code    30  stm32f4xx_tim.o(.text)
    TIM_SetIC4Prescaler                      0x08003081   Thumb Code    26  stm32f4xx_tim.o(.text)
    TIM_SetIC3Prescaler                      0x080030eb   Thumb Code    18  stm32f4xx_tim.o(.text)
    TIM_SetIC2Prescaler                      0x08003145   Thumb Code    26  stm32f4xx_tim.o(.text)
    TIM_SetIC1Prescaler                      0x080031b9   Thumb Code    18  stm32f4xx_tim.o(.text)
    TIM_ICInit                               0x08003205   Thumb Code   110  stm32f4xx_tim.o(.text)
    TIM_ICStructInit                         0x08003273   Thumb Code    18  stm32f4xx_tim.o(.text)
    TIM_PWMIConfig                           0x08003285   Thumb Code   124  stm32f4xx_tim.o(.text)
    TIM_GetCapture1                          0x08003301   Thumb Code     6  stm32f4xx_tim.o(.text)
    TIM_GetCapture2                          0x08003307   Thumb Code     6  stm32f4xx_tim.o(.text)
    TIM_GetCapture3                          0x0800330d   Thumb Code     6  stm32f4xx_tim.o(.text)
    TIM_GetCapture4                          0x08003313   Thumb Code     6  stm32f4xx_tim.o(.text)
    TIM_BDTRConfig                           0x08003319   Thumb Code    32  stm32f4xx_tim.o(.text)
    TIM_BDTRStructInit                       0x08003339   Thumb Code    18  stm32f4xx_tim.o(.text)
    TIM_CtrlPWMOutputs                       0x0800334b   Thumb Code    30  stm32f4xx_tim.o(.text)
    TIM_SelectCOM                            0x08003369   Thumb Code    24  stm32f4xx_tim.o(.text)
    TIM_CCPreloadControl                     0x08003381   Thumb Code    24  stm32f4xx_tim.o(.text)
    TIM_ITConfig                             0x08003399   Thumb Code    18  stm32f4xx_tim.o(.text)
    TIM_GenerateEvent                        0x080033ab   Thumb Code     4  stm32f4xx_tim.o(.text)
    TIM_GetFlagStatus                        0x080033af   Thumb Code    18  stm32f4xx_tim.o(.text)
    TIM_ClearFlag                            0x080033c1   Thumb Code     6  stm32f4xx_tim.o(.text)
    TIM_GetITStatus                          0x080033c7   Thumb Code    34  stm32f4xx_tim.o(.text)
    TIM_ClearITPendingBit                    0x080033e9   Thumb Code     6  stm32f4xx_tim.o(.text)
    TIM_DMAConfig                            0x080033ef   Thumb Code    10  stm32f4xx_tim.o(.text)
    TIM_DMACmd                               0x080033f9   Thumb Code    18  stm32f4xx_tim.o(.text)
    TIM_SelectCCDMA                          0x0800340b   Thumb Code    24  stm32f4xx_tim.o(.text)
    TIM_InternalClockConfig                  0x08003423   Thumb Code    12  stm32f4xx_tim.o(.text)
    TIM_SelectInputTrigger                   0x0800342f   Thumb Code    18  stm32f4xx_tim.o(.text)
    TIM_ITRxExternalClockConfig              0x08003441   Thumb Code    24  stm32f4xx_tim.o(.text)
    TIM_TIxExternalClockConfig               0x08003459   Thumb Code    62  stm32f4xx_tim.o(.text)
    TIM_ETRConfig                            0x08003497   Thumb Code    28  stm32f4xx_tim.o(.text)
    TIM_ETRClockMode1Config                  0x080034b3   Thumb Code    54  stm32f4xx_tim.o(.text)
    TIM_ETRClockMode2Config                  0x080034e9   Thumb Code    32  stm32f4xx_tim.o(.text)
    TIM_SelectOutputTrigger                  0x08003509   Thumb Code    18  stm32f4xx_tim.o(.text)
    TIM_SelectSlaveMode                      0x0800351b   Thumb Code    18  stm32f4xx_tim.o(.text)
    TIM_SelectMasterSlaveMode                0x0800352d   Thumb Code    18  stm32f4xx_tim.o(.text)
    TIM_EncoderInterfaceConfig               0x0800353f   Thumb Code    66  stm32f4xx_tim.o(.text)
    TIM_SelectHallSensor                     0x08003581   Thumb Code    24  stm32f4xx_tim.o(.text)
    TIM_RemapConfig                          0x08003599   Thumb Code     6  stm32f4xx_tim.o(.text)
    USART_DeInit                             0x080035a1   Thumb Code   156  stm32f4xx_usart.o(.text)
    USART_Init                               0x0800363d   Thumb Code   204  stm32f4xx_usart.o(.text)
    USART_StructInit                         0x08003709   Thumb Code    24  stm32f4xx_usart.o(.text)
    USART_ClockInit                          0x08003721   Thumb Code    32  stm32f4xx_usart.o(.text)
    USART_ClockStructInit                    0x08003741   Thumb Code    12  stm32f4xx_usart.o(.text)
    USART_Cmd                                0x0800374d   Thumb Code    24  stm32f4xx_usart.o(.text)
    USART_SetPrescaler                       0x08003765   Thumb Code    16  stm32f4xx_usart.o(.text)
    USART_OverSampling8Cmd                   0x08003775   Thumb Code    22  stm32f4xx_usart.o(.text)
    USART_OneBitMethodCmd                    0x0800378b   Thumb Code    24  stm32f4xx_usart.o(.text)
    USART_SendData                           0x080037a3   Thumb Code     8  stm32f4xx_usart.o(.text)
    USART_ReceiveData                        0x080037ab   Thumb Code    10  stm32f4xx_usart.o(.text)
    USART_SetAddress                         0x080037b5   Thumb Code    18  stm32f4xx_usart.o(.text)
    USART_ReceiverWakeUpCmd                  0x080037c7   Thumb Code    24  stm32f4xx_usart.o(.text)
    USART_WakeUpConfig                       0x080037df   Thumb Code    18  stm32f4xx_usart.o(.text)
    USART_LINBreakDetectLengthConfig         0x080037f1   Thumb Code    18  stm32f4xx_usart.o(.text)
    USART_LINCmd                             0x08003803   Thumb Code    24  stm32f4xx_usart.o(.text)
    USART_SendBreak                          0x0800381b   Thumb Code    10  stm32f4xx_usart.o(.text)
    USART_HalfDuplexCmd                      0x08003825   Thumb Code    24  stm32f4xx_usart.o(.text)
    USART_SetGuardTime                       0x0800383d   Thumb Code    16  stm32f4xx_usart.o(.text)
    USART_SmartCardCmd                       0x0800384d   Thumb Code    24  stm32f4xx_usart.o(.text)
    USART_SmartCardNACKCmd                   0x08003865   Thumb Code    24  stm32f4xx_usart.o(.text)
    USART_IrDAConfig                         0x0800387d   Thumb Code    18  stm32f4xx_usart.o(.text)
    USART_IrDACmd                            0x0800388f   Thumb Code    24  stm32f4xx_usart.o(.text)
    USART_DMACmd                             0x080038a7   Thumb Code    18  stm32f4xx_usart.o(.text)
    USART_ITConfig                           0x080038b9   Thumb Code    74  stm32f4xx_usart.o(.text)
    USART_GetFlagStatus                      0x08003903   Thumb Code    26  stm32f4xx_usart.o(.text)
    USART_ClearFlag                          0x0800391d   Thumb Code    18  stm32f4xx_usart.o(.text)
    USART_GetITStatus                        0x0800392f   Thumb Code   110  stm32f4xx_usart.o(.text)
    USART_ClearITPendingBit                  0x0800399d   Thumb Code    30  stm32f4xx_usart.o(.text)
    SystemInit                               0x08003a99   Thumb Code    88  system_stm32f4xx.o(.text)
    SystemCoreClockUpdate                    0x08003af1   Thumb Code   174  system_stm32f4xx.o(.text)
    GetWorkState                             0x08003bd3   Thumb Code     6  controltask.o(.text)
    CMControlLoop                            0x08003bd9   Thumb Code   904  controltask.o(.text)
    ControtLoopTaskInit                      0x08003f61   Thumb Code    44  controltask.o(.text)
    WorkStateFSM                             0x08004009   Thumb Code   162  controltask.o(.text)
    Control_Task                             0x080040ab   Thumb Code    36  controltask.o(.text)
    GetRemoteSwitchAction                    0x080040dd   Thumb Code   120  remotetask.o(.text)
    IsRemoteBeingAction                      0x08004155   Thumb Code   238  remotetask.o(.text)
    SetInputMode                             0x08004243   Thumb Code    36  remotetask.o(.text)
    GetInputMode                             0x08004267   Thumb Code     6  remotetask.o(.text)
    RemoteShootControl                       0x0800426d   Thumb Code    48  remotetask.o(.text)
    MouseShootControl                        0x0800429d   Thumb Code    78  remotetask.o(.text)
    GimbalAngleLimit                         0x080042eb   Thumb Code    60  remotetask.o(.text)
    MouseKeyControlProcess                   0x08004327   Thumb Code   852  remotetask.o(.text)
    RemoteControlProcess                     0x0800467b   Thumb Code   494  remotetask.o(.text)
    RemoteDataPrcess                         0x08004869   Thumb Code   216  remotetask.o(.text)
    GetShootState                            0x08004941   Thumb Code     6  remotetask.o(.text)
    SetShootState                            0x08004947   Thumb Code    90  remotetask.o(.text)
    GetFrictionState                         0x080049a1   Thumb Code     6  remotetask.o(.text)
    SetFrictionState                         0x080049a7   Thumb Code     6  remotetask.o(.text)
    RemoteTaskInit                           0x080049ad   Thumb Code    78  remotetask.o(.text)
    GetEncoderBias                           0x08004a19   Thumb Code    26  canbustask.o(.text)
    EncoderProcess                           0x08004a33   Thumb Code   202  canbustask.o(.text)
    CanReceiveMsgProcess                     0x08004afd   Thumb Code   408  canbustask.o(.text)
    Set_CM_Speed                             0x08004c95   Thumb Code    92  canbustask.o(.text)
    Set_Gimbal_Current                       0x08004cf1   Thumb Code    82  canbustask.o(.text)
    FIFO_Init                                0x08004d81   Thumb Code    78  fifo.o(.text)
    FIFO_Create                              0x08004dcf   Thumb Code    80  fifo.o(.text)
    FIFO_Destory                             0x08004e1f   Thumb Code    40  fifo.o(.text)
    FIFO_S_Init                              0x08004e47   Thumb Code    62  fifo.o(.text)
    FIFO_S_Create                            0x08004e85   Thumb Code    60  fifo.o(.text)
    FIFO_S_Destory                           0x08004ec1   Thumb Code    40  fifo.o(.text)
    FIFO_Put                                 0x08004ee9   Thumb Code   106  fifo.o(.text)
    FIFO_S_Put                               0x08004f53   Thumb Code    68  fifo.o(.text)
    FIFO_S_Puts                              0x08004f97   Thumb Code    98  fifo.o(.text)
    FIFO_Get                                 0x08004ff9   Thumb Code   106  fifo.o(.text)
    FIFO_S_Get                               0x08005063   Thumb Code    58  fifo.o(.text)
    FIFO_GetHead                             0x0800509d   Thumb Code   162  fifo.o(.text)
    FIFO_S_GetHead                           0x0800513f   Thumb Code    76  fifo.o(.text)
    FIFO_PreRead                             0x0800518b   Thumb Code   108  fifo.o(.text)
    FIFO_S_PreRead                           0x080051f7   Thumb Code    48  fifo.o(.text)
    FIFO_IsEmpty                             0x08005227   Thumb Code    24  fifo.o(.text)
    FIFO_S_IsEmpty                           0x0800523f   Thumb Code    24  fifo.o(.text)
    FIFO_IsFull                              0x08005257   Thumb Code    24  fifo.o(.text)
    FIFO_S_IsFull                            0x0800526f   Thumb Code    24  fifo.o(.text)
    FIFO_CountUsed                           0x08005287   Thumb Code    16  fifo.o(.text)
    FIFO_S_CountUsed                         0x08005297   Thumb Code    16  fifo.o(.text)
    FIFO_CountFree                           0x080052a7   Thumb Code    16  fifo.o(.text)
    FIFO_S_CountFree                         0x080052b7   Thumb Code    16  fifo.o(.text)
    FIFO_Flush                               0x080052c7   Thumb Code    50  fifo.o(.text)
    FIFO_S_Flush                             0x080052f9   Thumb Code    44  fifo.o(.text)
    RampInit                                 0x08005325   Thumb Code     8  ramp.o(.text)
    RampCalc                                 0x0800532d   Thumb Code    66  ramp.o(.text)
    RampSetCounter                           0x0800536f   Thumb Code     4  ramp.o(.text)
    RampResetCounter                         0x08005373   Thumb Code     6  ramp.o(.text)
    RampSetScale                             0x08005379   Thumb Code     4  ramp.o(.text)
    RampIsOverflow                           0x0800537d   Thumb Code    18  ramp.o(.text)
    LostCounterFeed                          0x08005395   Thumb Code     8  lostcounter.o(.text)
    LostCounterCount                         0x0800539d   Thumb Code    10  lostcounter.o(.text)
    LostCounterOverflowCheck                 0x080053a7   Thumb Code    14  lostcounter.o(.text)
    PID_Reset                                0x080053b5   Thumb Code    50  pid_regulator.o(.text)
    PID_Calc                                 0x080053e7   Thumb Code   234  pid_regulator.o(.text)
    __aeabi_dadd                             0x080054d5   Thumb Code   322  dadd.o(.text)
    __aeabi_dsub                             0x08005617   Thumb Code     6  dadd.o(.text)
    __aeabi_drsub                            0x0800561d   Thumb Code     6  dadd.o(.text)
    __aeabi_dmul                             0x08005623   Thumb Code   228  dmul.o(.text)
    __aeabi_i2d                              0x08005707   Thumb Code    34  dflti.o(.text)
    __aeabi_ui2d                             0x08005729   Thumb Code    26  dfltui.o(.text)
    __aeabi_d2iz                             0x08005743   Thumb Code    62  dfixi.o(.text)
    __aeabi_d2uiz                            0x08005781   Thumb Code    50  dfixui.o(.text)
    __aeabi_f2d                              0x080057b3   Thumb Code    38  f2d.o(.text)
    __aeabi_cdcmpeq                          0x080057d9   Thumb Code     0  cdcmple.o(.text)
    __aeabi_cdcmple                          0x080057d9   Thumb Code    38  cdcmple.o(.text)
    __aeabi_cdrcmple                         0x08005801   Thumb Code    38  cdrcmple.o(.text)
    __aeabi_d2f                              0x08005829   Thumb Code    56  d2f.o(.text)
    __aeabi_uidiv                            0x08005861   Thumb Code     0  uidiv.o(.text)
    __aeabi_uidivmod                         0x08005861   Thumb Code    44  uidiv.o(.text)
    __aeabi_uldivmod                         0x0800588d   Thumb Code    98  uldiv.o(.text)
    __aeabi_llsl                             0x080058ef   Thumb Code    30  llshl.o(.text)
    _ll_shift_l                              0x080058ef   Thumb Code     0  llshl.o(.text)
    __aeabi_llsr                             0x0800590d   Thumb Code    32  llushr.o(.text)
    _ll_ushift_r                             0x0800590d   Thumb Code     0  llushr.o(.text)
    __aeabi_lasr                             0x0800592d   Thumb Code    36  llsshr.o(.text)
    _ll_sshift_r                             0x0800592d   Thumb Code     0  llsshr.o(.text)
    __I$use$fp                               0x08005951   Thumb Code     0  iusefp.o(.text)
    _float_round                             0x08005951   Thumb Code    18  fepilogue.o(.text)
    _float_epilogue                          0x08005963   Thumb Code    92  fepilogue.o(.text)
    _double_round                            0x080059bf   Thumb Code    26  depilogue.o(.text)
    _double_epilogue                         0x080059d9   Thumb Code   156  depilogue.o(.text)
    __aeabi_ddiv                             0x08005a75   Thumb Code   222  ddiv.o(.text)
    __aeabi_d2ulz                            0x08005b53   Thumb Code    48  dfixul.o(.text)
    __scatterload                            0x08005b85   Thumb Code    28  init.o(.text)
    __scatterload_rt2                        0x08005b85   Thumb Code     0  init.o(.text)
    __decompress                             0x08005ba9   Thumb Code     0  __dczerorl2.o(.text)
    __decompress1                            0x08005ba9   Thumb Code    86  __dczerorl2.o(.text)
    __0printf                                0x08005c01   Thumb Code    22  printfa.o(i.__0printf)
    __1printf                                0x08005c01   Thumb Code     0  printfa.o(i.__0printf)
    __2printf                                0x08005c01   Thumb Code     0  printfa.o(i.__0printf)
    __c89printf                              0x08005c01   Thumb Code     0  printfa.o(i.__0printf)
    printf                                   0x08005c01   Thumb Code     0  printfa.o(i.__0printf)
    __hardfp_fabs                            0x08005c21   Thumb Code    20  fabs.o(i.__hardfp_fabs)
    __scatterload_copy                       0x08005c35   Thumb Code    14  handlers.o(i.__scatterload_copy)
    __scatterload_null                       0x08005c43   Thumb Code     2  handlers.o(i.__scatterload_null)
    __scatterload_zeroinit                   0x08005c45   Thumb Code    14  handlers.o(i.__scatterload_zeroinit)
    free                                     0x080064e9   Thumb Code    76  malloc.o(i.free)
    malloc                                   0x08006539   Thumb Code    92  malloc.o(i.malloc)
    Region$$Table$$Base                      0x080065a4   Number         0  anon$$obj.o(Region$$Table)
    Region$$Table$$Limit                     0x080065c4   Number         0  anon$$obj.o(Region$$Table)
    aim                                      0x20000000   Data           4  timer.o(.data)
    pre                                      0x20000004   Data           4  timer.o(.data)
    initial                                  0x20000008   Data           4  timer.o(.data)
    last                                     0x2000000c   Data           4  timer.o(.data)
    pk                                       0x20000010   Data           4  timer.o(.data)
    pi                                       0x20000014   Data           4  timer.o(.data)
    pd                                       0x20000018   Data           4  timer.o(.data)
    current                                  0x2000001c   Data           4  timer.o(.data)
    flag                                     0x20000020   Data           4  timer.o(.data)
    mysum                                    0x20000024   Data           4  timer.o(.data)
    mysum1                                   0x20000028   Data           4  timer.o(.data)
    ms_count                                 0x2000002c   Data           4  timer.o(.data)
    UART_TranFifo                            0x20000034   Data           4  usart3.o(.data)
    receive_from_pi                          0x20000038   Data           1  usart3.o(.data)
    remote_mode                              0x20000039   Data           1  usart3.o(.data)
    SystemCoreClock                          0x2000004c   Data           4  system_stm32f4xx.o(.data)
    AHBPrescTable                            0x20000050   Data          16  system_stm32f4xx.o(.data)
    CMRotatePID                              0x20000060   Data          80  controltask.o(.data)
    CM1SpeedPID                              0x200000b0   Data          80  controltask.o(.data)
    CM2SpeedPID                              0x20000100   Data          80  controltask.o(.data)
    CM3SpeedPID                              0x20000150   Data          80  controltask.o(.data)
    CM4SpeedPID                              0x200001a0   Data          80  controltask.o(.data)
    lastWorkState                            0x200001f0   Data           1  controltask.o(.data)
    workState                                0x200001f1   Data           1  controltask.o(.data)
    GMPitchRamp                              0x200001f4   Data          36  controltask.o(.data)
    GMYawRamp                                0x20000218   Data          36  controltask.o(.data)
    error_now                                0x2000023c   Data           4  controltask.o(.data)
    error_last                               0x20000240   Data           4  controltask.o(.data)
    error_now_yaw                            0x20000244   Data           4  controltask.o(.data)
    error_last_yaw                           0x20000248   Data           4  controltask.o(.data)
    pwm_ccr                                  0x2000024c   Data           2  controltask.o(.data)
    ChassisSpeedRef                          0x20000254   Data           6  remotetask.o(.data)
    friction_wheel_state                     0x2000025a   Data           1  remotetask.o(.data)
    frictionRamp                             0x20000260   Data          36  remotetask.o(.data)
    LRSpeedRamp                              0x20000284   Data          36  remotetask.o(.data)
    FBSpeedRamp                              0x200002a8   Data          36  remotetask.o(.data)
    ZGyroModuleAngle                         0x200002d8   Data           4  canbustask.o(.data)
    sum                                      0x200002dc   Data           4  canbustask.o(.data)
    __stdout                                 0x200002e0   Data           4  stdout.o(.data)
    __microlib_freelist                      0x200002e4   Data           4  mvars.o(.data)
    __microlib_freelist_initialised          0x200002e8   Data           4  mvars.o(.data)
    RC_CtrlData                              0x2000042c   Data          22  remotetask.o(.bss)
    GimbalRef                                0x20000444   Data          24  remotetask.o(.bss)
    CM1Encoder                               0x20000474   Data          68  canbustask.o(.bss)
    CM2Encoder                               0x200004b8   Data          68  canbustask.o(.bss)
    CM3Encoder                               0x200004fc   Data          68  canbustask.o(.bss)
    CM4Encoder                               0x20000540   Data          68  canbustask.o(.bss)
    GMYawEncoder                             0x20000584   Data          68  canbustask.o(.bss)
    GMPitchEncoder                           0x200005c8   Data          68  canbustask.o(.bss)
    __heap_base                              0x20000610   Data           0  startup_stm32f4xx.o(HEAP)
    __heap_limit                             0x20000810   Data           0  startup_stm32f4xx.o(HEAP)
    __initial_sp                             0x20001210   Data           0  startup_stm32f4xx.o(STACK)



==============================================================================

Memory Map of the image

  Image Entry point : 0x08000189

  Load Region LR_IROM1 (Base: 0x08000000, Size: 0x000068b0, Max: 0x00100000, ABSOLUTE, COMPRESSED[0x00006638])

    Execution Region ER_IROM1 (Base: 0x08000000, Size: 0x000065c4, Max: 0x00100000, ABSOLUTE)

    Base Addr    Size         Type   Attr      Idx    E Section Name        Object

    0x08000000   0x00000188   Data   RO          506    RESET               startup_stm32f4xx.o
    0x08000188   0x00000000   Code   RO         1303  * .ARM.Collect$$$$00000000  mc_w.l(entry.o)
    0x08000188   0x00000004   Code   RO         1615    .ARM.Collect$$$$00000001  mc_w.l(entry2.o)
    0x0800018c   0x00000004   Code   RO         1618    .ARM.Collect$$$$00000004  mc_w.l(entry5.o)
    0x08000190   0x00000000   Code   RO         1620    .ARM.Collect$$$$00000008  mc_w.l(entry7b.o)
    0x08000190   0x00000000   Code   RO         1622    .ARM.Collect$$$$0000000A  mc_w.l(entry8b.o)
    0x08000190   0x00000008   Code   RO         1623    .ARM.Collect$$$$0000000B  mc_w.l(entry9a.o)
    0x08000198   0x00000000   Code   RO         1625    .ARM.Collect$$$$0000000D  mc_w.l(entry10a.o)
    0x08000198   0x00000000   Code   RO         1627    .ARM.Collect$$$$0000000F  mc_w.l(entry11a.o)
    0x08000198   0x00000004   Code   RO         1616    .ARM.Collect$$$$00002712  mc_w.l(entry2.o)
    0x0800019c   0x00000054   Code   RO            3    .text               main.o
    0x080001f0   0x00000040   Code   RO          212    .text               led.o
    0x08000230   0x00000002   Code   RO          232    .text               gun.o
    0x08000232   0x00000002   PAD
    0x08000234   0x000001ac   Code   RO          255    .text               can1.o
    0x080003e0   0x00000150   Code   RO          275    .text               can2.o
    0x08000530   0x0000006c   Code   RO          298    .text               delay.o
    0x0800059c   0x00000104   Code   RO          318    .text               exti.o
    0x080006a0   0x000005e0   Code   RO          358    .text               timer.o
    0x08000c80   0x00000208   Code   RO          381    .text               usart1.o
    0x08000e88   0x00000234   Code   RO          410    .text               usart3.o
    0x080010bc   0x00000024   Code   RO          507    .text               startup_stm32f4xx.o
    0x080010e0   0x00000018   Code   RO          511    .text               stm32f4xx_it.o
    0x080010f8   0x000000e0   Code   RO          525    .text               misc.o
    0x080011d8   0x000009f0   Code   RO          594    .text               stm32f4xx_can.o
    0x08001bc8   0x000003a8   Code   RO          663    .text               stm32f4xx_dma.o
    0x08001f70   0x0000011c   Code   RO          686    .text               stm32f4xx_exti.o
    0x0800208c   0x0000025c   Code   RO          732    .text               stm32f4xx_gpio.o
    0x080022e8   0x00000588   Code   RO          778    .text               stm32f4xx_rcc.o
    0x08002870   0x0000008c   Code   RO          826    .text               stm32f4xx_syscfg.o
    0x080028fc   0x00000ca2   Code   RO          849    .text               stm32f4xx_tim.o
    0x0800359e   0x00000002   PAD
    0x080035a0   0x0000041a   Code   RO          872    .text               stm32f4xx_usart.o
    0x080039ba   0x00000002   PAD
    0x080039bc   0x00000210   Code   RO          895    .text               system_stm32f4xx.o
    0x08003bcc   0x00000510   Code   RO          944    .text               controltask.o
    0x080040dc   0x0000093c   Code   RO          970    .text               remotetask.o
    0x08004a18   0x00000368   Code   RO          998    .text               canbustask.o
    0x08004d80   0x000005a4   Code   RO         1025    .text               RMLib.lib(fifo.o)
    0x08005324   0x00000070   Code   RO         1117    .text               RMLib.lib(ramp.o)
    0x08005394   0x00000020   Code   RO         1250    .text               RMLib.lib(lostcounter.o)
    0x080053b4   0x00000120   Code   RO         1273    .text               RMLib.lib(pid_regulator.o)
    0x080054d4   0x0000014e   Code   RO         1595    .text               mf_w.l(dadd.o)
    0x08005622   0x000000e4   Code   RO         1597    .text               mf_w.l(dmul.o)
    0x08005706   0x00000022   Code   RO         1599    .text               mf_w.l(dflti.o)
    0x08005728   0x0000001a   Code   RO         1601    .text               mf_w.l(dfltui.o)
    0x08005742   0x0000003e   Code   RO         1603    .text               mf_w.l(dfixi.o)
    0x08005780   0x00000032   Code   RO         1605    .text               mf_w.l(dfixui.o)
    0x080057b2   0x00000026   Code   RO         1607    .text               mf_w.l(f2d.o)
    0x080057d8   0x00000028   Code   RO         1609    .text               mf_w.l(cdcmple.o)
    0x08005800   0x00000028   Code   RO         1611    .text               mf_w.l(cdrcmple.o)
    0x08005828   0x00000038   Code   RO         1613    .text               mf_w.l(d2f.o)
    0x08005860   0x0000002c   Code   RO         1630    .text               mc_w.l(uidiv.o)
    0x0800588c   0x00000062   Code   RO         1632    .text               mc_w.l(uldiv.o)
    0x080058ee   0x0000001e   Code   RO         1634    .text               mc_w.l(llshl.o)
    0x0800590c   0x00000020   Code   RO         1636    .text               mc_w.l(llushr.o)
    0x0800592c   0x00000024   Code   RO         1638    .text               mc_w.l(llsshr.o)
    0x08005950   0x00000000   Code   RO         1646    .text               mc_w.l(iusefp.o)
    0x08005950   0x0000006e   Code   RO         1647    .text               mf_w.l(fepilogue.o)
    0x080059be   0x000000b6   Code   RO         1649    .text               mf_w.l(depilogue.o)
    0x08005a74   0x000000de   Code   RO         1651    .text               mf_w.l(ddiv.o)
    0x08005b52   0x00000030   Code   RO         1653    .text               mf_w.l(dfixul.o)
    0x08005b82   0x00000002   PAD
    0x08005b84   0x00000024   Code   RO         1655    .text               mc_w.l(init.o)
    0x08005ba8   0x00000056   Code   RO         1665    .text               mc_w.l(__dczerorl2.o)
    0x08005bfe   0x00000002   PAD
    0x08005c00   0x00000020   Code   RO         1539    i.__0printf         mc_w.l(printfa.o)
    0x08005c20   0x00000014   Code   RO         1297    i.__hardfp_fabs     m_wm.l(fabs.o)
    0x08005c34   0x0000000e   Code   RO         1659    i.__scatterload_copy  mc_w.l(handlers.o)
    0x08005c42   0x00000002   Code   RO         1660    i.__scatterload_null  mc_w.l(handlers.o)
    0x08005c44   0x0000000e   Code   RO         1661    i.__scatterload_zeroinit  mc_w.l(handlers.o)
    0x08005c52   0x00000002   PAD
    0x08005c54   0x00000164   Code   RO         1546    i._fp_digits        mc_w.l(printfa.o)
    0x08005db8   0x000006dc   Code   RO         1547    i._printf_core      mc_w.l(printfa.o)
    0x08006494   0x00000024   Code   RO         1548    i._printf_post_padding  mc_w.l(printfa.o)
    0x080064b8   0x0000002e   Code   RO         1549    i._printf_pre_padding  mc_w.l(printfa.o)
    0x080064e6   0x00000002   PAD
    0x080064e8   0x00000050   Code   RO         1567    i.free              mc_w.l(malloc.o)
    0x08006538   0x0000006c   Code   RO         1568    i.malloc            mc_w.l(malloc.o)
    0x080065a4   0x00000020   Data   RO         1657    Region$$Table       anon$$obj.o


    Execution Region RW_IRAM1 (Base: 0x20000000, Size: 0x00001210, Max: 0x00020000, ABSOLUTE, COMPRESSED[0x00000074])

    Base Addr    Size         Type   Attr      Idx    E Section Name        Object

    0x20000000   0x00000030   Data   RW          359    .data               timer.o
    0x20000030   0x00000004   Data   RW          383    .data               usart1.o
    0x20000034   0x00000006   Data   RW          412    .data               usart3.o
    0x2000003a   0x00000010   Data   RW          779    .data               stm32f4xx_rcc.o
    0x2000004a   0x00000002   PAD
    0x2000004c   0x00000014   Data   RW          896    .data               system_stm32f4xx.o
    0x20000060   0x000001f4   Data   RW          945    .data               controltask.o
    0x20000254   0x00000080   Data   RW          972    .data               remotetask.o
    0x200002d4   0x0000000c   Data   RW         1000    .data               canbustask.o
    0x200002e0   0x00000004   Data   RW         1629    .data               mc_w.l(stdout.o)
    0x200002e4   0x00000004   Data   RW         1644    .data               mc_w.l(mvars.o)
    0x200002e8   0x00000004   Data   RW         1645    .data               mc_w.l(mvars.o)
    0x200002ec   0x0000013e   Zero   RW          382    .bss                usart1.o
    0x2000042a   0x00000002   PAD
    0x2000042c   0x00000047   Zero   RW          971    .bss                remotetask.o
    0x20000473   0x00000001   PAD
    0x20000474   0x00000198   Zero   RW          999    .bss                canbustask.o
    0x2000060c   0x00000004   PAD
    0x20000610   0x00000200   Zero   RW          505    HEAP                startup_stm32f4xx.o
    0x20000810   0x00000a00   Zero   RW          504    STACK               startup_stm32f4xx.o


==============================================================================

Image component sizes


      Code (inc. data)   RO Data    RW Data    ZI Data      Debug   Object Name

       428         12          0          0          0       1285   can1.o
       336          8          0          0          0       1064   can2.o
       872         62          0         12        408       3092   canbustask.o
      1296        114          0        500          0       4777   controltask.o
       108          0          0          0          0       1214   delay.o
       260          8          0          0          0        935   exti.o
         2          0          0          0          0        440   gun.o
        64          6          0          0          0        512   led.o
        84         12          0          0          0     288339   main.o
       224         20          0          0          0     210881   misc.o
      2364        192          0        128         71       7902   remotetask.o
        36          8        392          0       3072        816   startup_stm32f4xx.o
      2544         38          0          0          0      16200   stm32f4xx_can.o
       936         32          0          0          0      18841   stm32f4xx_dma.o
       284         10          0          0          0       4635   stm32f4xx_exti.o
       604         36          0          0          0      10357   stm32f4xx_gpio.o
        24          0          0          0          0       1142   stm32f4xx_it.o
      1416         48          0         16          0      23795   stm32f4xx_rcc.o
       140         12          0          0          0       1683   stm32f4xx_syscfg.o
      3234         60          0          0          0      42008   stm32f4xx_tim.o
      1050         26          0          0          0      13676   stm32f4xx_usart.o
       528         46          0         20          0       1859   system_stm32f4xx.o
      1504        118          0         48          0       3951   timer.o
       520         30          0          4        318       2725   usart1.o
       564         16          0          6          0       3909   usart3.o

    ----------------------------------------------------------------------
     19428        914        424        736       3876     666038   Object Totals
         0          0         32          0          0          0   (incl. Generated)
         6          0          0          2          7          0   (incl. Padding)

    ----------------------------------------------------------------------

      Code (inc. data)   RO Data    RW Data    ZI Data      Debug   Library Member Name

      1444          0          0          0          0      11304   fifo.o
        32          0          0          0          0       1640   lostcounter.o
       288          4          0          0          0       1785   pid_regulator.o
       112          6          0          0          0       2612   ramp.o
        20          0          0          0          0        124   fabs.o
        86          0          0          0          0          0   __dczerorl2.o
         0          0          0          0          0          0   entry.o
         0          0          0          0          0          0   entry10a.o
         0          0          0          0          0          0   entry11a.o
         8          4          0          0          0          0   entry2.o
         4          0          0          0          0          0   entry5.o
         0          0          0          0          0          0   entry7b.o
         0          0          0          0          0          0   entry8b.o
         8          4          0          0          0          0   entry9a.o
        30          0          0          0          0          0   handlers.o
        36          8          0          0          0         68   init.o
         0          0          0          0          0          0   iusefp.o
        30          0          0          0          0         68   llshl.o
        36          0          0          0          0         68   llsshr.o
        32          0          0          0          0         68   llushr.o
       188         20          0          0          0        160   malloc.o
         0          0          0          8          0          0   mvars.o
      2226         90          0          0          0        444   printfa.o
         0          0          0          4          0          0   stdout.o
        44          0          0          0          0         80   uidiv.o
        98          0          0          0          0         92   uldiv.o
        40          2          0          0          0         68   cdcmple.o
        40          2          0          0          0         68   cdrcmple.o
        56          0          0          0          0         88   d2f.o
       334          0          0          0          0        148   dadd.o
       222          0          0          0          0        100   ddiv.o
       182          0          0          0          0        176   depilogue.o
        62          0          0          0          0         80   dfixi.o
        50          0          0          0          0         76   dfixui.o
        48          0          0          0          0         68   dfixul.o
        34          0          0          0          0         76   dflti.o
        26          0          0          0          0         76   dfltui.o
       228          0          0          0          0         96   dmul.o
        38          0          0          0          0         68   f2d.o
       110          0          0          0          0        168   fepilogue.o

    ----------------------------------------------------------------------
      6200        140          0         12          0      19869   Library Totals
         8          0          0          0          0          0   (incl. Padding)

    ----------------------------------------------------------------------

      Code (inc. data)   RO Data    RW Data    ZI Data      Debug   Library Name

      1876         10          0          0          0      17341   RMLib.lib
        20          0          0          0          0        124   m_wm.l
      2826        126          0         12          0       1048   mc_w.l
      1470          4          0          0          0       1356   mf_w.l

    ----------------------------------------------------------------------
      6200        140          0         12          0      19869   Library Totals

    ----------------------------------------------------------------------

==============================================================================


      Code (inc. data)   RO Data    RW Data    ZI Data      Debug   

     25628       1054        424        748       3876     678843   Grand Totals
     25628       1054        424        116       3876     678843   ELF Image Totals (compressed)
     25628       1054        424        116          0          0   ROM Totals

==============================================================================

    Total RO  Size (Code + RO Data)                26052 (  25.44kB)
    Total RW  Size (RW Data + ZI Data)              4624 (   4.52kB)
    Total ROM Size (Code + RO Data + RW Data)      26168 (  25.55kB)

==============================================================================

