<html>
<body>
<pre>
<h1>礦ision Build Log</h1>
<h2>Project:</h2>
D:\BaiduYunDownload\成就机甲大师之路\SYSU_RM.uvprojx
Project File Date:  09/09/2017

<h2>Output:</h2>
Build target 'Target 1'
compiling main.c...
User\main.c(20): warning:  #223-D: function "control1" declared implicitly
                                                control1(360);
User\main.c(22): warning:  #111-D: statement is unreachable
                                                delay_ms(3000); 
User\main.c(33): warning:  #128-D: loop is not reachable
        while(1){
User\main.c(40): warning:  #111-D: statement is unreachable
        USART1_Configuration(100000);        
User\main.c: 4 warnings, 0 errors
linking...
Program Size: Code=25628 RO-data=424 RW-data=748 ZI-data=3876  
After Build - User command #1: fromelf.exe  --bin -o ./bin/RM2016_Infantry.bin ./Outputs/RM2016_Infantry.axf
".\Outputs\RM2016_Infantry.axf" - 0 Error(s), 4 Warning(s).

<h2>Software Packages used:</h2>

Package Vendor: ARM
                http://www.keil.com/pack/ARM.CMSIS.3.20.4.pack
                ARM::CMSIS:CORE:3.20.0
                Cortex Microcontroller Software Interface Standard (CMSIS) CORE, DSP, RTOS, Driver
   * Component: CORE Version: 3.20.0

<h2>Collection of Component include folders:</h2>
  D:\BaiduYunDownload\成就机甲大师之路\RTE
  F:\Keil_v5\ARM\PACK\ARM\CMSIS\3.20.4\CMSIS\Include
  F:\Keil_v5\ARM\PACK\Keil\STM32F4xx_DFP\1.0.5\Device\Include

<h2>Collection of Component Files used:</h2>

   * Component: ARM::CMSIS:CORE:3.20.0
Load "D:\\BaiduYunDownload\\成就机甲大师之路\\Outputs\\RM2016_Infantry.axf" 
Erase Done.
Programming Done.
Verify OK.
</pre>
</body>
</html>
